[2023-11-30T22:31:50.894+0530][gc,heap] Heap region size: 1M
[2023-11-30T22:31:50.899+0530][gc     ] Using G1
[2023-11-30T22:31:50.899+0530][gc,heap,coops] Heap address: 0x00000000c0000000, size: 1024 MB, Compressed Oops mode: 32-bit
[2023-11-30T22:31:50.900+0530][gc,cds       ] Mark closed archive regions in map: [0x00000000fff00000, 0x00000000fff6bff8]
[2023-11-30T22:31:50.900+0530][gc,cds       ] Mark open archive regions in map: [0x00000000ffe00000, 0x00000000ffe47ff8]
[2023-11-30T22:31:51.544+0530][gc,start     ] GC(0) Pause Young (Normal) (G1 Evacuation Pause)
[2023-11-30T22:31:51.545+0530][gc,task      ] GC(0) Using 10 workers of 10 for evacuation
[2023-11-30T22:31:51.550+0530][gc,phases    ] GC(0)   Pre Evacuate Collection Set: 0.0ms
[2023-11-30T22:31:51.550+0530][gc,phases    ] GC(0)   Evacuate Collection Set: 5.1ms
[2023-11-30T22:31:51.550+0530][gc,phases    ] GC(0)   Post Evacuate Collection Set: 0.4ms
[2023-11-30T22:31:51.550+0530][gc,phases    ] GC(0)   Other: 0.9ms
[2023-11-30T22:31:51.550+0530][gc,heap      ] GC(0) Eden regions: 51->0(44)
[2023-11-30T22:31:51.550+0530][gc,heap      ] GC(0) Survivor regions: 0->7(7)
[2023-11-30T22:31:51.550+0530][gc,heap      ] GC(0) Old regions: 2->2
[2023-11-30T22:31:51.550+0530][gc,heap      ] GC(0) Humongous regions: 0->0
[2023-11-30T22:31:51.550+0530][gc,metaspace ] GC(0) Metaspace: 14180K(14848K)->14180K(14848K) NonClass: 12439K(12800K)->12439K(12800K) Class: 1741K(2048K)->1741K(2048K)
[2023-11-30T22:31:51.550+0530][gc           ] GC(0) Pause Young (Normal) (G1 Evacuation Pause) 51M->7M(1024M) 6.423ms
[2023-11-30T22:31:51.550+0530][gc,cpu       ] GC(0) User=0.05s Sys=0.01s Real=0.00s
[2023-11-30T22:31:53.216+0530][gc,start     ] GC(1) Pause Young (Concurrent Start) (Metadata GC Threshold)
[2023-11-30T22:31:53.216+0530][gc,task      ] GC(1) Using 10 workers of 10 for evacuation
[2023-11-30T22:31:53.223+0530][gc,phases    ] GC(1)   Pre Evacuate Collection Set: 0.1ms
[2023-11-30T22:31:53.223+0530][gc,phases    ] GC(1)   Evacuate Collection Set: 5.8ms
[2023-11-30T22:31:53.223+0530][gc,phases    ] GC(1)   Post Evacuate Collection Set: 0.3ms
[2023-11-30T22:31:53.223+0530][gc,phases    ] GC(1)   Other: 0.6ms
[2023-11-30T22:31:53.223+0530][gc,heap      ] GC(1) Eden regions: 30->0(49)
[2023-11-30T22:31:53.223+0530][gc,heap      ] GC(1) Survivor regions: 7->2(7)
[2023-11-30T22:31:53.223+0530][gc,heap      ] GC(1) Old regions: 2->9
[2023-11-30T22:31:53.223+0530][gc,heap      ] GC(1) Humongous regions: 0->0
[2023-11-30T22:31:53.223+0530][gc,metaspace ] GC(1) Metaspace: 20554K(21248K)->20554K(21248K) NonClass: 18057K(18432K)->18057K(18432K) Class: 2496K(2816K)->2496K(2816K)
[2023-11-30T22:31:53.223+0530][gc           ] GC(1) Pause Young (Concurrent Start) (Metadata GC Threshold) 37M->8M(1024M) 6.898ms
[2023-11-30T22:31:53.223+0530][gc,cpu       ] GC(1) User=0.03s Sys=0.01s Real=0.00s
[2023-11-30T22:31:53.223+0530][gc           ] GC(2) Concurrent Cycle
[2023-11-30T22:31:53.223+0530][gc,marking   ] GC(2) Concurrent Clear Claimed Marks
[2023-11-30T22:31:53.223+0530][gc,marking   ] GC(2) Concurrent Clear Claimed Marks 0.020ms
[2023-11-30T22:31:53.223+0530][gc,marking   ] GC(2) Concurrent Scan Root Regions
[2023-11-30T22:31:53.225+0530][gc,marking   ] GC(2) Concurrent Scan Root Regions 1.490ms
[2023-11-30T22:31:53.225+0530][gc,marking   ] GC(2) Concurrent Mark (2.334s)
[2023-11-30T22:31:53.225+0530][gc,marking   ] GC(2) Concurrent Mark From Roots
[2023-11-30T22:31:53.225+0530][gc,task      ] GC(2) Using 3 workers of 3 for marking
[2023-11-30T22:31:53.229+0530][gc,marking   ] GC(2) Concurrent Mark From Roots 4.680ms
[2023-11-30T22:31:53.230+0530][gc,marking   ] GC(2) Concurrent Preclean
[2023-11-30T22:31:53.230+0530][gc,marking   ] GC(2) Concurrent Preclean 0.088ms
[2023-11-30T22:31:53.230+0530][gc,marking   ] GC(2) Concurrent Mark (2.334s, 2.339s) 4.844ms
[2023-11-30T22:31:53.230+0530][gc,start     ] GC(2) Pause Remark
[2023-11-30T22:31:53.232+0530][gc,stringtable] GC(2) Cleaned string and symbol table, strings: 5711 processed, 0 removed, symbols: 53765 processed, 44 removed
[2023-11-30T22:31:53.233+0530][gc            ] GC(2) Pause Remark 8M->8M(1024M) 2.665ms
[2023-11-30T22:31:53.233+0530][gc,cpu        ] GC(2) User=0.02s Sys=0.00s Real=0.00s
[2023-11-30T22:31:53.233+0530][gc,marking    ] GC(2) Concurrent Rebuild Remembered Sets
[2023-11-30T22:31:53.235+0530][gc,marking    ] GC(2) Concurrent Rebuild Remembered Sets 1.808ms
[2023-11-30T22:31:53.235+0530][gc,start      ] GC(2) Pause Cleanup
[2023-11-30T22:31:53.235+0530][gc            ] GC(2) Pause Cleanup 8M->8M(1024M) 0.116ms
[2023-11-30T22:31:53.235+0530][gc,cpu        ] GC(2) User=0.00s Sys=0.00s Real=0.00s
[2023-11-30T22:31:53.235+0530][gc,marking    ] GC(2) Concurrent Cleanup for Next Mark
[2023-11-30T22:31:53.236+0530][gc,marking    ] GC(2) Concurrent Cleanup for Next Mark 1.600ms
[2023-11-30T22:31:53.236+0530][gc            ] GC(2) Concurrent Cycle 13.313ms
[2023-11-30T22:31:53.692+0530][gc,start      ] GC(3) Pause Young (Normal) (G1 Evacuation Pause)
[2023-11-30T22:31:53.692+0530][gc,task       ] GC(3) Using 10 workers of 10 for evacuation
[2023-11-30T22:31:53.698+0530][gc,phases     ] GC(3)   Pre Evacuate Collection Set: 0.1ms
[2023-11-30T22:31:53.699+0530][gc,phases     ] GC(3)   Evacuate Collection Set: 4.3ms
[2023-11-30T22:31:53.699+0530][gc,phases     ] GC(3)   Post Evacuate Collection Set: 1.7ms
[2023-11-30T22:31:53.699+0530][gc,phases     ] GC(3)   Other: 0.4ms
[2023-11-30T22:31:53.699+0530][gc,heap       ] GC(3) Eden regions: 49->0(46)
[2023-11-30T22:31:53.699+0530][gc,heap       ] GC(3) Survivor regions: 2->5(7)
[2023-11-30T22:31:53.699+0530][gc,heap       ] GC(3) Old regions: 9->9
[2023-11-30T22:31:53.699+0530][gc,heap       ] GC(3) Humongous regions: 129->129
[2023-11-30T22:31:53.699+0530][gc,metaspace  ] GC(3) Metaspace: 28592K(29696K)->28592K(29696K) NonClass: 25272K(25856K)->25272K(25856K) Class: 3320K(3840K)->3320K(3840K)
[2023-11-30T22:31:53.699+0530][gc            ] GC(3) Pause Young (Normal) (G1 Evacuation Pause) 186M->141M(1024M) 6.707ms
[2023-11-30T22:31:53.699+0530][gc,cpu        ] GC(3) User=0.04s Sys=0.00s Real=0.01s
[2023-11-30T22:31:53.970+0530][gc,start      ] GC(4) Pause Young (Concurrent Start) (GCLocker Initiated GC)
[2023-11-30T22:31:53.970+0530][gc,task       ] GC(4) Using 10 workers of 10 for evacuation
[2023-11-30T22:31:53.980+0530][gc,phases     ] GC(4)   Pre Evacuate Collection Set: 0.2ms
[2023-11-30T22:31:53.980+0530][gc,phases     ] GC(4)   Evacuate Collection Set: 8.4ms
[2023-11-30T22:31:53.980+0530][gc,phases     ] GC(4)   Post Evacuate Collection Set: 0.5ms
[2023-11-30T22:31:53.980+0530][gc,phases     ] GC(4)   Other: 0.5ms
[2023-11-30T22:31:53.980+0530][gc,heap       ] GC(4) Eden regions: 30->0(48)
[2023-11-30T22:31:53.980+0530][gc,heap       ] GC(4) Survivor regions: 5->3(7)
[2023-11-30T22:31:53.980+0530][gc,heap       ] GC(4) Old regions: 9->14
[2023-11-30T22:31:53.980+0530][gc,heap       ] GC(4) Humongous regions: 129->129
[2023-11-30T22:31:53.980+0530][gc,metaspace  ] GC(4) Metaspace: 34425K(36096K)->34425K(36096K) NonClass: 30387K(31360K)->30387K(31360K) Class: 4038K(4736K)->4038K(4736K)
[2023-11-30T22:31:53.980+0530][gc            ] GC(4) Pause Young (Concurrent Start) (GCLocker Initiated GC) 170M->143M(1024M) 9.648ms
[2023-11-30T22:31:53.980+0530][gc,cpu        ] GC(4) User=0.06s Sys=0.00s Real=0.01s
[2023-11-30T22:31:53.980+0530][gc            ] GC(5) Concurrent Cycle
[2023-11-30T22:31:53.980+0530][gc,marking    ] GC(5) Concurrent Clear Claimed Marks
[2023-11-30T22:31:53.981+0530][gc,marking    ] GC(5) Concurrent Clear Claimed Marks 0.404ms
[2023-11-30T22:31:53.981+0530][gc,marking    ] GC(5) Concurrent Scan Root Regions
[2023-11-30T22:31:53.982+0530][gc,marking    ] GC(5) Concurrent Scan Root Regions 1.758ms
[2023-11-30T22:31:53.982+0530][gc,marking    ] GC(5) Concurrent Mark (3.091s)
[2023-11-30T22:31:53.982+0530][gc,marking    ] GC(5) Concurrent Mark From Roots
[2023-11-30T22:31:53.982+0530][gc,task       ] GC(5) Using 3 workers of 3 for marking
[2023-11-30T22:31:53.998+0530][gc,marking    ] GC(5) Concurrent Mark From Roots 16.051ms
[2023-11-30T22:31:53.999+0530][gc,marking    ] GC(5) Concurrent Preclean
[2023-11-30T22:31:53.999+0530][gc,marking    ] GC(5) Concurrent Preclean 0.258ms
[2023-11-30T22:31:53.999+0530][gc,marking    ] GC(5) Concurrent Mark (3.091s, 3.108s) 16.399ms
[2023-11-30T22:31:54.000+0530][gc,start      ] GC(5) Pause Remark
[2023-11-30T22:31:54.010+0530][gc,stringtable] GC(5) Cleaned string and symbol table, strings: 11513 processed, 12 removed, symbols: 86045 processed, 16 removed
[2023-11-30T22:31:54.010+0530][gc            ] GC(5) Pause Remark 144M->144M(1024M) 10.127ms
[2023-11-30T22:31:54.010+0530][gc,cpu        ] GC(5) User=0.07s Sys=0.00s Real=0.01s
[2023-11-30T22:31:54.010+0530][gc,marking    ] GC(5) Concurrent Rebuild Remembered Sets
[2023-11-30T22:31:54.016+0530][gc,marking    ] GC(5) Concurrent Rebuild Remembered Sets 5.573ms
[2023-11-30T22:31:54.016+0530][gc,start      ] GC(5) Pause Cleanup
[2023-11-30T22:31:54.016+0530][gc            ] GC(5) Pause Cleanup 144M->144M(1024M) 0.223ms
[2023-11-30T22:31:54.016+0530][gc,cpu        ] GC(5) User=0.00s Sys=0.00s Real=0.00s
[2023-11-30T22:31:54.016+0530][gc,marking    ] GC(5) Concurrent Cleanup for Next Mark
[2023-11-30T22:31:54.019+0530][gc,marking    ] GC(5) Concurrent Cleanup for Next Mark 3.408ms
[2023-11-30T22:31:54.019+0530][gc            ] GC(5) Concurrent Cycle 39.346ms
[2023-11-30T22:32:31.025+0530][gc,start      ] GC(6) Pause Young (Normal) (G1 Evacuation Pause)
[2023-11-30T22:32:31.025+0530][gc,task       ] GC(6) Using 10 workers of 10 for evacuation
[2023-11-30T22:32:31.028+0530][gc,phases     ] GC(6)   Pre Evacuate Collection Set: 0.0ms
[2023-11-30T22:32:31.028+0530][gc,phases     ] GC(6)   Evacuate Collection Set: 2.5ms
[2023-11-30T22:32:31.028+0530][gc,phases     ] GC(6)   Post Evacuate Collection Set: 0.4ms
[2023-11-30T22:32:31.028+0530][gc,phases     ] GC(6)   Other: 0.2ms
[2023-11-30T22:32:31.028+0530][gc,heap       ] GC(6) Eden regions: 48->0(47)
[2023-11-30T22:32:31.028+0530][gc,heap       ] GC(6) Survivor regions: 3->4(7)
[2023-11-30T22:32:31.028+0530][gc,heap       ] GC(6) Old regions: 14->14
[2023-11-30T22:32:31.028+0530][gc,heap       ] GC(6) Humongous regions: 129->129
[2023-11-30T22:32:31.028+0530][gc,metaspace  ] GC(6) Metaspace: 40163K(42624K)->40163K(42624K) NonClass: 35065K(36352K)->35065K(36352K) Class: 5098K(6272K)->5098K(6272K)
[2023-11-30T22:32:31.028+0530][gc            ] GC(6) Pause Young (Normal) (G1 Evacuation Pause) 191M->144M(1024M) 3.237ms
[2023-11-30T22:32:31.028+0530][gc,cpu        ] GC(6) User=0.03s Sys=0.00s Real=0.00s
[2023-11-30T23:25:50.347+0530][gc,start      ] GC(7) Pause Young (Normal) (G1 Evacuation Pause)
[2023-11-30T23:25:50.347+0530][gc,task       ] GC(7) Using 10 workers of 10 for evacuation
[2023-11-30T23:25:50.355+0530][gc,phases     ] GC(7)   Pre Evacuate Collection Set: 0.1ms
[2023-11-30T23:25:50.355+0530][gc,phases     ] GC(7)   Evacuate Collection Set: 5.9ms
[2023-11-30T23:25:50.355+0530][gc,phases     ] GC(7)   Post Evacuate Collection Set: 0.9ms
[2023-11-30T23:25:50.355+0530][gc,phases     ] GC(7)   Other: 0.5ms
[2023-11-30T23:25:50.355+0530][gc,heap       ] GC(7) Eden regions: 47->0(47)
[2023-11-30T23:25:50.355+0530][gc,heap       ] GC(7) Survivor regions: 4->4(7)
[2023-11-30T23:25:50.355+0530][gc,heap       ] GC(7) Old regions: 14->14
[2023-11-30T23:25:50.355+0530][gc,heap       ] GC(7) Humongous regions: 129->129
[2023-11-30T23:25:50.355+0530][gc,metaspace  ] GC(7) Metaspace: 41143K(43648K)->41143K(43648K) NonClass: 35992K(37376K)->35992K(37376K) Class: 5151K(6272K)->5151K(6272K)
[2023-11-30T23:25:50.355+0530][gc            ] GC(7) Pause Young (Normal) (G1 Evacuation Pause) 191M->144M(1024M) 7.685ms
[2023-11-30T23:25:50.355+0530][gc,cpu        ] GC(7) User=0.05s Sys=0.00s Real=0.00s
[2023-12-01T00:31:35.347+0530][gc,start      ] GC(8) Pause Young (Normal) (G1 Evacuation Pause)
[2023-12-01T00:31:35.347+0530][gc,task       ] GC(8) Using 10 workers of 10 for evacuation
[2023-12-01T00:31:35.353+0530][gc,phases     ] GC(8)   Pre Evacuate Collection Set: 0.1ms
[2023-12-01T00:31:35.353+0530][gc,phases     ] GC(8)   Evacuate Collection Set: 5.1ms
[2023-12-01T00:31:35.353+0530][gc,phases     ] GC(8)   Post Evacuate Collection Set: 0.7ms
[2023-12-01T00:31:35.353+0530][gc,phases     ] GC(8)   Other: 0.5ms
[2023-12-01T00:31:35.353+0530][gc,heap       ] GC(8) Eden regions: 47->0(47)
[2023-12-01T00:31:35.353+0530][gc,heap       ] GC(8) Survivor regions: 4->4(7)
[2023-12-01T00:31:35.353+0530][gc,heap       ] GC(8) Old regions: 14->14
[2023-12-01T00:31:35.353+0530][gc,heap       ] GC(8) Humongous regions: 129->129
[2023-12-01T00:31:35.353+0530][gc,metaspace  ] GC(8) Metaspace: 41330K(43648K)->41330K(43648K) NonClass: 36174K(37376K)->36174K(37376K) Class: 5156K(6272K)->5156K(6272K)
[2023-12-01T00:31:35.353+0530][gc            ] GC(8) Pause Young (Normal) (G1 Evacuation Pause) 191M->144M(1024M) 6.328ms
[2023-12-01T00:31:35.353+0530][gc,cpu        ] GC(8) User=0.05s Sys=0.00s Real=0.00s
[2023-12-01T01:09:54.210+0530][gc,heap,exit  ] Heap
[2023-12-01T01:09:54.211+0530][gc,heap,exit  ]  garbage-first heap   total 1048576K, used 188908K [0x00000000c0000000, 0x0000000100000000)
[2023-12-01T01:09:54.211+0530][gc,heap,exit  ]   region size 1024K, 46 young (47104K), 4 survivors (4096K)
[2023-12-01T01:09:54.211+0530][gc,heap,exit  ]  Metaspace       used 42918K, capacity 45570K, committed 45696K, reserved 1087488K
[2023-12-01T01:09:54.211+0530][gc,heap,exit  ]   class space    used 5628K, capacity 6942K, committed 7040K, reserved 1048576K
