[2023-12-06T02:22:30.896+0530][gc,heap] Heap region size: 1M
[2023-12-06T02:22:30.902+0530][gc     ] Using G1
[2023-12-06T02:22:30.902+0530][gc,heap,coops] Heap address: 0x00000000c0000000, size: 1024 MB, Compressed Oops mode: 32-bit
[2023-12-06T02:22:30.902+0530][gc,cds       ] Mark closed archive regions in map: [0x00000000fff00000, 0x00000000fff6bff8]
[2023-12-06T02:22:30.902+0530][gc,cds       ] Mark open archive regions in map: [0x00000000ffe00000, 0x00000000ffe47ff8]
[2023-12-06T02:22:31.437+0530][gc,start     ] GC(0) Pause Young (Normal) (G1 Evacuation Pause)
[2023-12-06T02:22:31.438+0530][gc,task      ] GC(0) Using 10 workers of 10 for evacuation
[2023-12-06T02:22:31.444+0530][gc,phases    ] GC(0)   Pre Evacuate Collection Set: 0.0ms
[2023-12-06T02:22:31.444+0530][gc,phases    ] GC(0)   Evacuate Collection Set: 5.1ms
[2023-12-06T02:22:31.444+0530][gc,phases    ] GC(0)   Post Evacuate Collection Set: 0.5ms
[2023-12-06T02:22:31.444+0530][gc,phases    ] GC(0)   Other: 1.0ms
[2023-12-06T02:22:31.444+0530][gc,heap      ] GC(0) Eden regions: 51->0(44)
[2023-12-06T02:22:31.444+0530][gc,heap      ] GC(0) Survivor regions: 0->7(7)
[2023-12-06T02:22:31.444+0530][gc,heap      ] GC(0) Old regions: 2->3
[2023-12-06T02:22:31.444+0530][gc,heap      ] GC(0) Humongous regions: 0->0
[2023-12-06T02:22:31.444+0530][gc,metaspace ] GC(0) Metaspace: 14159K(14848K)->14159K(14848K) NonClass: 12418K(12800K)->12418K(12800K) Class: 1741K(2048K)->1741K(2048K)
[2023-12-06T02:22:31.444+0530][gc           ] GC(0) Pause Young (Normal) (G1 Evacuation Pause) 51M->7M(1024M) 6.705ms
[2023-12-06T02:22:31.444+0530][gc,cpu       ] GC(0) User=0.04s Sys=0.00s Real=0.01s
[2023-12-06T02:22:31.847+0530][gc,start     ] GC(1) Pause Young (Concurrent Start) (Metadata GC Threshold)
[2023-12-06T02:22:31.847+0530][gc,task      ] GC(1) Using 10 workers of 10 for evacuation
[2023-12-06T02:22:31.852+0530][gc,phases    ] GC(1)   Pre Evacuate Collection Set: 0.0ms
[2023-12-06T02:22:31.852+0530][gc,phases    ] GC(1)   Evacuate Collection Set: 5.3ms
[2023-12-06T02:22:31.852+0530][gc,phases    ] GC(1)   Post Evacuate Collection Set: 0.3ms
[2023-12-06T02:22:31.852+0530][gc,phases    ] GC(1)   Other: 0.2ms
[2023-12-06T02:22:31.852+0530][gc,heap      ] GC(1) Eden regions: 31->0(49)
[2023-12-06T02:22:31.852+0530][gc,heap      ] GC(1) Survivor regions: 7->2(7)
[2023-12-06T02:22:31.852+0530][gc,heap      ] GC(1) Old regions: 3->9
[2023-12-06T02:22:31.852+0530][gc,heap      ] GC(1) Humongous regions: 0->0
[2023-12-06T02:22:31.852+0530][gc,metaspace ] GC(1) Metaspace: 20549K(21248K)->20549K(21248K) NonClass: 18053K(18432K)->18053K(18432K) Class: 2496K(2816K)->2496K(2816K)
[2023-12-06T02:22:31.853+0530][gc           ] GC(1) Pause Young (Concurrent Start) (Metadata GC Threshold) 38M->8M(1024M) 5.990ms
[2023-12-06T02:22:31.853+0530][gc,cpu       ] GC(1) User=0.03s Sys=0.00s Real=0.00s
[2023-12-06T02:22:31.853+0530][gc           ] GC(2) Concurrent Cycle
[2023-12-06T02:22:31.853+0530][gc,marking   ] GC(2) Concurrent Clear Claimed Marks
[2023-12-06T02:22:31.853+0530][gc,marking   ] GC(2) Concurrent Clear Claimed Marks 0.016ms
[2023-12-06T02:22:31.853+0530][gc,marking   ] GC(2) Concurrent Scan Root Regions
[2023-12-06T02:22:31.853+0530][gc,marking   ] GC(2) Concurrent Scan Root Regions 0.783ms
[2023-12-06T02:22:31.853+0530][gc,marking   ] GC(2) Concurrent Mark (0.961s)
[2023-12-06T02:22:31.853+0530][gc,marking   ] GC(2) Concurrent Mark From Roots
[2023-12-06T02:22:31.853+0530][gc,task      ] GC(2) Using 3 workers of 3 for marking
[2023-12-06T02:22:31.858+0530][gc,marking   ] GC(2) Concurrent Mark From Roots 4.595ms
[2023-12-06T02:22:31.858+0530][gc,marking   ] GC(2) Concurrent Preclean
[2023-12-06T02:22:31.858+0530][gc,marking   ] GC(2) Concurrent Preclean 0.195ms
[2023-12-06T02:22:31.858+0530][gc,marking   ] GC(2) Concurrent Mark (0.961s, 0.965s) 4.868ms
[2023-12-06T02:22:31.858+0530][gc,start     ] GC(2) Pause Remark
[2023-12-06T02:22:31.860+0530][gc,stringtable] GC(2) Cleaned string and symbol table, strings: 5706 processed, 0 removed, symbols: 53760 processed, 43 removed
[2023-12-06T02:22:31.861+0530][gc            ] GC(2) Pause Remark 9M->9M(1024M) 2.316ms
[2023-12-06T02:22:31.861+0530][gc,cpu        ] GC(2) User=0.02s Sys=0.00s Real=0.00s
[2023-12-06T02:22:31.861+0530][gc,marking    ] GC(2) Concurrent Rebuild Remembered Sets
[2023-12-06T02:22:31.863+0530][gc,marking    ] GC(2) Concurrent Rebuild Remembered Sets 1.882ms
[2023-12-06T02:22:31.863+0530][gc,start      ] GC(2) Pause Cleanup
[2023-12-06T02:22:31.863+0530][gc            ] GC(2) Pause Cleanup 9M->9M(1024M) 0.195ms
[2023-12-06T02:22:31.863+0530][gc,cpu        ] GC(2) User=0.00s Sys=0.00s Real=0.00s
[2023-12-06T02:22:31.863+0530][gc,marking    ] GC(2) Concurrent Cleanup for Next Mark
[2023-12-06T02:22:31.865+0530][gc,marking    ] GC(2) Concurrent Cleanup for Next Mark 1.741ms
[2023-12-06T02:22:31.865+0530][gc            ] GC(2) Concurrent Cycle 12.376ms
[2023-12-06T02:22:32.306+0530][gc,start      ] GC(3) Pause Young (Normal) (G1 Evacuation Pause)
[2023-12-06T02:22:32.306+0530][gc,task       ] GC(3) Using 10 workers of 10 for evacuation
[2023-12-06T02:22:32.312+0530][gc,phases     ] GC(3)   Pre Evacuate Collection Set: 0.1ms
[2023-12-06T02:22:32.312+0530][gc,phases     ] GC(3)   Evacuate Collection Set: 5.2ms
[2023-12-06T02:22:32.312+0530][gc,phases     ] GC(3)   Post Evacuate Collection Set: 0.8ms
[2023-12-06T02:22:32.312+0530][gc,phases     ] GC(3)   Other: 0.5ms
[2023-12-06T02:22:32.312+0530][gc,heap       ] GC(3) Eden regions: 49->0(46)
[2023-12-06T02:22:32.312+0530][gc,heap       ] GC(3) Survivor regions: 2->5(7)
[2023-12-06T02:22:32.312+0530][gc,heap       ] GC(3) Old regions: 9->9
[2023-12-06T02:22:32.312+0530][gc,heap       ] GC(3) Humongous regions: 129->129
[2023-12-06T02:22:32.312+0530][gc,metaspace  ] GC(3) Metaspace: 28578K(29696K)->28578K(29696K) NonClass: 25258K(25856K)->25258K(25856K) Class: 3320K(3840K)->3320K(3840K)
[2023-12-06T02:22:32.312+0530][gc            ] GC(3) Pause Young (Normal) (G1 Evacuation Pause) 186M->141M(1024M) 6.555ms
[2023-12-06T02:22:32.312+0530][gc,cpu        ] GC(3) User=0.05s Sys=0.00s Real=0.00s
[2023-12-06T02:22:32.560+0530][gc,start      ] GC(4) Pause Young (Concurrent Start) (Metadata GC Threshold)
[2023-12-06T02:22:32.561+0530][gc,task       ] GC(4) Using 10 workers of 10 for evacuation
[2023-12-06T02:22:32.568+0530][gc,phases     ] GC(4)   Pre Evacuate Collection Set: 0.1ms
[2023-12-06T02:22:32.568+0530][gc,phases     ] GC(4)   Evacuate Collection Set: 6.1ms
[2023-12-06T02:22:32.568+0530][gc,phases     ] GC(4)   Post Evacuate Collection Set: 0.6ms
[2023-12-06T02:22:32.568+0530][gc,phases     ] GC(4)   Other: 0.3ms
[2023-12-06T02:22:32.568+0530][gc,heap       ] GC(4) Eden regions: 29->0(49)
[2023-12-06T02:22:32.568+0530][gc,heap       ] GC(4) Survivor regions: 5->2(7)
[2023-12-06T02:22:32.568+0530][gc,heap       ] GC(4) Old regions: 9->14
[2023-12-06T02:22:32.568+0530][gc,heap       ] GC(4) Humongous regions: 129->129
[2023-12-06T02:22:32.568+0530][gc,metaspace  ] GC(4) Metaspace: 34373K(35840K)->34373K(35840K) NonClass: 30339K(31104K)->30339K(31104K) Class: 4033K(4736K)->4033K(4736K)
[2023-12-06T02:22:32.568+0530][gc            ] GC(4) Pause Young (Concurrent Start) (Metadata GC Threshold) 170M->143M(1024M) 7.166ms
[2023-12-06T02:22:32.568+0530][gc,cpu        ] GC(4) User=0.04s Sys=0.00s Real=0.01s
[2023-12-06T02:22:32.568+0530][gc            ] GC(5) Concurrent Cycle
[2023-12-06T02:22:32.568+0530][gc,marking    ] GC(5) Concurrent Clear Claimed Marks
[2023-12-06T02:22:32.568+0530][gc,marking    ] GC(5) Concurrent Clear Claimed Marks 0.070ms
[2023-12-06T02:22:32.568+0530][gc,marking    ] GC(5) Concurrent Scan Root Regions
[2023-12-06T02:22:32.570+0530][gc,marking    ] GC(5) Concurrent Scan Root Regions 2.413ms
[2023-12-06T02:22:32.570+0530][gc,marking    ] GC(5) Concurrent Mark (1.678s)
[2023-12-06T02:22:32.570+0530][gc,marking    ] GC(5) Concurrent Mark From Roots
[2023-12-06T02:22:32.570+0530][gc,task       ] GC(5) Using 3 workers of 3 for marking
[2023-12-06T02:22:32.603+0530][gc,marking    ] GC(5) Concurrent Mark From Roots 32.418ms
[2023-12-06T02:22:32.603+0530][gc,marking    ] GC(5) Concurrent Preclean
[2023-12-06T02:22:32.603+0530][gc,marking    ] GC(5) Concurrent Preclean 0.119ms
[2023-12-06T02:22:32.603+0530][gc,marking    ] GC(5) Concurrent Mark (1.678s, 1.710s) 32.595ms
[2023-12-06T02:22:32.605+0530][gc,start      ] GC(5) Pause Remark
[2023-12-06T02:22:32.611+0530][gc,stringtable] GC(5) Cleaned string and symbol table, strings: 11515 processed, 13 removed, symbols: 86008 processed, 16 removed
[2023-12-06T02:22:32.611+0530][gc            ] GC(5) Pause Remark 144M->144M(1024M) 5.858ms
[2023-12-06T02:22:32.611+0530][gc,cpu        ] GC(5) User=0.03s Sys=0.00s Real=0.00s
[2023-12-06T02:22:32.611+0530][gc,marking    ] GC(5) Concurrent Rebuild Remembered Sets
[2023-12-06T02:22:32.615+0530][gc,marking    ] GC(5) Concurrent Rebuild Remembered Sets 3.982ms
[2023-12-06T02:22:32.615+0530][gc,start      ] GC(5) Pause Cleanup
[2023-12-06T02:22:32.615+0530][gc            ] GC(5) Pause Cleanup 144M->144M(1024M) 0.270ms
[2023-12-06T02:22:32.615+0530][gc,cpu        ] GC(5) User=0.00s Sys=0.00s Real=0.00s
[2023-12-06T02:22:32.615+0530][gc,marking    ] GC(5) Concurrent Cleanup for Next Mark
[2023-12-06T02:22:32.620+0530][gc,marking    ] GC(5) Concurrent Cleanup for Next Mark 4.148ms
[2023-12-06T02:22:32.620+0530][gc            ] GC(5) Concurrent Cycle 51.951ms
[2023-12-06T04:00:01.897+0530][gc,start      ] GC(6) Pause Young (Normal) (G1 Evacuation Pause)
[2023-12-06T04:00:01.897+0530][gc,task       ] GC(6) Using 10 workers of 10 for evacuation
[2023-12-06T04:00:01.900+0530][gc,phases     ] GC(6)   Pre Evacuate Collection Set: 0.0ms
[2023-12-06T04:00:01.900+0530][gc,phases     ] GC(6)   Evacuate Collection Set: 2.2ms
[2023-12-06T04:00:01.900+0530][gc,phases     ] GC(6)   Post Evacuate Collection Set: 0.5ms
[2023-12-06T04:00:01.900+0530][gc,phases     ] GC(6)   Other: 0.2ms
[2023-12-06T04:00:01.900+0530][gc,heap       ] GC(6) Eden regions: 49->0(48)
[2023-12-06T04:00:01.900+0530][gc,heap       ] GC(6) Survivor regions: 2->3(7)
[2023-12-06T04:00:01.900+0530][gc,heap       ] GC(6) Old regions: 14->14
[2023-12-06T04:00:01.900+0530][gc,heap       ] GC(6) Humongous regions: 129->129
[2023-12-06T04:00:01.900+0530][gc,metaspace  ] GC(6) Metaspace: 36820K(38400K)->36820K(38400K) NonClass: 32473K(33280K)->32473K(33280K) Class: 4347K(5120K)->4347K(5120K)
[2023-12-06T04:00:01.900+0530][gc            ] GC(6) Pause Young (Normal) (G1 Evacuation Pause) 192M->143M(1024M) 3.046ms
[2023-12-06T04:00:01.900+0530][gc,cpu        ] GC(6) User=0.01s Sys=0.01s Real=0.00s
[2023-12-06T04:06:13.136+0530][gc,start      ] GC(7) Pause Young (Normal) (G1 Evacuation Pause)
[2023-12-06T04:06:13.136+0530][gc,task       ] GC(7) Using 10 workers of 10 for evacuation
[2023-12-06T04:06:13.138+0530][gc,phases     ] GC(7)   Pre Evacuate Collection Set: 0.0ms
[2023-12-06T04:06:13.138+0530][gc,phases     ] GC(7)   Evacuate Collection Set: 1.7ms
[2023-12-06T04:06:13.138+0530][gc,phases     ] GC(7)   Post Evacuate Collection Set: 0.5ms
[2023-12-06T04:06:13.138+0530][gc,phases     ] GC(7)   Other: 0.1ms
[2023-12-06T04:06:13.138+0530][gc,heap       ] GC(7) Eden regions: 48->0(47)
[2023-12-06T04:06:13.138+0530][gc,heap       ] GC(7) Survivor regions: 3->4(7)
[2023-12-06T04:06:13.138+0530][gc,heap       ] GC(7) Old regions: 14->14
[2023-12-06T04:06:13.138+0530][gc,heap       ] GC(7) Humongous regions: 129->129
[2023-12-06T04:06:13.138+0530][gc,metaspace  ] GC(7) Metaspace: 41258K(43648K)->41258K(43648K) NonClass: 36096K(37376K)->36096K(37376K) Class: 5162K(6272K)->5162K(6272K)
[2023-12-06T04:06:13.138+0530][gc            ] GC(7) Pause Young (Normal) (G1 Evacuation Pause) 191M->144M(1024M) 2.400ms
[2023-12-06T04:06:13.138+0530][gc,cpu        ] GC(7) User=0.01s Sys=0.00s Real=0.01s
[2023-12-06T04:06:37.203+0530][gc,start      ] GC(8) Pause Young (Normal) (G1 Evacuation Pause)
[2023-12-06T04:06:37.203+0530][gc,task       ] GC(8) Using 10 workers of 10 for evacuation
[2023-12-06T04:06:37.213+0530][gc,phases     ] GC(8)   Pre Evacuate Collection Set: 0.1ms
[2023-12-06T04:06:37.213+0530][gc,phases     ] GC(8)   Evacuate Collection Set: 7.5ms
[2023-12-06T04:06:37.213+0530][gc,phases     ] GC(8)   Post Evacuate Collection Set: 1.6ms
[2023-12-06T04:06:37.213+0530][gc,phases     ] GC(8)   Other: 0.5ms
[2023-12-06T04:06:37.213+0530][gc,heap       ] GC(8) Eden regions: 47->0(46)
[2023-12-06T04:06:37.213+0530][gc,heap       ] GC(8) Survivor regions: 4->5(7)
[2023-12-06T04:06:37.213+0530][gc,heap       ] GC(8) Old regions: 14->14
[2023-12-06T04:06:37.213+0530][gc,heap       ] GC(8) Humongous regions: 129->129
[2023-12-06T04:06:37.213+0530][gc,metaspace  ] GC(8) Metaspace: 42197K(44928K)->42197K(44928K) NonClass: 36922K(38400K)->36922K(38400K) Class: 5274K(6528K)->5274K(6528K)
[2023-12-06T04:06:37.213+0530][gc            ] GC(8) Pause Young (Normal) (G1 Evacuation Pause) 191M->145M(1024M) 9.895ms
[2023-12-06T04:06:37.213+0530][gc,cpu        ] GC(8) User=0.08s Sys=0.00s Real=0.01s
[2023-12-06T04:31:04.483+0530][gc,start      ] GC(9) Pause Young (Normal) (G1 Evacuation Pause)
[2023-12-06T04:31:04.485+0530][gc,task       ] GC(9) Using 10 workers of 10 for evacuation
[2023-12-06T04:31:04.491+0530][gc,phases     ] GC(9)   Pre Evacuate Collection Set: 0.0ms
[2023-12-06T04:31:04.491+0530][gc,phases     ] GC(9)   Evacuate Collection Set: 5.7ms
[2023-12-06T04:31:04.491+0530][gc,phases     ] GC(9)   Post Evacuate Collection Set: 0.4ms
[2023-12-06T04:31:04.491+0530][gc,phases     ] GC(9)   Other: 1.7ms
[2023-12-06T04:31:04.491+0530][gc,heap       ] GC(9) Eden regions: 46->0(47)
[2023-12-06T04:31:04.491+0530][gc,heap       ] GC(9) Survivor regions: 5->4(7)
[2023-12-06T04:31:04.491+0530][gc,heap       ] GC(9) Old regions: 14->15
[2023-12-06T04:31:04.491+0530][gc,heap       ] GC(9) Humongous regions: 129->129
[2023-12-06T04:31:04.491+0530][gc,metaspace  ] GC(9) Metaspace: 42398K(44928K)->42398K(44928K) NonClass: 37098K(38400K)->37098K(38400K) Class: 5300K(6528K)->5300K(6528K)
[2023-12-06T04:31:04.491+0530][gc            ] GC(9) Pause Young (Normal) (G1 Evacuation Pause) 191M->146M(1024M) 7.872ms
[2023-12-06T04:31:04.491+0530][gc,cpu        ] GC(9) User=0.05s Sys=0.01s Real=0.01s
[2023-12-06T04:47:32.882+0530][gc,start      ] GC(10) Pause Young (Normal) (G1 Evacuation Pause)
[2023-12-06T04:47:32.882+0530][gc,task       ] GC(10) Using 10 workers of 10 for evacuation
[2023-12-06T04:47:32.895+0530][gc,phases     ] GC(10)   Pre Evacuate Collection Set: 0.0ms
[2023-12-06T04:47:32.895+0530][gc,phases     ] GC(10)   Evacuate Collection Set: 10.0ms
[2023-12-06T04:47:32.895+0530][gc,phases     ] GC(10)   Post Evacuate Collection Set: 2.5ms
[2023-12-06T04:47:32.895+0530][gc,phases     ] GC(10)   Other: 0.4ms
[2023-12-06T04:47:32.896+0530][gc,heap       ] GC(10) Eden regions: 47->0(45)
[2023-12-06T04:47:32.896+0530][gc,heap       ] GC(10) Survivor regions: 4->7(7)
[2023-12-06T04:47:32.896+0530][gc,heap       ] GC(10) Old regions: 15->15
[2023-12-06T04:47:32.896+0530][gc,heap       ] GC(10) Humongous regions: 129->129
[2023-12-06T04:47:32.896+0530][gc,metaspace  ] GC(10) Metaspace: 44242K(47104K)->44242K(47104K) NonClass: 38689K(40192K)->38689K(40192K) Class: 5553K(6912K)->5553K(6912K)
[2023-12-06T04:47:32.896+0530][gc            ] GC(10) Pause Young (Normal) (G1 Evacuation Pause) 193M->149M(1024M) 13.292ms
[2023-12-06T04:47:32.896+0530][gc,cpu        ] GC(10) User=0.11s Sys=0.00s Real=0.01s
[2023-12-06T04:47:55.374+0530][gc,heap,exit  ] Heap
[2023-12-06T04:47:55.374+0530][gc,heap,exit  ]  garbage-first heap   total 1048576K, used 162879K [0x00000000c0000000, 0x0000000100000000)
[2023-12-06T04:47:55.374+0530][gc,heap,exit  ]   region size 1024K, 18 young (18432K), 7 survivors (7168K)
[2023-12-06T04:47:55.374+0530][gc,heap,exit  ]  Metaspace       used 44999K, capacity 47923K, committed 48256K, reserved 1089536K
[2023-12-06T04:47:55.374+0530][gc,heap,exit  ]   class space    used 5768K, capacity 7172K, committed 7296K, reserved 1048576K
