[2023-11-28T21:31:32.299+0530][gc,heap] Heap region size: 1M
[2023-11-28T21:31:32.304+0530][gc     ] Using G1
[2023-11-28T21:31:32.304+0530][gc,heap,coops] Heap address: 0x00000000c0000000, size: 1024 MB, Compressed Oops mode: 32-bit
[2023-11-28T21:31:32.304+0530][gc,cds       ] Mark closed archive regions in map: [0x00000000fff00000, 0x00000000fff6bff8]
[2023-11-28T21:31:32.304+0530][gc,cds       ] Mark open archive regions in map: [0x00000000ffe00000, 0x00000000ffe47ff8]
[2023-11-28T21:31:32.855+0530][gc,start     ] GC(0) Pause Young (Normal) (G1 Evacuation Pause)
[2023-11-28T21:31:32.856+0530][gc,task      ] GC(0) Using 10 workers of 10 for evacuation
[2023-11-28T21:31:32.862+0530][gc,phases    ] GC(0)   Pre Evacuate Collection Set: 0.0ms
[2023-11-28T21:31:32.862+0530][gc,phases    ] GC(0)   Evacuate Collection Set: 5.3ms
[2023-11-28T21:31:32.862+0530][gc,phases    ] GC(0)   Post Evacuate Collection Set: 0.4ms
[2023-11-28T21:31:32.862+0530][gc,phases    ] GC(0)   Other: 1.0ms
[2023-11-28T21:31:32.862+0530][gc,heap      ] GC(0) Eden regions: 51->0(44)
[2023-11-28T21:31:32.862+0530][gc,heap      ] GC(0) Survivor regions: 0->7(7)
[2023-11-28T21:31:32.862+0530][gc,heap      ] GC(0) Old regions: 2->3
[2023-11-28T21:31:32.862+0530][gc,heap      ] GC(0) Humongous regions: 0->0
[2023-11-28T21:31:32.862+0530][gc,metaspace ] GC(0) Metaspace: 13979K(14720K)->13979K(14720K) NonClass: 12261K(12800K)->12261K(12800K) Class: 1717K(1920K)->1717K(1920K)
[2023-11-28T21:31:32.862+0530][gc           ] GC(0) Pause Young (Normal) (G1 Evacuation Pause) 51M->7M(1024M) 6.829ms
[2023-11-28T21:31:32.862+0530][gc,cpu       ] GC(0) User=0.04s Sys=0.01s Real=0.00s
[2023-11-28T21:31:33.207+0530][gc,start     ] GC(1) Pause Young (Concurrent Start) (Metadata GC Threshold)
[2023-11-28T21:31:33.207+0530][gc,task      ] GC(1) Using 10 workers of 10 for evacuation
[2023-11-28T21:31:33.216+0530][gc,phases    ] GC(1)   Pre Evacuate Collection Set: 0.0ms
[2023-11-28T21:31:33.216+0530][gc,phases    ] GC(1)   Evacuate Collection Set: 8.0ms
[2023-11-28T21:31:33.216+0530][gc,phases    ] GC(1)   Post Evacuate Collection Set: 0.4ms
[2023-11-28T21:31:33.216+0530][gc,phases    ] GC(1)   Other: 0.3ms
[2023-11-28T21:31:33.216+0530][gc,heap      ] GC(1) Eden regions: 31->0(49)
[2023-11-28T21:31:33.216+0530][gc,heap      ] GC(1) Survivor regions: 7->2(7)
[2023-11-28T21:31:33.216+0530][gc,heap      ] GC(1) Old regions: 3->9
[2023-11-28T21:31:33.216+0530][gc,heap      ] GC(1) Humongous regions: 0->0
[2023-11-28T21:31:33.216+0530][gc,metaspace ] GC(1) Metaspace: 20551K(21248K)->20551K(21248K) NonClass: 18063K(18432K)->18063K(18432K) Class: 2488K(2816K)->2488K(2816K)
[2023-11-28T21:31:33.216+0530][gc           ] GC(1) Pause Young (Concurrent Start) (Metadata GC Threshold) 38M->8M(1024M) 8.740ms
[2023-11-28T21:31:33.216+0530][gc,cpu       ] GC(1) User=0.04s Sys=0.00s Real=0.01s
[2023-11-28T21:31:33.216+0530][gc           ] GC(2) Concurrent Cycle
[2023-11-28T21:31:33.216+0530][gc,marking   ] GC(2) Concurrent Clear Claimed Marks
[2023-11-28T21:31:33.216+0530][gc,marking   ] GC(2) Concurrent Clear Claimed Marks 0.040ms
[2023-11-28T21:31:33.216+0530][gc,marking   ] GC(2) Concurrent Scan Root Regions
[2023-11-28T21:31:33.217+0530][gc,marking   ] GC(2) Concurrent Scan Root Regions 0.688ms
[2023-11-28T21:31:33.217+0530][gc,marking   ] GC(2) Concurrent Mark (0.921s)
[2023-11-28T21:31:33.217+0530][gc,marking   ] GC(2) Concurrent Mark From Roots
[2023-11-28T21:31:33.217+0530][gc,task      ] GC(2) Using 3 workers of 3 for marking
[2023-11-28T21:31:33.220+0530][gc,marking   ] GC(2) Concurrent Mark From Roots 3.583ms
[2023-11-28T21:31:33.220+0530][gc,marking   ] GC(2) Concurrent Preclean
[2023-11-28T21:31:33.220+0530][gc,marking   ] GC(2) Concurrent Preclean 0.079ms
[2023-11-28T21:31:33.220+0530][gc,marking   ] GC(2) Concurrent Mark (0.921s, 0.924s) 3.726ms
[2023-11-28T21:31:33.220+0530][gc,start     ] GC(2) Pause Remark
[2023-11-28T21:31:33.223+0530][gc,stringtable] GC(2) Cleaned string and symbol table, strings: 5178 processed, 0 removed, symbols: 53175 processed, 44 removed
[2023-11-28T21:31:33.223+0530][gc            ] GC(2) Pause Remark 8M->8M(1024M) 3.131ms
[2023-11-28T21:31:33.224+0530][gc,cpu        ] GC(2) User=0.03s Sys=0.00s Real=0.00s
[2023-11-28T21:31:33.224+0530][gc,marking    ] GC(2) Concurrent Rebuild Remembered Sets
[2023-11-28T21:31:33.226+0530][gc,marking    ] GC(2) Concurrent Rebuild Remembered Sets 2.461ms
[2023-11-28T21:31:33.226+0530][gc,start      ] GC(2) Pause Cleanup
[2023-11-28T21:31:33.226+0530][gc            ] GC(2) Pause Cleanup 8M->8M(1024M) 0.258ms
[2023-11-28T21:31:33.226+0530][gc,cpu        ] GC(2) User=0.00s Sys=0.00s Real=0.00s
[2023-11-28T21:31:33.226+0530][gc,marking    ] GC(2) Concurrent Cleanup for Next Mark
[2023-11-28T21:31:33.231+0530][gc,marking    ] GC(2) Concurrent Cleanup for Next Mark 4.146ms
[2023-11-28T21:31:33.231+0530][gc            ] GC(2) Concurrent Cycle 14.950ms
[2023-11-28T21:31:33.653+0530][gc,start      ] GC(3) Pause Young (Normal) (G1 Evacuation Pause)
[2023-11-28T21:31:33.654+0530][gc,task       ] GC(3) Using 10 workers of 10 for evacuation
[2023-11-28T21:31:33.662+0530][gc,phases     ] GC(3)   Pre Evacuate Collection Set: 0.0ms
[2023-11-28T21:31:33.662+0530][gc,phases     ] GC(3)   Evacuate Collection Set: 7.8ms
[2023-11-28T21:31:33.662+0530][gc,phases     ] GC(3)   Post Evacuate Collection Set: 0.7ms
[2023-11-28T21:31:33.662+0530][gc,phases     ] GC(3)   Other: 0.2ms
[2023-11-28T21:31:33.662+0530][gc,heap       ] GC(3) Eden regions: 49->0(46)
[2023-11-28T21:31:33.662+0530][gc,heap       ] GC(3) Survivor regions: 2->5(7)
[2023-11-28T21:31:33.662+0530][gc,heap       ] GC(3) Old regions: 9->9
[2023-11-28T21:31:33.662+0530][gc,heap       ] GC(3) Humongous regions: 129->129
[2023-11-28T21:31:33.662+0530][gc,metaspace  ] GC(3) Metaspace: 28503K(29696K)->28503K(29696K) NonClass: 25191K(25856K)->25191K(25856K) Class: 3312K(3840K)->3312K(3840K)
[2023-11-28T21:31:33.662+0530][gc            ] GC(3) Pause Young (Normal) (G1 Evacuation Pause) 186M->141M(1024M) 8.765ms
[2023-11-28T21:31:33.662+0530][gc,cpu        ] GC(3) User=0.05s Sys=0.00s Real=0.00s
[2023-11-28T21:31:33.907+0530][gc,start      ] GC(4) Pause Young (Concurrent Start) (Metadata GC Threshold)
[2023-11-28T21:31:33.907+0530][gc,task       ] GC(4) Using 10 workers of 10 for evacuation
[2023-11-28T21:31:33.915+0530][gc,phases     ] GC(4)   Pre Evacuate Collection Set: 0.1ms
[2023-11-28T21:31:33.915+0530][gc,phases     ] GC(4)   Evacuate Collection Set: 6.4ms
[2023-11-28T21:31:33.915+0530][gc,phases     ] GC(4)   Post Evacuate Collection Set: 1.5ms
[2023-11-28T21:31:33.915+0530][gc,phases     ] GC(4)   Other: 0.2ms
[2023-11-28T21:31:33.915+0530][gc,heap       ] GC(4) Eden regions: 30->0(48)
[2023-11-28T21:31:33.915+0530][gc,heap       ] GC(4) Survivor regions: 5->3(7)
[2023-11-28T21:31:33.915+0530][gc,heap       ] GC(4) Old regions: 9->14
[2023-11-28T21:31:33.915+0530][gc,heap       ] GC(4) Humongous regions: 129->129
[2023-11-28T21:31:33.915+0530][gc,metaspace  ] GC(4) Metaspace: 34408K(35840K)->34408K(35840K) NonClass: 30363K(31104K)->30363K(31104K) Class: 4044K(4736K)->4044K(4736K)
[2023-11-28T21:31:33.915+0530][gc            ] GC(4) Pause Young (Concurrent Start) (Metadata GC Threshold) 171M->142M(1024M) 8.315ms
[2023-11-28T21:31:33.915+0530][gc,cpu        ] GC(4) User=0.04s Sys=0.01s Real=0.01s
[2023-11-28T21:31:33.915+0530][gc            ] GC(5) Concurrent Cycle
[2023-11-28T21:31:33.915+0530][gc,marking    ] GC(5) Concurrent Clear Claimed Marks
[2023-11-28T21:31:33.916+0530][gc,marking    ] GC(5) Concurrent Clear Claimed Marks 0.675ms
[2023-11-28T21:31:33.916+0530][gc,marking    ] GC(5) Concurrent Scan Root Regions
[2023-11-28T21:31:33.918+0530][gc,marking    ] GC(5) Concurrent Scan Root Regions 1.713ms
[2023-11-28T21:31:33.918+0530][gc,marking    ] GC(5) Concurrent Mark (1.622s)
[2023-11-28T21:31:33.918+0530][gc,marking    ] GC(5) Concurrent Mark From Roots
[2023-11-28T21:31:33.918+0530][gc,task       ] GC(5) Using 3 workers of 3 for marking
[2023-11-28T21:31:33.930+0530][gc,marking    ] GC(5) Concurrent Mark From Roots 11.827ms
[2023-11-28T21:31:33.930+0530][gc,marking    ] GC(5) Concurrent Preclean
[2023-11-28T21:31:33.930+0530][gc,marking    ] GC(5) Concurrent Preclean 0.153ms
[2023-11-28T21:31:33.930+0530][gc,marking    ] GC(5) Concurrent Mark (1.622s, 1.634s) 12.049ms
[2023-11-28T21:31:33.930+0530][gc,start      ] GC(5) Pause Remark
[2023-11-28T21:31:33.934+0530][gc,stringtable] GC(5) Cleaned string and symbol table, strings: 10926 processed, 13 removed, symbols: 85408 processed, 16 removed
[2023-11-28T21:31:33.935+0530][gc            ] GC(5) Pause Remark 144M->144M(1024M) 4.862ms
[2023-11-28T21:31:33.935+0530][gc,cpu        ] GC(5) User=0.03s Sys=0.00s Real=0.01s
[2023-11-28T21:31:33.935+0530][gc,marking    ] GC(5) Concurrent Rebuild Remembered Sets
[2023-11-28T21:31:33.939+0530][gc,marking    ] GC(5) Concurrent Rebuild Remembered Sets 4.259ms
[2023-11-28T21:31:33.939+0530][gc,start      ] GC(5) Pause Cleanup
[2023-11-28T21:31:33.939+0530][gc            ] GC(5) Pause Cleanup 144M->144M(1024M) 0.217ms
[2023-11-28T21:31:33.939+0530][gc,cpu        ] GC(5) User=0.00s Sys=0.00s Real=0.00s
[2023-11-28T21:31:33.939+0530][gc,marking    ] GC(5) Concurrent Cleanup for Next Mark
[2023-11-28T21:31:33.944+0530][gc,marking    ] GC(5) Concurrent Cleanup for Next Mark 4.794ms
[2023-11-28T21:31:33.944+0530][gc            ] GC(5) Concurrent Cycle 29.212ms
[2023-11-28T21:45:39.634+0530][gc,heap,exit  ] Heap
[2023-11-28T21:45:39.634+0530][gc,heap,exit  ]  garbage-first heap   total 1048576K, used 173034K [0x00000000c0000000, 0x0000000100000000)
[2023-11-28T21:45:39.634+0530][gc,heap,exit  ]   region size 1024K, 30 young (30720K), 3 survivors (3072K)
[2023-11-28T21:45:39.634+0530][gc,heap,exit  ]  Metaspace       used 37113K, capacity 38751K, committed 38912K, reserved 1083392K
[2023-11-28T21:45:39.634+0530][gc,heap,exit  ]   class space    used 4529K, capacity 5327K, committed 5376K, reserved 1048576K
