[2023-11-29T22:12:26.196+0530][gc,heap] Heap region size: 1M
[2023-11-29T22:12:26.201+0530][gc     ] Using G1
[2023-11-29T22:12:26.201+0530][gc,heap,coops] Heap address: 0x00000000c0000000, size: 1024 MB, Compressed Oops mode: 32-bit
[2023-11-29T22:12:26.202+0530][gc,cds       ] Mark closed archive regions in map: [0x00000000fff00000, 0x00000000fff6bff8]
[2023-11-29T22:12:26.202+0530][gc,cds       ] Mark open archive regions in map: [0x00000000ffe00000, 0x00000000ffe47ff8]
[2023-11-29T22:12:26.740+0530][gc,start     ] GC(0) Pause Young (Normal) (G1 Evacuation Pause)
[2023-11-29T22:12:26.741+0530][gc,task      ] GC(0) Using 10 workers of 10 for evacuation
[2023-11-29T22:12:26.747+0530][gc,phases    ] GC(0)   Pre Evacuate Collection Set: 0.0ms
[2023-11-29T22:12:26.747+0530][gc,phases    ] GC(0)   Evacuate Collection Set: 5.2ms
[2023-11-29T22:12:26.747+0530][gc,phases    ] GC(0)   Post Evacuate Collection Set: 0.7ms
[2023-11-29T22:12:26.747+0530][gc,phases    ] GC(0)   Other: 0.7ms
[2023-11-29T22:12:26.747+0530][gc,heap      ] GC(0) Eden regions: 51->0(44)
[2023-11-29T22:12:26.747+0530][gc,heap      ] GC(0) Survivor regions: 0->7(7)
[2023-11-29T22:12:26.747+0530][gc,heap      ] GC(0) Old regions: 2->2
[2023-11-29T22:12:26.747+0530][gc,heap      ] GC(0) Humongous regions: 0->0
[2023-11-29T22:12:26.747+0530][gc,metaspace ] GC(0) Metaspace: 14187K(14848K)->14187K(14848K) NonClass: 12445K(12800K)->12445K(12800K) Class: 1742K(2048K)->1742K(2048K)
[2023-11-29T22:12:26.747+0530][gc           ] GC(0) Pause Young (Normal) (G1 Evacuation Pause) 51M->7M(1024M) 6.680ms
[2023-11-29T22:12:26.747+0530][gc,cpu       ] GC(0) User=0.05s Sys=0.00s Real=0.01s
[2023-11-29T22:12:27.171+0530][gc,start     ] GC(1) Pause Young (Concurrent Start) (Metadata GC Threshold)
[2023-11-29T22:12:27.171+0530][gc,task      ] GC(1) Using 10 workers of 10 for evacuation
[2023-11-29T22:12:27.179+0530][gc,phases    ] GC(1)   Pre Evacuate Collection Set: 0.1ms
[2023-11-29T22:12:27.179+0530][gc,phases    ] GC(1)   Evacuate Collection Set: 7.3ms
[2023-11-29T22:12:27.179+0530][gc,phases    ] GC(1)   Post Evacuate Collection Set: 0.4ms
[2023-11-29T22:12:27.179+0530][gc,phases    ] GC(1)   Other: 0.2ms
[2023-11-29T22:12:27.179+0530][gc,heap      ] GC(1) Eden regions: 30->0(49)
[2023-11-29T22:12:27.179+0530][gc,heap      ] GC(1) Survivor regions: 7->2(7)
[2023-11-29T22:12:27.179+0530][gc,heap      ] GC(1) Old regions: 2->9
[2023-11-29T22:12:27.179+0530][gc,heap      ] GC(1) Humongous regions: 0->0
[2023-11-29T22:12:27.179+0530][gc,metaspace ] GC(1) Metaspace: 20553K(21248K)->20553K(21248K) NonClass: 18065K(18432K)->18065K(18432K) Class: 2488K(2816K)->2488K(2816K)
[2023-11-29T22:12:27.179+0530][gc           ] GC(1) Pause Young (Concurrent Start) (Metadata GC Threshold) 36M->8M(1024M) 7.996ms
[2023-11-29T22:12:27.179+0530][gc,cpu       ] GC(1) User=0.03s Sys=0.01s Real=0.01s
[2023-11-29T22:12:27.179+0530][gc           ] GC(2) Concurrent Cycle
[2023-11-29T22:12:27.179+0530][gc,marking   ] GC(2) Concurrent Clear Claimed Marks
[2023-11-29T22:12:27.179+0530][gc,marking   ] GC(2) Concurrent Clear Claimed Marks 0.023ms
[2023-11-29T22:12:27.179+0530][gc,marking   ] GC(2) Concurrent Scan Root Regions
[2023-11-29T22:12:27.180+0530][gc,marking   ] GC(2) Concurrent Scan Root Regions 0.712ms
[2023-11-29T22:12:27.180+0530][gc,marking   ] GC(2) Concurrent Mark (0.987s)
[2023-11-29T22:12:27.180+0530][gc,marking   ] GC(2) Concurrent Mark From Roots
[2023-11-29T22:12:27.180+0530][gc,task      ] GC(2) Using 3 workers of 3 for marking
[2023-11-29T22:12:27.183+0530][gc,marking   ] GC(2) Concurrent Mark From Roots 3.254ms
[2023-11-29T22:12:27.183+0530][gc,marking   ] GC(2) Concurrent Preclean
[2023-11-29T22:12:27.183+0530][gc,marking   ] GC(2) Concurrent Preclean 0.095ms
[2023-11-29T22:12:27.183+0530][gc,marking   ] GC(2) Concurrent Mark (0.987s, 0.990s) 3.414ms
[2023-11-29T22:12:27.183+0530][gc,start     ] GC(2) Pause Remark
[2023-11-29T22:12:27.185+0530][gc,stringtable] GC(2) Cleaned string and symbol table, strings: 5177 processed, 0 removed, symbols: 53179 processed, 44 removed
[2023-11-29T22:12:27.185+0530][gc            ] GC(2) Pause Remark 9M->9M(1024M) 2.257ms
[2023-11-29T22:12:27.185+0530][gc,cpu        ] GC(2) User=0.02s Sys=0.00s Real=0.01s
[2023-11-29T22:12:27.185+0530][gc,marking    ] GC(2) Concurrent Rebuild Remembered Sets
[2023-11-29T22:12:27.187+0530][gc,marking    ] GC(2) Concurrent Rebuild Remembered Sets 1.641ms
[2023-11-29T22:12:27.187+0530][gc,start      ] GC(2) Pause Cleanup
[2023-11-29T22:12:27.187+0530][gc            ] GC(2) Pause Cleanup 9M->9M(1024M) 0.139ms
[2023-11-29T22:12:27.187+0530][gc,cpu        ] GC(2) User=0.00s Sys=0.00s Real=0.00s
[2023-11-29T22:12:27.187+0530][gc,marking    ] GC(2) Concurrent Cleanup for Next Mark
[2023-11-29T22:12:27.190+0530][gc,marking    ] GC(2) Concurrent Cleanup for Next Mark 3.038ms
[2023-11-29T22:12:27.191+0530][gc            ] GC(2) Concurrent Cycle 11.745ms
[2023-11-29T22:12:27.617+0530][gc,start      ] GC(3) Pause Young (Normal) (G1 Evacuation Pause)
[2023-11-29T22:12:27.617+0530][gc,task       ] GC(3) Using 10 workers of 10 for evacuation
[2023-11-29T22:12:27.620+0530][gc,phases     ] GC(3)   Pre Evacuate Collection Set: 0.0ms
[2023-11-29T22:12:27.620+0530][gc,phases     ] GC(3)   Evacuate Collection Set: 2.4ms
[2023-11-29T22:12:27.620+0530][gc,phases     ] GC(3)   Post Evacuate Collection Set: 0.3ms
[2023-11-29T22:12:27.620+0530][gc,phases     ] GC(3)   Other: 0.1ms
[2023-11-29T22:12:27.620+0530][gc,heap       ] GC(3) Eden regions: 49->0(46)
[2023-11-29T22:12:27.620+0530][gc,heap       ] GC(3) Survivor regions: 2->5(7)
[2023-11-29T22:12:27.620+0530][gc,heap       ] GC(3) Old regions: 9->9
[2023-11-29T22:12:27.620+0530][gc,heap       ] GC(3) Humongous regions: 129->129
[2023-11-29T22:12:27.620+0530][gc,metaspace  ] GC(3) Metaspace: 28482K(29696K)->28482K(29696K) NonClass: 25170K(25856K)->25170K(25856K) Class: 3312K(3840K)->3312K(3840K)
[2023-11-29T22:12:27.620+0530][gc            ] GC(3) Pause Young (Normal) (G1 Evacuation Pause) 186M->141M(1024M) 2.941ms
[2023-11-29T22:12:27.620+0530][gc,cpu        ] GC(3) User=0.02s Sys=0.00s Real=0.00s
[2023-11-29T22:12:27.907+0530][gc,start      ] GC(4) Pause Young (Concurrent Start) (Metadata GC Threshold)
[2023-11-29T22:12:27.907+0530][gc,task       ] GC(4) Using 10 workers of 10 for evacuation
[2023-11-29T22:12:27.916+0530][gc,phases     ] GC(4)   Pre Evacuate Collection Set: 0.2ms
[2023-11-29T22:12:27.916+0530][gc,phases     ] GC(4)   Evacuate Collection Set: 7.1ms
[2023-11-29T22:12:27.916+0530][gc,phases     ] GC(4)   Post Evacuate Collection Set: 1.0ms
[2023-11-29T22:12:27.916+0530][gc,phases     ] GC(4)   Other: 0.6ms
[2023-11-29T22:12:27.916+0530][gc,heap       ] GC(4) Eden regions: 31->0(49)
[2023-11-29T22:12:27.916+0530][gc,heap       ] GC(4) Survivor regions: 5->2(7)
[2023-11-29T22:12:27.916+0530][gc,heap       ] GC(4) Old regions: 9->14
[2023-11-29T22:12:27.916+0530][gc,heap       ] GC(4) Humongous regions: 129->129
[2023-11-29T22:12:27.916+0530][gc,metaspace  ] GC(4) Metaspace: 34401K(35840K)->34401K(35840K) NonClass: 30358K(31104K)->30358K(31104K) Class: 4043K(4736K)->4043K(4736K)
[2023-11-29T22:12:27.916+0530][gc            ] GC(4) Pause Young (Concurrent Start) (Metadata GC Threshold) 171M->142M(1024M) 8.966ms
[2023-11-29T22:12:27.916+0530][gc,cpu        ] GC(4) User=0.04s Sys=0.01s Real=0.01s
[2023-11-29T22:12:27.916+0530][gc            ] GC(5) Concurrent Cycle
[2023-11-29T22:12:27.916+0530][gc,marking    ] GC(5) Concurrent Clear Claimed Marks
[2023-11-29T22:12:27.916+0530][gc,marking    ] GC(5) Concurrent Clear Claimed Marks 0.224ms
[2023-11-29T22:12:27.916+0530][gc,marking    ] GC(5) Concurrent Scan Root Regions
[2023-11-29T22:12:27.918+0530][gc,marking    ] GC(5) Concurrent Scan Root Regions 1.387ms
[2023-11-29T22:12:27.918+0530][gc,marking    ] GC(5) Concurrent Mark (1.725s)
[2023-11-29T22:12:27.918+0530][gc,marking    ] GC(5) Concurrent Mark From Roots
[2023-11-29T22:12:27.918+0530][gc,task       ] GC(5) Using 3 workers of 3 for marking
[2023-11-29T22:12:27.933+0530][gc,marking    ] GC(5) Concurrent Mark From Roots 15.258ms
[2023-11-29T22:12:27.933+0530][gc,marking    ] GC(5) Concurrent Preclean
[2023-11-29T22:12:27.933+0530][gc,marking    ] GC(5) Concurrent Preclean 0.215ms
[2023-11-29T22:12:27.933+0530][gc,marking    ] GC(5) Concurrent Mark (1.725s, 1.740s) 15.550ms
[2023-11-29T22:12:27.933+0530][gc,start      ] GC(5) Pause Remark
[2023-11-29T22:12:27.936+0530][gc,stringtable] GC(5) Cleaned string and symbol table, strings: 10939 processed, 14 removed, symbols: 85409 processed, 16 removed
[2023-11-29T22:12:27.936+0530][gc            ] GC(5) Pause Remark 143M->143M(1024M) 2.442ms
[2023-11-29T22:12:27.936+0530][gc,cpu        ] GC(5) User=0.02s Sys=0.00s Real=0.00s
[2023-11-29T22:12:27.936+0530][gc,marking    ] GC(5) Concurrent Rebuild Remembered Sets
[2023-11-29T22:12:27.941+0530][gc,marking    ] GC(5) Concurrent Rebuild Remembered Sets 5.106ms
[2023-11-29T22:12:27.941+0530][gc,start      ] GC(5) Pause Cleanup
[2023-11-29T22:12:27.942+0530][gc            ] GC(5) Pause Cleanup 144M->144M(1024M) 0.274ms
[2023-11-29T22:12:27.942+0530][gc,cpu        ] GC(5) User=0.00s Sys=0.00s Real=0.00s
[2023-11-29T22:12:27.942+0530][gc,marking    ] GC(5) Concurrent Cleanup for Next Mark
[2023-11-29T22:12:27.945+0530][gc,marking    ] GC(5) Concurrent Cleanup for Next Mark 3.764ms
[2023-11-29T22:12:27.945+0530][gc            ] GC(5) Concurrent Cycle 29.390ms
[2023-11-29T22:13:13.768+0530][gc,start      ] GC(6) Pause Young (Normal) (G1 Evacuation Pause)
[2023-11-29T22:13:13.768+0530][gc,task       ] GC(6) Using 10 workers of 10 for evacuation
[2023-11-29T22:13:13.770+0530][gc,phases     ] GC(6)   Pre Evacuate Collection Set: 0.0ms
[2023-11-29T22:13:13.770+0530][gc,phases     ] GC(6)   Evacuate Collection Set: 1.8ms
[2023-11-29T22:13:13.770+0530][gc,phases     ] GC(6)   Post Evacuate Collection Set: 0.4ms
[2023-11-29T22:13:13.770+0530][gc,phases     ] GC(6)   Other: 0.1ms
[2023-11-29T22:13:13.770+0530][gc,heap       ] GC(6) Eden regions: 49->0(47)
[2023-11-29T22:13:13.770+0530][gc,heap       ] GC(6) Survivor regions: 2->4(7)
[2023-11-29T22:13:13.770+0530][gc,heap       ] GC(6) Old regions: 14->14
[2023-11-29T22:13:13.770+0530][gc,heap       ] GC(6) Humongous regions: 129->129
[2023-11-29T22:13:13.770+0530][gc,metaspace  ] GC(6) Metaspace: 40632K(43136K)->40632K(43136K) NonClass: 35534K(36864K)->35534K(36864K) Class: 5098K(6272K)->5098K(6272K)
[2023-11-29T22:13:13.770+0530][gc            ] GC(6) Pause Young (Normal) (G1 Evacuation Pause) 191M->144M(1024M) 2.408ms
[2023-11-29T22:13:13.770+0530][gc,cpu        ] GC(6) User=0.01s Sys=0.00s Real=0.00s
[2023-11-29T22:14:12.762+0530][gc,start      ] GC(7) Pause Young (Normal) (G1 Evacuation Pause)
[2023-11-29T22:14:12.762+0530][gc,task       ] GC(7) Using 10 workers of 10 for evacuation
[2023-11-29T22:14:12.773+0530][gc,phases     ] GC(7)   Pre Evacuate Collection Set: 0.0ms
[2023-11-29T22:14:12.773+0530][gc,phases     ] GC(7)   Evacuate Collection Set: 8.9ms
[2023-11-29T22:14:12.773+0530][gc,phases     ] GC(7)   Post Evacuate Collection Set: 1.4ms
[2023-11-29T22:14:12.773+0530][gc,phases     ] GC(7)   Other: 0.4ms
[2023-11-29T22:14:12.773+0530][gc,heap       ] GC(7) Eden regions: 47->0(46)
[2023-11-29T22:14:12.773+0530][gc,heap       ] GC(7) Survivor regions: 4->5(7)
[2023-11-29T22:14:12.773+0530][gc,heap       ] GC(7) Old regions: 14->14
[2023-11-29T22:14:12.773+0530][gc,heap       ] GC(7) Humongous regions: 129->129
[2023-11-29T22:14:12.773+0530][gc,metaspace  ] GC(7) Metaspace: 41736K(44416K)->41736K(44416K) NonClass: 36471K(37888K)->36471K(37888K) Class: 5264K(6528K)->5264K(6528K)
[2023-11-29T22:14:12.773+0530][gc            ] GC(7) Pause Young (Normal) (G1 Evacuation Pause) 191M->145M(1024M) 10.995ms
[2023-11-29T22:14:12.773+0530][gc,cpu        ] GC(7) User=0.05s Sys=0.02s Real=0.02s
[2023-11-29T22:14:39.687+0530][gc,start      ] GC(8) Pause Young (Normal) (G1 Evacuation Pause)
[2023-11-29T22:14:39.705+0530][gc,task       ] GC(8) Using 10 workers of 10 for evacuation
[2023-11-29T22:14:39.712+0530][gc,phases     ] GC(8)   Pre Evacuate Collection Set: 0.0ms
[2023-11-29T22:14:39.712+0530][gc,phases     ] GC(8)   Evacuate Collection Set: 5.9ms
[2023-11-29T22:14:39.712+0530][gc,phases     ] GC(8)   Post Evacuate Collection Set: 0.4ms
[2023-11-29T22:14:39.712+0530][gc,phases     ] GC(8)   Other: 18.1ms
[2023-11-29T22:14:39.712+0530][gc,heap       ] GC(8) Eden regions: 46->0(47)
[2023-11-29T22:14:39.712+0530][gc,heap       ] GC(8) Survivor regions: 5->4(7)
[2023-11-29T22:14:39.712+0530][gc,heap       ] GC(8) Old regions: 14->16
[2023-11-29T22:14:39.712+0530][gc,heap       ] GC(8) Humongous regions: 129->129
[2023-11-29T22:14:39.712+0530][gc,metaspace  ] GC(8) Metaspace: 41749K(44416K)->41749K(44416K) NonClass: 36484K(37888K)->36484K(37888K) Class: 5264K(6528K)->5264K(6528K)
[2023-11-29T22:14:39.712+0530][gc            ] GC(8) Pause Young (Normal) (G1 Evacuation Pause) 191M->145M(1024M) 24.532ms
[2023-11-29T22:14:39.712+0530][gc,cpu        ] GC(8) User=0.06s Sys=0.00s Real=0.02s
[2023-11-29T22:15:09.914+0530][gc,start      ] GC(9) Pause Young (Normal) (G1 Evacuation Pause)
[2023-11-29T22:15:09.914+0530][gc,task       ] GC(9) Using 10 workers of 10 for evacuation
[2023-11-29T22:15:09.920+0530][gc,phases     ] GC(9)   Pre Evacuate Collection Set: 0.0ms
[2023-11-29T22:15:09.920+0530][gc,phases     ] GC(9)   Evacuate Collection Set: 5.3ms
[2023-11-29T22:15:09.920+0530][gc,phases     ] GC(9)   Post Evacuate Collection Set: 0.3ms
[2023-11-29T22:15:09.920+0530][gc,phases     ] GC(9)   Other: 0.4ms
[2023-11-29T22:15:09.920+0530][gc,heap       ] GC(9) Eden regions: 47->0(48)
[2023-11-29T22:15:09.920+0530][gc,heap       ] GC(9) Survivor regions: 4->3(7)
[2023-11-29T22:15:09.920+0530][gc,heap       ] GC(9) Old regions: 16->16
[2023-11-29T22:15:09.920+0530][gc,heap       ] GC(9) Humongous regions: 129->129
[2023-11-29T22:15:09.920+0530][gc,metaspace  ] GC(9) Metaspace: 41751K(44416K)->41751K(44416K) NonClass: 36486K(37888K)->36486K(37888K) Class: 5264K(6528K)->5264K(6528K)
[2023-11-29T22:15:09.920+0530][gc            ] GC(9) Pause Young (Normal) (G1 Evacuation Pause) 192M->145M(1024M) 5.985ms
[2023-11-29T22:15:09.920+0530][gc,cpu        ] GC(9) User=0.06s Sys=0.00s Real=0.00s
[2023-11-29T22:15:40.421+0530][gc,start      ] GC(10) Pause Young (Normal) (G1 Evacuation Pause)
[2023-11-29T22:15:40.421+0530][gc,task       ] GC(10) Using 10 workers of 10 for evacuation
[2023-11-29T22:15:40.424+0530][gc,phases     ] GC(10)   Pre Evacuate Collection Set: 0.0ms
[2023-11-29T22:15:40.424+0530][gc,phases     ] GC(10)   Evacuate Collection Set: 1.8ms
[2023-11-29T22:15:40.424+0530][gc,phases     ] GC(10)   Post Evacuate Collection Set: 0.3ms
[2023-11-29T22:15:40.424+0530][gc,phases     ] GC(10)   Other: 0.1ms
[2023-11-29T22:15:40.424+0530][gc,heap       ] GC(10) Eden regions: 48->0(53)
[2023-11-29T22:15:40.424+0530][gc,heap       ] GC(10) Survivor regions: 3->3(7)
[2023-11-29T22:15:40.424+0530][gc,heap       ] GC(10) Old regions: 16->16
[2023-11-29T22:15:40.424+0530][gc,heap       ] GC(10) Humongous regions: 129->129
[2023-11-29T22:15:40.424+0530][gc,metaspace  ] GC(10) Metaspace: 41765K(44416K)->41765K(44416K) NonClass: 36500K(37888K)->36500K(37888K) Class: 5264K(6528K)->5264K(6528K)
[2023-11-29T22:15:40.424+0530][gc            ] GC(10) Pause Young (Normal) (G1 Evacuation Pause) 193M->145M(1024M) 2.374ms
[2023-11-29T22:15:40.424+0530][gc,cpu        ] GC(10) User=0.01s Sys=0.00s Real=0.00s
[2023-11-29T22:16:13.964+0530][gc,start      ] GC(11) Pause Young (Normal) (G1 Evacuation Pause)
[2023-11-29T22:16:13.964+0530][gc,task       ] GC(11) Using 10 workers of 10 for evacuation
[2023-11-29T22:16:13.971+0530][gc,phases     ] GC(11)   Pre Evacuate Collection Set: 0.1ms
[2023-11-29T22:16:13.971+0530][gc,phases     ] GC(11)   Evacuate Collection Set: 5.6ms
[2023-11-29T22:16:13.971+0530][gc,phases     ] GC(11)   Post Evacuate Collection Set: 0.4ms
[2023-11-29T22:16:13.971+0530][gc,phases     ] GC(11)   Other: 0.9ms
[2023-11-29T22:16:13.971+0530][gc,heap       ] GC(11) Eden regions: 53->0(55)
[2023-11-29T22:16:13.971+0530][gc,heap       ] GC(11) Survivor regions: 3->4(7)
[2023-11-29T22:16:13.971+0530][gc,heap       ] GC(11) Old regions: 16->16
[2023-11-29T22:16:13.971+0530][gc,heap       ] GC(11) Humongous regions: 129->129
[2023-11-29T22:16:13.971+0530][gc,metaspace  ] GC(11) Metaspace: 41769K(44416K)->41769K(44416K) NonClass: 36504K(37888K)->36504K(37888K) Class: 5264K(6528K)->5264K(6528K)
[2023-11-29T22:16:13.971+0530][gc            ] GC(11) Pause Young (Normal) (G1 Evacuation Pause) 198M->145M(1024M) 6.966ms
[2023-11-29T22:16:13.971+0530][gc,cpu        ] GC(11) User=0.05s Sys=0.01s Real=0.01s
[2023-11-29T22:16:49.881+0530][gc,start      ] GC(12) Pause Young (Normal) (G1 Evacuation Pause)
[2023-11-29T22:16:49.881+0530][gc,task       ] GC(12) Using 10 workers of 10 for evacuation
[2023-11-29T22:16:49.887+0530][gc,phases     ] GC(12)   Pre Evacuate Collection Set: 0.0ms
[2023-11-29T22:16:49.887+0530][gc,phases     ] GC(12)   Evacuate Collection Set: 6.0ms
[2023-11-29T22:16:49.887+0530][gc,phases     ] GC(12)   Post Evacuate Collection Set: 0.3ms
[2023-11-29T22:16:49.887+0530][gc,phases     ] GC(12)   Other: 0.4ms
[2023-11-29T22:16:49.887+0530][gc,heap       ] GC(12) Eden regions: 55->0(535)
[2023-11-29T22:16:49.887+0530][gc,heap       ] GC(12) Survivor regions: 4->3(8)
[2023-11-29T22:16:49.887+0530][gc,heap       ] GC(12) Old regions: 16->16
[2023-11-29T22:16:49.887+0530][gc,heap       ] GC(12) Humongous regions: 129->129
[2023-11-29T22:16:49.887+0530][gc,metaspace  ] GC(12) Metaspace: 41770K(44416K)->41770K(44416K) NonClass: 36505K(37888K)->36505K(37888K) Class: 5264K(6528K)->5264K(6528K)
[2023-11-29T22:16:49.887+0530][gc            ] GC(12) Pause Young (Normal) (G1 Evacuation Pause) 200M->145M(1024M) 6.767ms
[2023-11-29T22:16:49.887+0530][gc,cpu        ] GC(12) User=0.05s Sys=0.01s Real=0.01s
[2023-11-29T22:22:38.967+0530][gc,start      ] GC(13) Pause Young (Normal) (G1 Evacuation Pause)
[2023-11-29T22:22:38.969+0530][gc,task       ] GC(13) Using 10 workers of 10 for evacuation
[2023-11-29T22:22:38.977+0530][gc,phases     ] GC(13)   Pre Evacuate Collection Set: 0.0ms
[2023-11-29T22:22:38.977+0530][gc,phases     ] GC(13)   Evacuate Collection Set: 6.0ms
[2023-11-29T22:22:38.977+0530][gc,phases     ] GC(13)   Post Evacuate Collection Set: 1.2ms
[2023-11-29T22:22:38.977+0530][gc,phases     ] GC(13)   Other: 2.1ms
[2023-11-29T22:22:38.977+0530][gc,heap       ] GC(13) Eden regions: 535->0(536)
[2023-11-29T22:22:38.977+0530][gc,heap       ] GC(13) Survivor regions: 3->3(68)
[2023-11-29T22:22:38.977+0530][gc,heap       ] GC(13) Old regions: 16->16
[2023-11-29T22:22:38.977+0530][gc,heap       ] GC(13) Humongous regions: 129->129
[2023-11-29T22:22:38.977+0530][gc,metaspace  ] GC(13) Metaspace: 41890K(44416K)->41890K(44416K) NonClass: 36600K(37888K)->36600K(37888K) Class: 5290K(6528K)->5290K(6528K)
[2023-11-29T22:22:38.977+0530][gc            ] GC(13) Pause Young (Normal) (G1 Evacuation Pause) 680M->145M(1024M) 9.659ms
[2023-11-29T22:22:38.977+0530][gc,cpu        ] GC(13) User=0.06s Sys=0.00s Real=0.01s
[2023-11-29T22:28:26.035+0530][gc,start      ] GC(14) Pause Young (Normal) (G1 Evacuation Pause)
[2023-11-29T22:28:26.035+0530][gc,task       ] GC(14) Using 10 workers of 10 for evacuation
[2023-11-29T22:28:26.041+0530][gc,phases     ] GC(14)   Pre Evacuate Collection Set: 0.0ms
[2023-11-29T22:28:26.041+0530][gc,phases     ] GC(14)   Evacuate Collection Set: 5.4ms
[2023-11-29T22:28:26.041+0530][gc,phases     ] GC(14)   Post Evacuate Collection Set: 0.5ms
[2023-11-29T22:28:26.041+0530][gc,phases     ] GC(14)   Other: 0.4ms
[2023-11-29T22:28:26.041+0530][gc,heap       ] GC(14) Eden regions: 536->0(540)
[2023-11-29T22:28:26.041+0530][gc,heap       ] GC(14) Survivor regions: 3->3(68)
[2023-11-29T22:28:26.041+0530][gc,heap       ] GC(14) Old regions: 16->16
[2023-11-29T22:28:26.041+0530][gc,heap       ] GC(14) Humongous regions: 129->129
[2023-11-29T22:28:26.041+0530][gc,metaspace  ] GC(14) Metaspace: 41934K(44416K)->41934K(44416K) NonClass: 36641K(37888K)->36641K(37888K) Class: 5292K(6528K)->5292K(6528K)
[2023-11-29T22:28:26.041+0530][gc            ] GC(14) Pause Young (Normal) (G1 Evacuation Pause) 681M->145M(1024M) 6.458ms
[2023-11-29T22:28:26.041+0530][gc,cpu        ] GC(14) User=0.06s Sys=0.00s Real=0.00s
[2023-11-29T22:34:23.879+0530][gc,start      ] GC(15) Pause Young (Normal) (G1 Evacuation Pause)
[2023-11-29T22:34:23.879+0530][gc,task       ] GC(15) Using 10 workers of 10 for evacuation
[2023-11-29T22:34:23.882+0530][gc,phases     ] GC(15)   Pre Evacuate Collection Set: 0.0ms
[2023-11-29T22:34:23.882+0530][gc,phases     ] GC(15)   Evacuate Collection Set: 2.1ms
[2023-11-29T22:34:23.882+0530][gc,phases     ] GC(15)   Post Evacuate Collection Set: 0.7ms
[2023-11-29T22:34:23.882+0530][gc,phases     ] GC(15)   Other: 0.2ms
[2023-11-29T22:34:23.882+0530][gc,heap       ] GC(15) Eden regions: 540->0(547)
[2023-11-29T22:34:23.882+0530][gc,heap       ] GC(15) Survivor regions: 3->3(68)
[2023-11-29T22:34:23.882+0530][gc,heap       ] GC(15) Old regions: 16->16
[2023-11-29T22:34:23.882+0530][gc,heap       ] GC(15) Humongous regions: 129->129
[2023-11-29T22:34:23.882+0530][gc,metaspace  ] GC(15) Metaspace: 42012K(44672K)->42012K(44672K) NonClass: 36720K(38144K)->36720K(38144K) Class: 5292K(6528K)->5292K(6528K)
[2023-11-29T22:34:23.882+0530][gc            ] GC(15) Pause Young (Normal) (G1 Evacuation Pause) 685M->145M(1024M) 3.159ms
[2023-11-29T22:34:23.882+0530][gc,cpu        ] GC(15) User=0.02s Sys=0.00s Real=0.00s
[2023-11-29T22:40:27.027+0530][gc,start      ] GC(16) Pause Young (Normal) (G1 Evacuation Pause)
[2023-11-29T22:40:27.028+0530][gc,task       ] GC(16) Using 10 workers of 10 for evacuation
[2023-11-29T22:40:27.035+0530][gc,phases     ] GC(16)   Pre Evacuate Collection Set: 0.0ms
[2023-11-29T22:40:27.035+0530][gc,phases     ] GC(16)   Evacuate Collection Set: 5.5ms
[2023-11-29T22:40:27.035+0530][gc,phases     ] GC(16)   Post Evacuate Collection Set: 0.6ms
[2023-11-29T22:40:27.035+0530][gc,phases     ] GC(16)   Other: 1.9ms
[2023-11-29T22:40:27.035+0530][gc,heap       ] GC(16) Eden regions: 547->0(557)
[2023-11-29T22:40:27.035+0530][gc,heap       ] GC(16) Survivor regions: 3->3(69)
[2023-11-29T22:40:27.035+0530][gc,heap       ] GC(16) Old regions: 16->16
[2023-11-29T22:40:27.035+0530][gc,heap       ] GC(16) Humongous regions: 129->129
[2023-11-29T22:40:27.035+0530][gc,metaspace  ] GC(16) Metaspace: 42066K(44672K)->42066K(44672K) NonClass: 36773K(38144K)->36773K(38144K) Class: 5292K(6528K)->5292K(6528K)
[2023-11-29T22:40:27.035+0530][gc            ] GC(16) Pause Young (Normal) (G1 Evacuation Pause) 692M->145M(1024M) 8.024ms
[2023-11-29T22:40:27.035+0530][gc,cpu        ] GC(16) User=0.05s Sys=0.01s Real=0.01s
[2023-11-29T22:46:37.430+0530][gc,start      ] GC(17) Pause Young (Normal) (G1 Evacuation Pause)
[2023-11-29T22:46:37.430+0530][gc,task       ] GC(17) Using 10 workers of 10 for evacuation
[2023-11-29T22:46:37.437+0530][gc,phases     ] GC(17)   Pre Evacuate Collection Set: 0.1ms
[2023-11-29T22:46:37.437+0530][gc,phases     ] GC(17)   Evacuate Collection Set: 6.0ms
[2023-11-29T22:46:37.437+0530][gc,phases     ] GC(17)   Post Evacuate Collection Set: 0.6ms
[2023-11-29T22:46:37.437+0530][gc,phases     ] GC(17)   Other: 0.6ms
[2023-11-29T22:46:37.437+0530][gc,heap       ] GC(17) Eden regions: 557->0(566)
[2023-11-29T22:46:37.437+0530][gc,heap       ] GC(17) Survivor regions: 3->3(70)
[2023-11-29T22:46:37.437+0530][gc,heap       ] GC(17) Old regions: 16->16
[2023-11-29T22:46:37.437+0530][gc,heap       ] GC(17) Humongous regions: 129->129
[2023-11-29T22:46:37.437+0530][gc,metaspace  ] GC(17) Metaspace: 42084K(44672K)->42084K(44672K) NonClass: 36791K(38144K)->36791K(38144K) Class: 5292K(6528K)->5292K(6528K)
[2023-11-29T22:46:37.437+0530][gc            ] GC(17) Pause Young (Normal) (G1 Evacuation Pause) 702M->145M(1024M) 7.271ms
[2023-11-29T22:46:37.437+0530][gc,cpu        ] GC(17) User=0.05s Sys=0.01s Real=0.01s
[2023-11-29T22:52:53.933+0530][gc,start      ] GC(18) Pause Young (Normal) (G1 Evacuation Pause)
[2023-11-29T22:52:53.934+0530][gc,task       ] GC(18) Using 10 workers of 10 for evacuation
[2023-11-29T22:52:53.941+0530][gc,phases     ] GC(18)   Pre Evacuate Collection Set: 0.0ms
[2023-11-29T22:52:53.941+0530][gc,phases     ] GC(18)   Evacuate Collection Set: 5.5ms
[2023-11-29T22:52:53.941+0530][gc,phases     ] GC(18)   Post Evacuate Collection Set: 0.6ms
[2023-11-29T22:52:53.941+0530][gc,phases     ] GC(18)   Other: 1.7ms
[2023-11-29T22:52:53.941+0530][gc,heap       ] GC(18) Eden regions: 566->0(576)
[2023-11-29T22:52:53.941+0530][gc,heap       ] GC(18) Survivor regions: 3->3(72)
[2023-11-29T22:52:53.941+0530][gc,heap       ] GC(18) Old regions: 16->16
[2023-11-29T22:52:53.941+0530][gc,heap       ] GC(18) Humongous regions: 129->129
[2023-11-29T22:52:53.941+0530][gc,metaspace  ] GC(18) Metaspace: 42114K(44928K)->42114K(44928K) NonClass: 36821K(38400K)->36821K(38400K) Class: 5292K(6528K)->5292K(6528K)
[2023-11-29T22:52:53.941+0530][gc            ] GC(18) Pause Young (Normal) (G1 Evacuation Pause) 711M->145M(1024M) 7.956ms
[2023-11-29T22:52:53.941+0530][gc,cpu        ] GC(18) User=0.05s Sys=0.00s Real=0.00s
[2023-11-29T22:59:16.168+0530][gc,start      ] GC(19) Pause Young (Normal) (G1 Evacuation Pause)
[2023-11-29T22:59:16.168+0530][gc,task       ] GC(19) Using 10 workers of 10 for evacuation
[2023-11-29T22:59:16.174+0530][gc,phases     ] GC(19)   Pre Evacuate Collection Set: 0.0ms
[2023-11-29T22:59:16.174+0530][gc,phases     ] GC(19)   Evacuate Collection Set: 5.5ms
[2023-11-29T22:59:16.174+0530][gc,phases     ] GC(19)   Post Evacuate Collection Set: 0.7ms
[2023-11-29T22:59:16.174+0530][gc,phases     ] GC(19)   Other: 0.4ms
[2023-11-29T22:59:16.174+0530][gc,heap       ] GC(19) Eden regions: 576->0(588)
[2023-11-29T22:59:16.174+0530][gc,heap       ] GC(19) Survivor regions: 3->3(73)
[2023-11-29T22:59:16.174+0530][gc,heap       ] GC(19) Old regions: 16->16
[2023-11-29T22:59:16.174+0530][gc,heap       ] GC(19) Humongous regions: 129->129
[2023-11-29T22:59:16.174+0530][gc,metaspace  ] GC(19) Metaspace: 42133K(44928K)->42133K(44928K) NonClass: 36841K(38400K)->36841K(38400K) Class: 5292K(6528K)->5292K(6528K)
[2023-11-29T22:59:16.174+0530][gc            ] GC(19) Pause Young (Normal) (G1 Evacuation Pause) 721M->145M(1024M) 6.665ms
[2023-11-29T22:59:16.174+0530][gc,cpu        ] GC(19) User=0.05s Sys=0.00s Real=0.01s
[2023-11-29T23:05:44.585+0530][gc,start      ] GC(20) Pause Young (Normal) (G1 Evacuation Pause)
[2023-11-29T23:05:44.586+0530][gc,task       ] GC(20) Using 10 workers of 10 for evacuation
[2023-11-29T23:05:44.594+0530][gc,phases     ] GC(20)   Pre Evacuate Collection Set: 0.0ms
[2023-11-29T23:05:44.594+0530][gc,phases     ] GC(20)   Evacuate Collection Set: 6.7ms
[2023-11-29T23:05:44.594+0530][gc,phases     ] GC(20)   Post Evacuate Collection Set: 1.5ms
[2023-11-29T23:05:44.594+0530][gc,phases     ] GC(20)   Other: 0.5ms
[2023-11-29T23:05:44.594+0530][gc,heap       ] GC(20) Eden regions: 588->0(599)
[2023-11-29T23:05:44.594+0530][gc,heap       ] GC(20) Survivor regions: 3->3(74)
[2023-11-29T23:05:44.595+0530][gc,heap       ] GC(20) Old regions: 16->16
[2023-11-29T23:05:44.595+0530][gc,heap       ] GC(20) Humongous regions: 129->129
[2023-11-29T23:05:44.595+0530][gc,metaspace  ] GC(20) Metaspace: 42141K(44928K)->42141K(44928K) NonClass: 36849K(38400K)->36849K(38400K) Class: 5292K(6528K)->5292K(6528K)
[2023-11-29T23:05:44.595+0530][gc            ] GC(20) Pause Young (Normal) (G1 Evacuation Pause) 733M->145M(1024M) 9.109ms
[2023-11-29T23:05:44.595+0530][gc,cpu        ] GC(20) User=0.07s Sys=0.00s Real=0.01s
[2023-11-29T23:12:20.920+0530][gc,start      ] GC(21) Pause Young (Normal) (G1 Evacuation Pause)
[2023-11-29T23:12:20.920+0530][gc,task       ] GC(21) Using 10 workers of 10 for evacuation
[2023-11-29T23:12:20.930+0530][gc,phases     ] GC(21)   Pre Evacuate Collection Set: 0.0ms
[2023-11-29T23:12:20.930+0530][gc,phases     ] GC(21)   Evacuate Collection Set: 8.1ms
[2023-11-29T23:12:20.930+0530][gc,phases     ] GC(21)   Post Evacuate Collection Set: 1.5ms
[2023-11-29T23:12:20.930+0530][gc,phases     ] GC(21)   Other: 0.5ms
[2023-11-29T23:12:20.930+0530][gc,heap       ] GC(21) Eden regions: 599->0(610)
[2023-11-29T23:12:20.930+0530][gc,heap       ] GC(21) Survivor regions: 3->2(76)
[2023-11-29T23:12:20.930+0530][gc,heap       ] GC(21) Old regions: 16->17
[2023-11-29T23:12:20.930+0530][gc,heap       ] GC(21) Humongous regions: 129->129
[2023-11-29T23:12:20.930+0530][gc,metaspace  ] GC(21) Metaspace: 42200K(44928K)->42200K(44928K) NonClass: 36907K(38400K)->36907K(38400K) Class: 5292K(6528K)->5292K(6528K)
[2023-11-29T23:12:20.930+0530][gc            ] GC(21) Pause Young (Normal) (G1 Evacuation Pause) 744M->145M(1024M) 10.494ms
[2023-11-29T23:12:20.930+0530][gc,cpu        ] GC(21) User=0.08s Sys=0.01s Real=0.01s
[2023-11-29T23:19:03.368+0530][gc,start      ] GC(22) Pause Young (Normal) (G1 Evacuation Pause)
[2023-11-29T23:19:03.368+0530][gc,task       ] GC(22) Using 10 workers of 10 for evacuation
[2023-11-29T23:19:03.375+0530][gc,phases     ] GC(22)   Pre Evacuate Collection Set: 0.1ms
[2023-11-29T23:19:03.375+0530][gc,phases     ] GC(22)   Evacuate Collection Set: 4.0ms
[2023-11-29T23:19:03.375+0530][gc,phases     ] GC(22)   Post Evacuate Collection Set: 2.0ms
[2023-11-29T23:19:03.375+0530][gc,phases     ] GC(22)   Other: 0.7ms
[2023-11-29T23:19:03.375+0530][gc,heap       ] GC(22) Eden regions: 610->0(612)
[2023-11-29T23:19:03.375+0530][gc,heap       ] GC(22) Survivor regions: 2->2(77)
[2023-11-29T23:19:03.375+0530][gc,heap       ] GC(22) Old regions: 17->17
[2023-11-29T23:19:03.375+0530][gc,heap       ] GC(22) Humongous regions: 129->129
[2023-11-29T23:19:03.375+0530][gc,metaspace  ] GC(22) Metaspace: 42271K(44928K)->42271K(44928K) NonClass: 36973K(38400K)->36973K(38400K) Class: 5298K(6528K)->5298K(6528K)
[2023-11-29T23:19:03.375+0530][gc            ] GC(22) Pause Young (Normal) (G1 Evacuation Pause) 755M->145M(1024M) 6.965ms
[2023-11-29T23:19:03.375+0530][gc,cpu        ] GC(22) User=0.03s Sys=0.03s Real=0.01s
[2023-11-29T23:25:49.146+0530][gc,start      ] GC(23) Pause Young (Normal) (G1 Evacuation Pause)
[2023-11-29T23:25:49.146+0530][gc,task       ] GC(23) Using 10 workers of 10 for evacuation
[2023-11-29T23:25:49.147+0530][gc,phases     ] GC(23)   Pre Evacuate Collection Set: 0.0ms
[2023-11-29T23:25:49.147+0530][gc,phases     ] GC(23)   Evacuate Collection Set: 0.9ms
[2023-11-29T23:25:49.147+0530][gc,phases     ] GC(23)   Post Evacuate Collection Set: 0.4ms
[2023-11-29T23:25:49.147+0530][gc,phases     ] GC(23)   Other: 0.2ms
[2023-11-29T23:25:49.147+0530][gc,heap       ] GC(23) Eden regions: 612->0(612)
[2023-11-29T23:25:49.147+0530][gc,heap       ] GC(23) Survivor regions: 2->2(77)
[2023-11-29T23:25:49.147+0530][gc,heap       ] GC(23) Old regions: 17->17
[2023-11-29T23:25:49.147+0530][gc,heap       ] GC(23) Humongous regions: 129->129
[2023-11-29T23:25:49.147+0530][gc,metaspace  ] GC(23) Metaspace: 42272K(44928K)->42272K(44928K) NonClass: 36974K(38400K)->36974K(38400K) Class: 5298K(6528K)->5298K(6528K)
[2023-11-29T23:25:49.147+0530][gc            ] GC(23) Pause Young (Normal) (G1 Evacuation Pause) 757M->145M(1024M) 1.551ms
[2023-11-29T23:25:49.147+0530][gc,cpu        ] GC(23) User=0.00s Sys=0.00s Real=0.00s
[2023-11-29T23:32:34.447+0530][gc,start      ] GC(24) Pause Young (Normal) (G1 Evacuation Pause)
[2023-11-29T23:32:34.447+0530][gc,task       ] GC(24) Using 10 workers of 10 for evacuation
[2023-11-29T23:32:34.451+0530][gc,phases     ] GC(24)   Pre Evacuate Collection Set: 0.0ms
[2023-11-29T23:32:34.451+0530][gc,phases     ] GC(24)   Evacuate Collection Set: 2.5ms
[2023-11-29T23:32:34.451+0530][gc,phases     ] GC(24)   Post Evacuate Collection Set: 1.4ms
[2023-11-29T23:32:34.451+0530][gc,phases     ] GC(24)   Other: 0.5ms
[2023-11-29T23:32:34.451+0530][gc,heap       ] GC(24) Eden regions: 612->0(612)
[2023-11-29T23:32:34.451+0530][gc,heap       ] GC(24) Survivor regions: 2->2(77)
[2023-11-29T23:32:34.451+0530][gc,heap       ] GC(24) Old regions: 17->18
[2023-11-29T23:32:34.451+0530][gc,heap       ] GC(24) Humongous regions: 129->129
[2023-11-29T23:32:34.452+0530][gc,metaspace  ] GC(24) Metaspace: 42276K(44928K)->42276K(44928K) NonClass: 36977K(38400K)->36977K(38400K) Class: 5298K(6528K)->5298K(6528K)
[2023-11-29T23:32:34.452+0530][gc            ] GC(24) Pause Young (Normal) (G1 Evacuation Pause) 757M->145M(1024M) 4.719ms
[2023-11-29T23:32:34.452+0530][gc,cpu        ] GC(24) User=0.03s Sys=0.00s Real=0.00s
[2023-11-29T23:39:17.147+0530][gc,start      ] GC(25) Pause Young (Normal) (G1 Evacuation Pause)
[2023-11-29T23:39:17.148+0530][gc,task       ] GC(25) Using 10 workers of 10 for evacuation
[2023-11-29T23:39:17.153+0530][gc,phases     ] GC(25)   Pre Evacuate Collection Set: 0.0ms
[2023-11-29T23:39:17.153+0530][gc,phases     ] GC(25)   Evacuate Collection Set: 2.3ms
[2023-11-29T23:39:17.153+0530][gc,phases     ] GC(25)   Post Evacuate Collection Set: 1.3ms
[2023-11-29T23:39:17.153+0530][gc,phases     ] GC(25)   Other: 1.9ms
[2023-11-29T23:39:17.153+0530][gc,heap       ] GC(25) Eden regions: 612->0(612)
[2023-11-29T23:39:17.153+0530][gc,heap       ] GC(25) Survivor regions: 2->2(77)
[2023-11-29T23:39:17.153+0530][gc,heap       ] GC(25) Old regions: 18->18
[2023-11-29T23:39:17.153+0530][gc,heap       ] GC(25) Humongous regions: 129->129
[2023-11-29T23:39:17.153+0530][gc,metaspace  ] GC(25) Metaspace: 42280K(44928K)->42280K(44928K) NonClass: 36982K(38400K)->36982K(38400K) Class: 5298K(6528K)->5298K(6528K)
[2023-11-29T23:39:17.153+0530][gc            ] GC(25) Pause Young (Normal) (G1 Evacuation Pause) 757M->145M(1024M) 5.946ms
[2023-11-29T23:39:17.153+0530][gc,cpu        ] GC(25) User=0.02s Sys=0.01s Real=0.01s
[2023-11-29T23:45:57.142+0530][gc,start      ] GC(26) Pause Young (Normal) (G1 Evacuation Pause)
[2023-11-29T23:45:57.143+0530][gc,task       ] GC(26) Using 10 workers of 10 for evacuation
[2023-11-29T23:45:57.144+0530][gc,phases     ] GC(26)   Pre Evacuate Collection Set: 0.0ms
[2023-11-29T23:45:57.145+0530][gc,phases     ] GC(26)   Evacuate Collection Set: 0.9ms
[2023-11-29T23:45:57.145+0530][gc,phases     ] GC(26)   Post Evacuate Collection Set: 0.4ms
[2023-11-29T23:45:57.145+0530][gc,phases     ] GC(26)   Other: 1.4ms
[2023-11-29T23:45:57.145+0530][gc,heap       ] GC(26) Eden regions: 612->0(612)
[2023-11-29T23:45:57.145+0530][gc,heap       ] GC(26) Survivor regions: 2->2(77)
[2023-11-29T23:45:57.145+0530][gc,heap       ] GC(26) Old regions: 18->18
[2023-11-29T23:45:57.145+0530][gc,heap       ] GC(26) Humongous regions: 129->129
[2023-11-29T23:45:57.145+0530][gc,metaspace  ] GC(26) Metaspace: 42289K(44928K)->42289K(44928K) NonClass: 36991K(38400K)->36991K(38400K) Class: 5298K(6528K)->5298K(6528K)
[2023-11-29T23:45:57.145+0530][gc            ] GC(26) Pause Young (Normal) (G1 Evacuation Pause) 757M->145M(1024M) 2.809ms
[2023-11-29T23:45:57.145+0530][gc,cpu        ] GC(26) User=0.01s Sys=0.00s Real=0.01s
[2023-11-29T23:52:39.554+0530][gc,start      ] GC(27) Pause Young (Normal) (G1 Evacuation Pause)
[2023-11-29T23:52:39.554+0530][gc,task       ] GC(27) Using 10 workers of 10 for evacuation
[2023-11-29T23:52:39.556+0530][gc,phases     ] GC(27)   Pre Evacuate Collection Set: 0.0ms
[2023-11-29T23:52:39.556+0530][gc,phases     ] GC(27)   Evacuate Collection Set: 0.8ms
[2023-11-29T23:52:39.556+0530][gc,phases     ] GC(27)   Post Evacuate Collection Set: 0.5ms
[2023-11-29T23:52:39.556+0530][gc,phases     ] GC(27)   Other: 0.2ms
[2023-11-29T23:52:39.556+0530][gc,heap       ] GC(27) Eden regions: 612->0(612)
[2023-11-29T23:52:39.556+0530][gc,heap       ] GC(27) Survivor regions: 2->2(77)
[2023-11-29T23:52:39.556+0530][gc,heap       ] GC(27) Old regions: 18->18
[2023-11-29T23:52:39.556+0530][gc,heap       ] GC(27) Humongous regions: 129->129
[2023-11-29T23:52:39.556+0530][gc,metaspace  ] GC(27) Metaspace: 42318K(44928K)->42318K(44928K) NonClass: 37020K(38400K)->37020K(38400K) Class: 5298K(6528K)->5298K(6528K)
[2023-11-29T23:52:39.556+0530][gc            ] GC(27) Pause Young (Normal) (G1 Evacuation Pause) 757M->145M(1024M) 1.481ms
[2023-11-29T23:52:39.556+0530][gc,cpu        ] GC(27) User=0.01s Sys=0.01s Real=0.00s
[2023-11-30T04:24:36.077+0530][gc,heap,exit  ] Heap
[2023-11-30T04:24:36.078+0530][gc,heap,exit  ]  garbage-first heap   total 1048576K, used 469863K [0x00000000c0000000, 0x0000000100000000)
[2023-11-30T04:24:36.078+0530][gc,heap,exit  ]   region size 1024K, 317 young (324608K), 2 survivors (2048K)
[2023-11-30T04:24:36.078+0530][gc,heap,exit  ]  Metaspace       used 43253K, capacity 45902K, committed 45952K, reserved 1089536K
[2023-11-30T04:24:36.078+0530][gc,heap,exit  ]   class space    used 5505K, capacity 6767K, committed 6784K, reserved 1048576K
