[2023-12-02T22:33:22.007+0530][gc,heap] Heap region size: 1M
[2023-12-02T22:33:22.024+0530][gc     ] Using G1
[2023-12-02T22:33:22.024+0530][gc,heap,coops] Heap address: 0x00000000c0000000, size: 1024 MB, Compressed Oops mode: 32-bit
[2023-12-02T22:33:22.025+0530][gc,cds       ] Mark closed archive regions in map: [0x00000000fff00000, 0x00000000fff6bff8]
[2023-12-02T22:33:22.025+0530][gc,cds       ] Mark open archive regions in map: [0x00000000ffe00000, 0x00000000ffe47ff8]
[2023-12-02T22:33:22.636+0530][gc,start     ] GC(0) Pause Young (Normal) (G1 Evacuation Pause)
[2023-12-02T22:33:22.636+0530][gc,task      ] GC(0) Using 10 workers of 10 for evacuation
[2023-12-02T22:33:22.642+0530][gc,phases    ] GC(0)   Pre Evacuate Collection Set: 0.0ms
[2023-12-02T22:33:22.642+0530][gc,phases    ] GC(0)   Evacuate Collection Set: 5.1ms
[2023-12-02T22:33:22.642+0530][gc,phases    ] GC(0)   Post Evacuate Collection Set: 0.3ms
[2023-12-02T22:33:22.642+0530][gc,phases    ] GC(0)   Other: 0.7ms
[2023-12-02T22:33:22.642+0530][gc,heap      ] GC(0) Eden regions: 51->0(44)
[2023-12-02T22:33:22.642+0530][gc,heap      ] GC(0) Survivor regions: 0->7(7)
[2023-12-02T22:33:22.642+0530][gc,heap      ] GC(0) Old regions: 2->2
[2023-12-02T22:33:22.642+0530][gc,heap      ] GC(0) Humongous regions: 0->0
[2023-12-02T22:33:22.642+0530][gc,metaspace ] GC(0) Metaspace: 14287K(15104K)->14287K(15104K) NonClass: 12538K(13056K)->12538K(13056K) Class: 1749K(2048K)->1749K(2048K)
[2023-12-02T22:33:22.642+0530][gc           ] GC(0) Pause Young (Normal) (G1 Evacuation Pause) 51M->7M(1024M) 6.269ms
[2023-12-02T22:33:22.642+0530][gc,cpu       ] GC(0) User=0.06s Sys=0.00s Real=0.01s
[2023-12-02T22:33:23.008+0530][gc,start     ] GC(1) Pause Young (Concurrent Start) (Metadata GC Threshold)
[2023-12-02T22:33:23.008+0530][gc,task      ] GC(1) Using 10 workers of 10 for evacuation
[2023-12-02T22:33:23.015+0530][gc,phases    ] GC(1)   Pre Evacuate Collection Set: 0.0ms
[2023-12-02T22:33:23.015+0530][gc,phases    ] GC(1)   Evacuate Collection Set: 6.2ms
[2023-12-02T22:33:23.015+0530][gc,phases    ] GC(1)   Post Evacuate Collection Set: 1.1ms
[2023-12-02T22:33:23.015+0530][gc,phases    ] GC(1)   Other: 0.3ms
[2023-12-02T22:33:23.016+0530][gc,heap      ] GC(1) Eden regions: 29->0(49)
[2023-12-02T22:33:23.016+0530][gc,heap      ] GC(1) Survivor regions: 7->2(7)
[2023-12-02T22:33:23.016+0530][gc,heap      ] GC(1) Old regions: 2->9
[2023-12-02T22:33:23.016+0530][gc,heap      ] GC(1) Humongous regions: 0->0
[2023-12-02T22:33:23.016+0530][gc,metaspace ] GC(1) Metaspace: 20511K(21248K)->20511K(21248K) NonClass: 18027K(18432K)->18027K(18432K) Class: 2483K(2816K)->2483K(2816K)
[2023-12-02T22:33:23.016+0530][gc           ] GC(1) Pause Young (Concurrent Start) (Metadata GC Threshold) 36M->8M(1024M) 7.774ms
[2023-12-02T22:33:23.016+0530][gc,cpu       ] GC(1) User=0.03s Sys=0.01s Real=0.00s
[2023-12-02T22:33:23.016+0530][gc           ] GC(2) Concurrent Cycle
[2023-12-02T22:33:23.016+0530][gc,marking   ] GC(2) Concurrent Clear Claimed Marks
[2023-12-02T22:33:23.016+0530][gc,marking   ] GC(2) Concurrent Clear Claimed Marks 0.169ms
[2023-12-02T22:33:23.016+0530][gc,marking   ] GC(2) Concurrent Scan Root Regions
[2023-12-02T22:33:23.018+0530][gc,marking   ] GC(2) Concurrent Scan Root Regions 1.715ms
[2023-12-02T22:33:23.018+0530][gc,marking   ] GC(2) Concurrent Mark (1.019s)
[2023-12-02T22:33:23.018+0530][gc,marking   ] GC(2) Concurrent Mark From Roots
[2023-12-02T22:33:23.018+0530][gc,task      ] GC(2) Using 3 workers of 3 for marking
[2023-12-02T22:33:23.022+0530][gc,marking   ] GC(2) Concurrent Mark From Roots 4.147ms
[2023-12-02T22:33:23.022+0530][gc,marking   ] GC(2) Concurrent Preclean
[2023-12-02T22:33:23.022+0530][gc,marking   ] GC(2) Concurrent Preclean 0.071ms
[2023-12-02T22:33:23.022+0530][gc,marking   ] GC(2) Concurrent Mark (1.019s, 1.023s) 4.272ms
[2023-12-02T22:33:23.022+0530][gc,start     ] GC(2) Pause Remark
[2023-12-02T22:33:23.024+0530][gc,stringtable] GC(2) Cleaned string and symbol table, strings: 5706 processed, 0 removed, symbols: 52871 processed, 45 removed
[2023-12-02T22:33:23.024+0530][gc            ] GC(2) Pause Remark 9M->9M(1024M) 1.845ms
[2023-12-02T22:33:23.024+0530][gc,cpu        ] GC(2) User=0.01s Sys=0.00s Real=0.00s
[2023-12-02T22:33:23.024+0530][gc,marking    ] GC(2) Concurrent Rebuild Remembered Sets
[2023-12-02T22:33:23.026+0530][gc,marking    ] GC(2) Concurrent Rebuild Remembered Sets 1.994ms
[2023-12-02T22:33:23.026+0530][gc,start      ] GC(2) Pause Cleanup
[2023-12-02T22:33:23.026+0530][gc            ] GC(2) Pause Cleanup 9M->9M(1024M) 0.206ms
[2023-12-02T22:33:23.026+0530][gc,cpu        ] GC(2) User=0.00s Sys=0.00s Real=0.00s
[2023-12-02T22:33:23.026+0530][gc,marking    ] GC(2) Concurrent Cleanup for Next Mark
[2023-12-02T22:33:23.028+0530][gc,marking    ] GC(2) Concurrent Cleanup for Next Mark 2.035ms
[2023-12-02T22:33:23.028+0530][gc            ] GC(2) Concurrent Cycle 12.638ms
[2023-12-02T22:33:23.455+0530][gc,start      ] GC(3) Pause Young (Normal) (G1 Evacuation Pause)
[2023-12-02T22:33:23.455+0530][gc,task       ] GC(3) Using 10 workers of 10 for evacuation
[2023-12-02T22:33:23.458+0530][gc,phases     ] GC(3)   Pre Evacuate Collection Set: 0.0ms
[2023-12-02T22:33:23.458+0530][gc,phases     ] GC(3)   Evacuate Collection Set: 2.8ms
[2023-12-02T22:33:23.458+0530][gc,phases     ] GC(3)   Post Evacuate Collection Set: 0.4ms
[2023-12-02T22:33:23.458+0530][gc,phases     ] GC(3)   Other: 0.1ms
[2023-12-02T22:33:23.458+0530][gc,heap       ] GC(3) Eden regions: 49->0(46)
[2023-12-02T22:33:23.458+0530][gc,heap       ] GC(3) Survivor regions: 2->5(7)
[2023-12-02T22:33:23.458+0530][gc,heap       ] GC(3) Old regions: 9->9
[2023-12-02T22:33:23.458+0530][gc,heap       ] GC(3) Humongous regions: 129->129
[2023-12-02T22:33:23.458+0530][gc,metaspace  ] GC(3) Metaspace: 28569K(29696K)->28569K(29696K) NonClass: 25254K(25856K)->25254K(25856K) Class: 3315K(3840K)->3315K(3840K)
[2023-12-02T22:33:23.458+0530][gc            ] GC(3) Pause Young (Normal) (G1 Evacuation Pause) 186M->141M(1024M) 3.458ms
[2023-12-02T22:33:23.458+0530][gc,cpu        ] GC(3) User=0.03s Sys=0.00s Real=0.00s
[2023-12-02T22:33:23.713+0530][gc,start      ] GC(4) Pause Young (Concurrent Start) (Metadata GC Threshold)
[2023-12-02T22:33:23.713+0530][gc,task       ] GC(4) Using 10 workers of 10 for evacuation
[2023-12-02T22:33:23.724+0530][gc,phases     ] GC(4)   Pre Evacuate Collection Set: 0.2ms
[2023-12-02T22:33:23.724+0530][gc,phases     ] GC(4)   Evacuate Collection Set: 9.8ms
[2023-12-02T22:33:23.724+0530][gc,phases     ] GC(4)   Post Evacuate Collection Set: 0.5ms
[2023-12-02T22:33:23.724+0530][gc,phases     ] GC(4)   Other: 0.4ms
[2023-12-02T22:33:23.724+0530][gc,heap       ] GC(4) Eden regions: 31->0(48)
[2023-12-02T22:33:23.724+0530][gc,heap       ] GC(4) Survivor regions: 5->3(7)
[2023-12-02T22:33:23.724+0530][gc,heap       ] GC(4) Old regions: 9->14
[2023-12-02T22:33:23.724+0530][gc,heap       ] GC(4) Humongous regions: 129->129
[2023-12-02T22:33:23.724+0530][gc,metaspace  ] GC(4) Metaspace: 34451K(35840K)->34451K(35840K) NonClass: 30415K(31104K)->30415K(31104K) Class: 4035K(4736K)->4035K(4736K)
[2023-12-02T22:33:23.724+0530][gc            ] GC(4) Pause Young (Concurrent Start) (Metadata GC Threshold) 171M->143M(1024M) 10.929ms
[2023-12-02T22:33:23.724+0530][gc,cpu        ] GC(4) User=0.06s Sys=0.01s Real=0.01s
[2023-12-02T22:33:23.724+0530][gc            ] GC(5) Concurrent Cycle
[2023-12-02T22:33:23.724+0530][gc,marking    ] GC(5) Concurrent Clear Claimed Marks
[2023-12-02T22:33:23.724+0530][gc,marking    ] GC(5) Concurrent Clear Claimed Marks 0.082ms
[2023-12-02T22:33:23.724+0530][gc,marking    ] GC(5) Concurrent Scan Root Regions
[2023-12-02T22:33:23.726+0530][gc,marking    ] GC(5) Concurrent Scan Root Regions 1.575ms
[2023-12-02T22:33:23.726+0530][gc,marking    ] GC(5) Concurrent Mark (1.727s)
[2023-12-02T22:33:23.726+0530][gc,marking    ] GC(5) Concurrent Mark From Roots
[2023-12-02T22:33:23.726+0530][gc,task       ] GC(5) Using 3 workers of 3 for marking
[2023-12-02T22:33:23.738+0530][gc,marking    ] GC(5) Concurrent Mark From Roots 11.839ms
[2023-12-02T22:33:23.738+0530][gc,marking    ] GC(5) Concurrent Preclean
[2023-12-02T22:33:23.738+0530][gc,marking    ] GC(5) Concurrent Preclean 0.248ms
[2023-12-02T22:33:23.738+0530][gc,marking    ] GC(5) Concurrent Mark (1.727s, 1.739s) 12.210ms
[2023-12-02T22:33:23.738+0530][gc,start      ] GC(5) Pause Remark
[2023-12-02T22:33:23.742+0530][gc,stringtable] GC(5) Cleaned string and symbol table, strings: 11485 processed, 13 removed, symbols: 85881 processed, 16 removed
[2023-12-02T22:33:23.743+0530][gc            ] GC(5) Pause Remark 143M->143M(1024M) 4.465ms
[2023-12-02T22:33:23.743+0530][gc,cpu        ] GC(5) User=0.03s Sys=0.00s Real=0.01s
[2023-12-02T22:33:23.743+0530][gc,marking    ] GC(5) Concurrent Rebuild Remembered Sets
[2023-12-02T22:33:23.748+0530][gc,marking    ] GC(5) Concurrent Rebuild Remembered Sets 4.897ms
[2023-12-02T22:33:23.749+0530][gc,start      ] GC(5) Pause Cleanup
[2023-12-02T22:33:23.749+0530][gc            ] GC(5) Pause Cleanup 143M->143M(1024M) 0.603ms
[2023-12-02T22:33:23.749+0530][gc,cpu        ] GC(5) User=0.00s Sys=0.00s Real=0.00s
[2023-12-02T22:33:23.749+0530][gc,marking    ] GC(5) Concurrent Cleanup for Next Mark
[2023-12-02T22:33:23.755+0530][gc,marking    ] GC(5) Concurrent Cleanup for Next Mark 5.292ms
[2023-12-02T22:33:23.755+0530][gc            ] GC(5) Concurrent Cycle 30.476ms
[2023-12-03T00:08:53.064+0530][gc,start      ] GC(6) Pause Young (Normal) (G1 Evacuation Pause)
[2023-12-03T00:08:53.065+0530][gc,task       ] GC(6) Using 10 workers of 10 for evacuation
[2023-12-03T00:08:53.070+0530][gc,phases     ] GC(6)   Pre Evacuate Collection Set: 0.0ms
[2023-12-03T00:08:53.070+0530][gc,phases     ] GC(6)   Evacuate Collection Set: 4.5ms
[2023-12-03T00:08:53.070+0530][gc,phases     ] GC(6)   Post Evacuate Collection Set: 0.3ms
[2023-12-03T00:08:53.070+0530][gc,phases     ] GC(6)   Other: 0.4ms
[2023-12-03T00:08:53.070+0530][gc,heap       ] GC(6) Eden regions: 48->0(48)
[2023-12-03T00:08:53.070+0530][gc,heap       ] GC(6) Survivor regions: 3->3(7)
[2023-12-03T00:08:53.070+0530][gc,heap       ] GC(6) Old regions: 14->14
[2023-12-03T00:08:53.070+0530][gc,heap       ] GC(6) Humongous regions: 129->129
[2023-12-03T00:08:53.070+0530][gc,metaspace  ] GC(6) Metaspace: 36812K(38400K)->36812K(38400K) NonClass: 32467K(33280K)->32467K(33280K) Class: 4345K(5120K)->4345K(5120K)
[2023-12-03T00:08:53.070+0530][gc            ] GC(6) Pause Young (Normal) (G1 Evacuation Pause) 191M->143M(1024M) 5.219ms
[2023-12-03T00:08:53.070+0530][gc,cpu        ] GC(6) User=0.05s Sys=0.00s Real=0.01s
[2023-12-03T02:11:08.574+0530][gc,start      ] GC(7) Pause Young (Normal) (G1 Evacuation Pause)
[2023-12-03T02:11:08.574+0530][gc,task       ] GC(7) Using 10 workers of 10 for evacuation
[2023-12-03T02:11:08.580+0530][gc,phases     ] GC(7)   Pre Evacuate Collection Set: 0.0ms
[2023-12-03T02:11:08.580+0530][gc,phases     ] GC(7)   Evacuate Collection Set: 4.0ms
[2023-12-03T02:11:08.580+0530][gc,phases     ] GC(7)   Post Evacuate Collection Set: 1.1ms
[2023-12-03T02:11:08.580+0530][gc,phases     ] GC(7)   Other: 0.4ms
[2023-12-03T02:11:08.580+0530][gc,heap       ] GC(7) Eden regions: 48->0(48)
[2023-12-03T02:11:08.580+0530][gc,heap       ] GC(7) Survivor regions: 3->3(7)
[2023-12-03T02:11:08.580+0530][gc,heap       ] GC(7) Old regions: 14->14
[2023-12-03T02:11:08.580+0530][gc,heap       ] GC(7) Humongous regions: 129->129
[2023-12-03T02:11:08.580+0530][gc,metaspace  ] GC(7) Metaspace: 36967K(38656K)->36967K(38656K) NonClass: 32622K(33536K)->32622K(33536K) Class: 4345K(5120K)->4345K(5120K)
[2023-12-03T02:11:08.580+0530][gc            ] GC(7) Pause Young (Normal) (G1 Evacuation Pause) 191M->143M(1024M) 5.864ms
[2023-12-03T02:11:08.580+0530][gc,cpu        ] GC(7) User=0.04s Sys=0.00s Real=0.01s
[2023-12-03T04:19:41.460+0530][gc,start      ] GC(8) Pause Young (Normal) (G1 Evacuation Pause)
[2023-12-03T04:19:41.460+0530][gc,task       ] GC(8) Using 10 workers of 10 for evacuation
[2023-12-03T04:19:41.462+0530][gc,phases     ] GC(8)   Pre Evacuate Collection Set: 0.0ms
[2023-12-03T04:19:41.462+0530][gc,phases     ] GC(8)   Evacuate Collection Set: 1.3ms
[2023-12-03T04:19:41.462+0530][gc,phases     ] GC(8)   Post Evacuate Collection Set: 0.4ms
[2023-12-03T04:19:41.462+0530][gc,phases     ] GC(8)   Other: 0.2ms
[2023-12-03T04:19:41.462+0530][gc,heap       ] GC(8) Eden regions: 48->0(48)
[2023-12-03T04:19:41.462+0530][gc,heap       ] GC(8) Survivor regions: 3->3(7)
[2023-12-03T04:19:41.462+0530][gc,heap       ] GC(8) Old regions: 14->14
[2023-12-03T04:19:41.462+0530][gc,heap       ] GC(8) Humongous regions: 129->129
[2023-12-03T04:19:41.462+0530][gc,metaspace  ] GC(8) Metaspace: 37021K(38656K)->37021K(38656K) NonClass: 32676K(33536K)->32676K(33536K) Class: 4345K(5120K)->4345K(5120K)
[2023-12-03T04:19:41.463+0530][gc            ] GC(8) Pause Young (Normal) (G1 Evacuation Pause) 191M->143M(1024M) 2.168ms
[2023-12-03T04:19:41.463+0530][gc,cpu        ] GC(8) User=0.00s Sys=0.01s Real=0.00s
[2023-12-03T06:29:47.393+0530][gc,start      ] GC(9) Pause Young (Normal) (G1 Evacuation Pause)
[2023-12-03T06:29:47.395+0530][gc,task       ] GC(9) Using 10 workers of 10 for evacuation
[2023-12-03T06:29:47.400+0530][gc,phases     ] GC(9)   Pre Evacuate Collection Set: 0.1ms
[2023-12-03T06:29:47.400+0530][gc,phases     ] GC(9)   Evacuate Collection Set: 3.7ms
[2023-12-03T06:29:47.400+0530][gc,phases     ] GC(9)   Post Evacuate Collection Set: 0.8ms
[2023-12-03T06:29:47.400+0530][gc,phases     ] GC(9)   Other: 1.8ms
[2023-12-03T06:29:47.400+0530][gc,heap       ] GC(9) Eden regions: 48->0(56)
[2023-12-03T06:29:47.400+0530][gc,heap       ] GC(9) Survivor regions: 3->3(7)
[2023-12-03T06:29:47.400+0530][gc,heap       ] GC(9) Old regions: 14->14
[2023-12-03T06:29:47.400+0530][gc,heap       ] GC(9) Humongous regions: 129->129
[2023-12-03T06:29:47.400+0530][gc,metaspace  ] GC(9) Metaspace: 37055K(38656K)->37055K(38656K) NonClass: 32710K(33536K)->32710K(33536K) Class: 4345K(5120K)->4345K(5120K)
[2023-12-03T06:29:47.400+0530][gc            ] GC(9) Pause Young (Normal) (G1 Evacuation Pause) 191M->143M(1024M) 6.729ms
[2023-12-03T06:29:47.400+0530][gc,cpu        ] GC(9) User=0.04s Sys=0.00s Real=0.01s
[2023-12-03T09:01:56.864+0530][gc,start      ] GC(10) Pause Young (Normal) (G1 Evacuation Pause)
[2023-12-03T09:01:56.864+0530][gc,task       ] GC(10) Using 10 workers of 10 for evacuation
[2023-12-03T09:01:56.869+0530][gc,phases     ] GC(10)   Pre Evacuate Collection Set: 0.0ms
[2023-12-03T09:01:56.869+0530][gc,phases     ] GC(10)   Evacuate Collection Set: 4.3ms
[2023-12-03T09:01:56.869+0530][gc,phases     ] GC(10)   Post Evacuate Collection Set: 0.8ms
[2023-12-03T09:01:56.869+0530][gc,phases     ] GC(10)   Other: 0.4ms
[2023-12-03T09:01:56.869+0530][gc,heap       ] GC(10) Eden regions: 56->0(75)
[2023-12-03T09:01:56.869+0530][gc,heap       ] GC(10) Survivor regions: 3->3(8)
[2023-12-03T09:01:56.869+0530][gc,heap       ] GC(10) Old regions: 14->14
[2023-12-03T09:01:56.869+0530][gc,heap       ] GC(10) Humongous regions: 129->129
[2023-12-03T09:01:56.869+0530][gc,metaspace  ] GC(10) Metaspace: 37078K(38656K)->37078K(38656K) NonClass: 32732K(33536K)->32732K(33536K) Class: 4345K(5120K)->4345K(5120K)
[2023-12-03T09:01:56.869+0530][gc            ] GC(10) Pause Young (Normal) (G1 Evacuation Pause) 199M->143M(1024M) 5.520ms
[2023-12-03T09:01:56.869+0530][gc,cpu        ] GC(10) User=0.04s Sys=0.00s Real=0.01s
[2023-12-03T12:26:53.064+0530][gc,start      ] GC(11) Pause Young (Normal) (G1 Evacuation Pause)
[2023-12-03T12:26:53.064+0530][gc,task       ] GC(11) Using 10 workers of 10 for evacuation
[2023-12-03T12:26:53.069+0530][gc,phases     ] GC(11)   Pre Evacuate Collection Set: 0.0ms
[2023-12-03T12:26:53.069+0530][gc,phases     ] GC(11)   Evacuate Collection Set: 4.0ms
[2023-12-03T12:26:53.069+0530][gc,phases     ] GC(11)   Post Evacuate Collection Set: 1.0ms
[2023-12-03T12:26:53.070+0530][gc,phases     ] GC(11)   Other: 0.4ms
[2023-12-03T12:26:53.070+0530][gc,heap       ] GC(11) Eden regions: 75->0(104)
[2023-12-03T12:26:53.070+0530][gc,heap       ] GC(11) Survivor regions: 3->3(10)
[2023-12-03T12:26:53.070+0530][gc,heap       ] GC(11) Old regions: 14->14
[2023-12-03T12:26:53.070+0530][gc,heap       ] GC(11) Humongous regions: 129->129
[2023-12-03T12:26:53.070+0530][gc,metaspace  ] GC(11) Metaspace: 37094K(38656K)->37094K(38656K) NonClass: 32749K(33536K)->32749K(33536K) Class: 4345K(5120K)->4345K(5120K)
[2023-12-03T12:26:53.070+0530][gc            ] GC(11) Pause Young (Normal) (G1 Evacuation Pause) 218M->143M(1024M) 5.624ms
[2023-12-03T12:26:53.070+0530][gc,cpu        ] GC(11) User=0.04s Sys=0.00s Real=0.01s
[2023-12-03T17:13:02.348+0530][gc,start      ] GC(12) Pause Young (Normal) (G1 Evacuation Pause)
[2023-12-03T17:13:02.349+0530][gc,task       ] GC(12) Using 10 workers of 10 for evacuation
[2023-12-03T17:13:02.355+0530][gc,phases     ] GC(12)   Pre Evacuate Collection Set: 0.0ms
[2023-12-03T17:13:02.355+0530][gc,phases     ] GC(12)   Evacuate Collection Set: 4.4ms
[2023-12-03T17:13:02.355+0530][gc,phases     ] GC(12)   Post Evacuate Collection Set: 1.0ms
[2023-12-03T17:13:02.355+0530][gc,phases     ] GC(12)   Other: 1.8ms
[2023-12-03T17:13:02.355+0530][gc,heap       ] GC(12) Eden regions: 104->0(134)
[2023-12-03T17:13:02.355+0530][gc,heap       ] GC(12) Survivor regions: 3->3(14)
[2023-12-03T17:13:02.355+0530][gc,heap       ] GC(12) Old regions: 14->14
[2023-12-03T17:13:02.355+0530][gc,heap       ] GC(12) Humongous regions: 129->129
[2023-12-03T17:13:02.355+0530][gc,metaspace  ] GC(12) Metaspace: 37107K(38656K)->37107K(38656K) NonClass: 32761K(33536K)->32761K(33536K) Class: 4345K(5120K)->4345K(5120K)
[2023-12-03T17:13:02.355+0530][gc            ] GC(12) Pause Young (Normal) (G1 Evacuation Pause) 247M->143M(1024M) 7.554ms
[2023-12-03T17:13:02.356+0530][gc,cpu        ] GC(12) User=0.03s Sys=0.02s Real=0.00s
[2023-12-03T23:21:53.064+0530][gc,start      ] GC(13) Pause Young (Normal) (G1 Evacuation Pause)
[2023-12-03T23:21:53.065+0530][gc,task       ] GC(13) Using 10 workers of 10 for evacuation
[2023-12-03T23:21:53.071+0530][gc,phases     ] GC(13)   Pre Evacuate Collection Set: 0.1ms
[2023-12-03T23:21:53.071+0530][gc,phases     ] GC(13)   Evacuate Collection Set: 4.3ms
[2023-12-03T23:21:53.071+0530][gc,phases     ] GC(13)   Post Evacuate Collection Set: 1.0ms
[2023-12-03T23:21:53.071+0530][gc,phases     ] GC(13)   Other: 1.5ms
[2023-12-03T23:21:53.071+0530][gc,heap       ] GC(13) Eden regions: 134->0(163)
[2023-12-03T23:21:53.071+0530][gc,heap       ] GC(13) Survivor regions: 3->3(18)
[2023-12-03T23:21:53.071+0530][gc,heap       ] GC(13) Old regions: 14->14
[2023-12-03T23:21:53.071+0530][gc,heap       ] GC(13) Humongous regions: 129->129
[2023-12-03T23:21:53.071+0530][gc,metaspace  ] GC(13) Metaspace: 37156K(38912K)->37156K(38912K) NonClass: 32810K(33792K)->32810K(33792K) Class: 4345K(5120K)->4345K(5120K)
[2023-12-03T23:21:53.071+0530][gc            ] GC(13) Pause Young (Normal) (G1 Evacuation Pause) 277M->143M(1024M) 7.240ms
[2023-12-03T23:21:53.072+0530][gc,cpu        ] GC(13) User=0.03s Sys=0.02s Real=0.01s
[2023-12-04T06:53:25.254+0530][gc,start      ] GC(14) Pause Young (Normal) (G1 Evacuation Pause)
[2023-12-04T06:53:25.256+0530][gc,task       ] GC(14) Using 10 workers of 10 for evacuation
[2023-12-04T06:53:25.262+0530][gc,phases     ] GC(14)   Pre Evacuate Collection Set: 0.0ms
[2023-12-04T06:53:25.262+0530][gc,phases     ] GC(14)   Evacuate Collection Set: 4.3ms
[2023-12-04T06:53:25.262+0530][gc,phases     ] GC(14)   Post Evacuate Collection Set: 1.1ms
[2023-12-04T06:53:25.262+0530][gc,phases     ] GC(14)   Other: 2.0ms
[2023-12-04T06:53:25.262+0530][gc,heap       ] GC(14) Eden regions: 163->0(196)
[2023-12-04T06:53:25.262+0530][gc,heap       ] GC(14) Survivor regions: 3->3(21)
[2023-12-04T06:53:25.262+0530][gc,heap       ] GC(14) Old regions: 14->14
[2023-12-04T06:53:25.262+0530][gc,heap       ] GC(14) Humongous regions: 129->129
[2023-12-04T06:53:25.262+0530][gc,metaspace  ] GC(14) Metaspace: 37260K(38912K)->37260K(38912K) NonClass: 32914K(33792K)->32914K(33792K) Class: 4345K(5120K)->4345K(5120K)
[2023-12-04T06:53:25.262+0530][gc            ] GC(14) Pause Young (Normal) (G1 Evacuation Pause) 306M->143M(1024M) 7.698ms
[2023-12-04T06:53:25.262+0530][gc,cpu        ] GC(14) User=0.04s Sys=0.00s Real=0.01s
[2023-12-04T10:41:43.608+0530][gc,heap,exit  ] Heap
[2023-12-04T10:41:43.608+0530][gc,heap,exit  ]  garbage-first heap   total 1048576K, used 239778K [0x00000000c0000000, 0x0000000100000000)
[2023-12-04T10:41:43.608+0530][gc,heap,exit  ]   region size 1024K, 96 young (98304K), 3 survivors (3072K)
[2023-12-04T10:41:43.608+0530][gc,heap,exit  ]  Metaspace       used 38040K, capacity 39708K, committed 39936K, reserved 1083392K
[2023-12-04T10:41:43.608+0530][gc,heap,exit  ]   class space    used 4540K, capacity 5329K, committed 5376K, reserved 1048576K
