[2023-12-01T02:24:33.246+0530][gc,heap] Heap region size: 1M
[2023-12-01T02:24:33.251+0530][gc     ] Using G1
[2023-12-01T02:24:33.251+0530][gc,heap,coops] Heap address: 0x00000000c0000000, size: 1024 MB, Compressed Oops mode: 32-bit
[2023-12-01T02:24:33.251+0530][gc,cds       ] Mark closed archive regions in map: [0x00000000fff00000, 0x00000000fff6bff8]
[2023-12-01T02:24:33.251+0530][gc,cds       ] Mark open archive regions in map: [0x00000000ffe00000, 0x00000000ffe47ff8]
[2023-12-01T02:24:33.797+0530][gc,start     ] GC(0) Pause Young (Normal) (G1 Evacuation Pause)
[2023-12-01T02:24:33.798+0530][gc,task      ] GC(0) Using 10 workers of 10 for evacuation
[2023-12-01T02:24:33.803+0530][gc,phases    ] GC(0)   Pre Evacuate Collection Set: 0.0ms
[2023-12-01T02:24:33.803+0530][gc,phases    ] GC(0)   Evacuate Collection Set: 4.9ms
[2023-12-01T02:24:33.803+0530][gc,phases    ] GC(0)   Post Evacuate Collection Set: 0.4ms
[2023-12-01T02:24:33.803+0530][gc,phases    ] GC(0)   Other: 0.6ms
[2023-12-01T02:24:33.803+0530][gc,heap      ] GC(0) Eden regions: 51->0(44)
[2023-12-01T02:24:33.803+0530][gc,heap      ] GC(0) Survivor regions: 0->7(7)
[2023-12-01T02:24:33.803+0530][gc,heap      ] GC(0) Old regions: 2->2
[2023-12-01T02:24:33.803+0530][gc,heap      ] GC(0) Humongous regions: 0->0
[2023-12-01T02:24:33.803+0530][gc,metaspace ] GC(0) Metaspace: 14142K(14848K)->14142K(14848K) NonClass: 12404K(12800K)->12404K(12800K) Class: 1737K(2048K)->1737K(2048K)
[2023-12-01T02:24:33.803+0530][gc           ] GC(0) Pause Young (Normal) (G1 Evacuation Pause) 51M->7M(1024M) 5.993ms
[2023-12-01T02:24:33.803+0530][gc,cpu       ] GC(0) User=0.02s Sys=0.03s Real=0.01s
[2023-12-01T02:24:34.193+0530][gc,start     ] GC(1) Pause Young (Concurrent Start) (Metadata GC Threshold)
[2023-12-01T02:24:34.193+0530][gc,task      ] GC(1) Using 10 workers of 10 for evacuation
[2023-12-01T02:24:34.200+0530][gc,phases    ] GC(1)   Pre Evacuate Collection Set: 0.1ms
[2023-12-01T02:24:34.200+0530][gc,phases    ] GC(1)   Evacuate Collection Set: 6.5ms
[2023-12-01T02:24:34.200+0530][gc,phases    ] GC(1)   Post Evacuate Collection Set: 0.3ms
[2023-12-01T02:24:34.200+0530][gc,phases    ] GC(1)   Other: 0.3ms
[2023-12-01T02:24:34.200+0530][gc,heap      ] GC(1) Eden regions: 30->0(49)
[2023-12-01T02:24:34.200+0530][gc,heap      ] GC(1) Survivor regions: 7->2(7)
[2023-12-01T02:24:34.200+0530][gc,heap      ] GC(1) Old regions: 2->9
[2023-12-01T02:24:34.200+0530][gc,heap      ] GC(1) Humongous regions: 0->0
[2023-12-01T02:24:34.200+0530][gc,metaspace ] GC(1) Metaspace: 20554K(21248K)->20554K(21248K) NonClass: 18057K(18432K)->18057K(18432K) Class: 2496K(2816K)->2496K(2816K)
[2023-12-01T02:24:34.200+0530][gc           ] GC(1) Pause Young (Concurrent Start) (Metadata GC Threshold) 37M->8M(1024M) 7.201ms
[2023-12-01T02:24:34.200+0530][gc,cpu       ] GC(1) User=0.03s Sys=0.00s Real=0.01s
[2023-12-01T02:24:34.200+0530][gc           ] GC(2) Concurrent Cycle
[2023-12-01T02:24:34.200+0530][gc,marking   ] GC(2) Concurrent Clear Claimed Marks
[2023-12-01T02:24:34.201+0530][gc,marking   ] GC(2) Concurrent Clear Claimed Marks 0.035ms
[2023-12-01T02:24:34.201+0530][gc,marking   ] GC(2) Concurrent Scan Root Regions
[2023-12-01T02:24:34.201+0530][gc,marking   ] GC(2) Concurrent Scan Root Regions 0.673ms
[2023-12-01T02:24:34.201+0530][gc,marking   ] GC(2) Concurrent Mark (0.958s)
[2023-12-01T02:24:34.201+0530][gc,marking   ] GC(2) Concurrent Mark From Roots
[2023-12-01T02:24:34.201+0530][gc,task      ] GC(2) Using 3 workers of 3 for marking
[2023-12-01T02:24:34.205+0530][gc,marking   ] GC(2) Concurrent Mark From Roots 3.806ms
[2023-12-01T02:24:34.205+0530][gc,marking   ] GC(2) Concurrent Preclean
[2023-12-01T02:24:34.205+0530][gc,marking   ] GC(2) Concurrent Preclean 0.134ms
[2023-12-01T02:24:34.205+0530][gc,marking   ] GC(2) Concurrent Mark (0.958s, 0.962s) 4.002ms
[2023-12-01T02:24:34.205+0530][gc,start     ] GC(2) Pause Remark
[2023-12-01T02:24:34.206+0530][gc,stringtable] GC(2) Cleaned string and symbol table, strings: 5730 processed, 0 removed, symbols: 53805 processed, 44 removed
[2023-12-01T02:24:34.207+0530][gc            ] GC(2) Pause Remark 9M->9M(1024M) 1.279ms
[2023-12-01T02:24:34.207+0530][gc,cpu        ] GC(2) User=0.01s Sys=0.00s Real=0.00s
[2023-12-01T02:24:34.207+0530][gc,marking    ] GC(2) Concurrent Rebuild Remembered Sets
[2023-12-01T02:24:34.209+0530][gc,marking    ] GC(2) Concurrent Rebuild Remembered Sets 2.702ms
[2023-12-01T02:24:34.209+0530][gc,start      ] GC(2) Pause Cleanup
[2023-12-01T02:24:34.210+0530][gc            ] GC(2) Pause Cleanup 9M->9M(1024M) 0.147ms
[2023-12-01T02:24:34.210+0530][gc,cpu        ] GC(2) User=0.00s Sys=0.00s Real=0.00s
[2023-12-01T02:24:34.210+0530][gc,marking    ] GC(2) Concurrent Cleanup for Next Mark
[2023-12-01T02:24:34.213+0530][gc,marking    ] GC(2) Concurrent Cleanup for Next Mark 3.250ms
[2023-12-01T02:24:34.213+0530][gc            ] GC(2) Concurrent Cycle 12.591ms
[2023-12-01T02:24:34.637+0530][gc,start      ] GC(3) Pause Young (Concurrent Start) (G1 Evacuation Pause)
[2023-12-01T02:24:34.637+0530][gc,task       ] GC(3) Using 10 workers of 10 for evacuation
[2023-12-01T02:24:34.650+0530][gc,phases     ] GC(3)   Pre Evacuate Collection Set: 0.3ms
[2023-12-01T02:24:34.650+0530][gc,phases     ] GC(3)   Evacuate Collection Set: 12.5ms
[2023-12-01T02:24:34.650+0530][gc,phases     ] GC(3)   Post Evacuate Collection Set: 0.4ms
[2023-12-01T02:24:34.650+0530][gc,phases     ] GC(3)   Other: 0.4ms
[2023-12-01T02:24:34.650+0530][gc,heap       ] GC(3) Eden regions: 49->0(46)
[2023-12-01T02:24:34.650+0530][gc,heap       ] GC(3) Survivor regions: 2->5(7)
[2023-12-01T02:24:34.650+0530][gc,heap       ] GC(3) Old regions: 9->9
[2023-12-01T02:24:34.650+0530][gc,heap       ] GC(3) Humongous regions: 129->129
[2023-12-01T02:24:34.650+0530][gc,metaspace  ] GC(3) Metaspace: 28574K(29696K)->28574K(29696K) NonClass: 25254K(25856K)->25254K(25856K) Class: 3320K(3840K)->3320K(3840K)
[2023-12-01T02:24:34.650+0530][gc            ] GC(3) Pause Young (Concurrent Start) (G1 Evacuation Pause) 186M->141M(1024M) 13.691ms
[2023-12-01T02:24:34.650+0530][gc,cpu        ] GC(3) User=0.04s Sys=0.01s Real=0.01s
[2023-12-01T02:24:34.650+0530][gc            ] GC(4) Concurrent Cycle
[2023-12-01T02:24:34.650+0530][gc,marking    ] GC(4) Concurrent Clear Claimed Marks
[2023-12-01T02:24:34.650+0530][gc,marking    ] GC(4) Concurrent Clear Claimed Marks 0.027ms
[2023-12-01T02:24:34.650+0530][gc,marking    ] GC(4) Concurrent Scan Root Regions
[2023-12-01T02:24:34.652+0530][gc,marking    ] GC(4) Concurrent Scan Root Regions 1.953ms
[2023-12-01T02:24:34.652+0530][gc,marking    ] GC(4) Concurrent Mark (1.409s)
[2023-12-01T02:24:34.652+0530][gc,marking    ] GC(4) Concurrent Mark From Roots
[2023-12-01T02:24:34.652+0530][gc,task       ] GC(4) Using 3 workers of 3 for marking
[2023-12-01T02:24:34.658+0530][gc,marking    ] GC(4) Concurrent Mark From Roots 5.382ms
[2023-12-01T02:24:34.658+0530][gc,marking    ] GC(4) Concurrent Preclean
[2023-12-01T02:24:34.658+0530][gc,marking    ] GC(4) Concurrent Preclean 0.108ms
[2023-12-01T02:24:34.658+0530][gc,marking    ] GC(4) Concurrent Mark (1.409s, 1.415s) 5.545ms
[2023-12-01T02:24:34.658+0530][gc,start      ] GC(4) Pause Remark
[2023-12-01T02:24:34.669+0530][gc,stringtable] GC(4) Cleaned string and symbol table, strings: 8640 processed, 14 removed, symbols: 69616 processed, 13 removed
[2023-12-01T02:24:34.669+0530][gc            ] GC(4) Pause Remark 142M->142M(1024M) 11.170ms
[2023-12-01T02:24:34.669+0530][gc,cpu        ] GC(4) User=0.09s Sys=0.01s Real=0.01s
[2023-12-01T02:24:34.669+0530][gc,marking    ] GC(4) Concurrent Rebuild Remembered Sets
[2023-12-01T02:24:34.671+0530][gc,marking    ] GC(4) Concurrent Rebuild Remembered Sets 1.870ms
[2023-12-01T02:24:34.671+0530][gc,start      ] GC(4) Pause Cleanup
[2023-12-01T02:24:34.672+0530][gc            ] GC(4) Pause Cleanup 142M->142M(1024M) 0.235ms
[2023-12-01T02:24:34.672+0530][gc,cpu        ] GC(4) User=0.01s Sys=0.00s Real=0.00s
[2023-12-01T02:24:34.672+0530][gc,marking    ] GC(4) Concurrent Cleanup for Next Mark
[2023-12-01T02:24:34.678+0530][gc,marking    ] GC(4) Concurrent Cleanup for Next Mark 6.444ms
[2023-12-01T02:24:34.678+0530][gc            ] GC(4) Concurrent Cycle 27.747ms
[2023-12-01T02:43:34.368+0530][gc,start      ] GC(5) Pause Young (Normal) (G1 Evacuation Pause)
[2023-12-01T02:43:34.368+0530][gc,task       ] GC(5) Using 10 workers of 10 for evacuation
[2023-12-01T02:43:34.375+0530][gc,phases     ] GC(5)   Pre Evacuate Collection Set: 0.0ms
[2023-12-01T02:43:34.375+0530][gc,phases     ] GC(5)   Evacuate Collection Set: 6.2ms
[2023-12-01T02:43:34.375+0530][gc,phases     ] GC(5)   Post Evacuate Collection Set: 0.4ms
[2023-12-01T02:43:34.375+0530][gc,phases     ] GC(5)   Other: 0.3ms
[2023-12-01T02:43:34.375+0530][gc,heap       ] GC(5) Eden regions: 46->0(48)
[2023-12-01T02:43:34.375+0530][gc,heap       ] GC(5) Survivor regions: 5->3(7)
[2023-12-01T02:43:34.375+0530][gc,heap       ] GC(5) Old regions: 9->14
[2023-12-01T02:43:34.375+0530][gc,heap       ] GC(5) Humongous regions: 129->129
[2023-12-01T02:43:34.375+0530][gc,metaspace  ] GC(5) Metaspace: 36439K(38144K)->36439K(38144K) NonClass: 32099K(33024K)->32099K(33024K) Class: 4340K(5120K)->4340K(5120K)
[2023-12-01T02:43:34.375+0530][gc            ] GC(5) Pause Young (Normal) (G1 Evacuation Pause) 187M->143M(1024M) 7.003ms
[2023-12-01T02:43:34.375+0530][gc,cpu        ] GC(5) User=0.06s Sys=0.00s Real=0.01s
[2023-12-01T04:46:36.470+0530][gc,start      ] GC(6) Pause Young (Normal) (G1 Evacuation Pause)
[2023-12-01T04:46:36.470+0530][gc,task       ] GC(6) Using 10 workers of 10 for evacuation
[2023-12-01T04:46:36.474+0530][gc,phases     ] GC(6)   Pre Evacuate Collection Set: 0.0ms
[2023-12-01T04:46:36.474+0530][gc,phases     ] GC(6)   Evacuate Collection Set: 3.6ms
[2023-12-01T04:46:36.474+0530][gc,phases     ] GC(6)   Post Evacuate Collection Set: 0.8ms
[2023-12-01T04:46:36.474+0530][gc,phases     ] GC(6)   Other: 0.4ms
[2023-12-01T04:46:36.474+0530][gc,heap       ] GC(6) Eden regions: 48->0(48)
[2023-12-01T04:46:36.474+0530][gc,heap       ] GC(6) Survivor regions: 3->3(7)
[2023-12-01T04:46:36.474+0530][gc,heap       ] GC(6) Old regions: 14->14
[2023-12-01T04:46:36.474+0530][gc,heap       ] GC(6) Humongous regions: 129->129
[2023-12-01T04:46:36.474+0530][gc,metaspace  ] GC(6) Metaspace: 36932K(38656K)->36932K(38656K) NonClass: 32586K(33536K)->32586K(33536K) Class: 4345K(5120K)->4345K(5120K)
[2023-12-01T04:46:36.474+0530][gc            ] GC(6) Pause Young (Normal) (G1 Evacuation Pause) 191M->143M(1024M) 4.753ms
[2023-12-01T04:46:36.474+0530][gc,cpu        ] GC(6) User=0.03s Sys=0.00s Real=0.00s
[2023-12-01T04:52:49.783+0530][gc,heap,exit  ] Heap
[2023-12-01T04:52:49.783+0530][gc,heap,exit  ]  garbage-first heap   total 1048576K, used 157901K [0x00000000c0000000, 0x0000000100000000)
[2023-12-01T04:52:49.783+0530][gc,heap,exit  ]   region size 1024K, 15 young (15360K), 3 survivors (3072K)
[2023-12-01T04:52:49.783+0530][gc,heap,exit  ]  Metaspace       used 37763K, capacity 39470K, committed 39680K, reserved 1083392K
[2023-12-01T04:52:49.783+0530][gc,heap,exit  ]   class space    used 4548K, capacity 5341K, committed 5376K, reserved 1048576K
