[2023-12-01T22:26:39.352+0530][gc,heap] Heap region size: 1M
[2023-12-01T22:26:39.357+0530][gc     ] Using G1
[2023-12-01T22:26:39.357+0530][gc,heap,coops] Heap address: 0x00000000c0000000, size: 1024 MB, Compressed Oops mode: 32-bit
[2023-12-01T22:26:39.357+0530][gc,cds       ] Mark closed archive regions in map: [0x00000000fff00000, 0x00000000fff6bff8]
[2023-12-01T22:26:39.357+0530][gc,cds       ] Mark open archive regions in map: [0x00000000ffe00000, 0x00000000ffe47ff8]
[2023-12-01T22:26:39.952+0530][gc,start     ] GC(0) Pause Young (Normal) (G1 Evacuation Pause)
[2023-12-01T22:26:39.953+0530][gc,task      ] GC(0) Using 10 workers of 10 for evacuation
[2023-12-01T22:26:39.959+0530][gc,phases    ] GC(0)   Pre Evacuate Collection Set: 0.0ms
[2023-12-01T22:26:39.959+0530][gc,phases    ] GC(0)   Evacuate Collection Set: 5.4ms
[2023-12-01T22:26:39.959+0530][gc,phases    ] GC(0)   Post Evacuate Collection Set: 0.5ms
[2023-12-01T22:26:39.959+0530][gc,phases    ] GC(0)   Other: 0.6ms
[2023-12-01T22:26:39.959+0530][gc,heap      ] GC(0) Eden regions: 51->0(44)
[2023-12-01T22:26:39.959+0530][gc,heap      ] GC(0) Survivor regions: 0->7(7)
[2023-12-01T22:26:39.959+0530][gc,heap      ] GC(0) Old regions: 2->2
[2023-12-01T22:26:39.959+0530][gc,heap      ] GC(0) Humongous regions: 0->0
[2023-12-01T22:26:39.959+0530][gc,metaspace ] GC(0) Metaspace: 14161K(14848K)->14161K(14848K) NonClass: 12423K(12800K)->12423K(12800K) Class: 1737K(2048K)->1737K(2048K)
[2023-12-01T22:26:39.959+0530][gc           ] GC(0) Pause Young (Normal) (G1 Evacuation Pause) 51M->7M(1024M) 6.566ms
[2023-12-01T22:26:39.959+0530][gc,cpu       ] GC(0) User=0.05s Sys=0.01s Real=0.01s
[2023-12-01T22:26:40.418+0530][gc,start     ] GC(1) Pause Young (Concurrent Start) (Metadata GC Threshold)
[2023-12-01T22:26:40.418+0530][gc,task      ] GC(1) Using 10 workers of 10 for evacuation
[2023-12-01T22:26:40.427+0530][gc,phases    ] GC(1)   Pre Evacuate Collection Set: 0.1ms
[2023-12-01T22:26:40.427+0530][gc,phases    ] GC(1)   Evacuate Collection Set: 8.3ms
[2023-12-01T22:26:40.427+0530][gc,phases    ] GC(1)   Post Evacuate Collection Set: 0.3ms
[2023-12-01T22:26:40.427+0530][gc,phases    ] GC(1)   Other: 0.4ms
[2023-12-01T22:26:40.427+0530][gc,heap      ] GC(1) Eden regions: 30->0(49)
[2023-12-01T22:26:40.427+0530][gc,heap      ] GC(1) Survivor regions: 7->2(7)
[2023-12-01T22:26:40.427+0530][gc,heap      ] GC(1) Old regions: 2->9
[2023-12-01T22:26:40.427+0530][gc,heap      ] GC(1) Humongous regions: 0->0
[2023-12-01T22:26:40.427+0530][gc,metaspace ] GC(1) Metaspace: 20494K(21248K)->20494K(21248K) NonClass: 18010K(18432K)->18010K(18432K) Class: 2483K(2816K)->2483K(2816K)
[2023-12-01T22:26:40.427+0530][gc           ] GC(1) Pause Young (Concurrent Start) (Metadata GC Threshold) 37M->8M(1024M) 9.071ms
[2023-12-01T22:26:40.427+0530][gc,cpu       ] GC(1) User=0.05s Sys=0.00s Real=0.01s
[2023-12-01T22:26:40.427+0530][gc           ] GC(2) Concurrent Cycle
[2023-12-01T22:26:40.427+0530][gc,marking   ] GC(2) Concurrent Clear Claimed Marks
[2023-12-01T22:26:40.427+0530][gc,marking   ] GC(2) Concurrent Clear Claimed Marks 0.015ms
[2023-12-01T22:26:40.427+0530][gc,marking   ] GC(2) Concurrent Scan Root Regions
[2023-12-01T22:26:40.428+0530][gc,marking   ] GC(2) Concurrent Scan Root Regions 0.834ms
[2023-12-01T22:26:40.428+0530][gc,marking   ] GC(2) Concurrent Mark (1.079s)
[2023-12-01T22:26:40.428+0530][gc,marking   ] GC(2) Concurrent Mark From Roots
[2023-12-01T22:26:40.428+0530][gc,task      ] GC(2) Using 3 workers of 3 for marking
[2023-12-01T22:26:40.433+0530][gc,marking   ] GC(2) Concurrent Mark From Roots 5.191ms
[2023-12-01T22:26:40.433+0530][gc,marking   ] GC(2) Concurrent Preclean
[2023-12-01T22:26:40.434+0530][gc,marking   ] GC(2) Concurrent Preclean 0.455ms
[2023-12-01T22:26:40.434+0530][gc,marking   ] GC(2) Concurrent Mark (1.079s, 1.084s) 5.870ms
[2023-12-01T22:26:40.434+0530][gc,start     ] GC(2) Pause Remark
[2023-12-01T22:26:40.442+0530][gc,stringtable] GC(2) Cleaned string and symbol table, strings: 5701 processed, 0 removed, symbols: 52849 processed, 45 removed
[2023-12-01T22:26:40.442+0530][gc            ] GC(2) Pause Remark 9M->9M(1024M) 8.014ms
[2023-12-01T22:26:40.442+0530][gc,cpu        ] GC(2) User=0.05s Sys=0.00s Real=0.00s
[2023-12-01T22:26:40.442+0530][gc,marking    ] GC(2) Concurrent Rebuild Remembered Sets
[2023-12-01T22:26:40.444+0530][gc,marking    ] GC(2) Concurrent Rebuild Remembered Sets 1.435ms
[2023-12-01T22:26:40.444+0530][gc,start      ] GC(2) Pause Cleanup
[2023-12-01T22:26:40.444+0530][gc            ] GC(2) Pause Cleanup 9M->9M(1024M) 0.126ms
[2023-12-01T22:26:40.444+0530][gc,cpu        ] GC(2) User=0.00s Sys=0.00s Real=0.00s
[2023-12-01T22:26:40.444+0530][gc,marking    ] GC(2) Concurrent Cleanup for Next Mark
[2023-12-01T22:26:40.446+0530][gc,marking    ] GC(2) Concurrent Cleanup for Next Mark 1.569ms
[2023-12-01T22:26:40.446+0530][gc            ] GC(2) Concurrent Cycle 18.479ms
[2023-12-01T22:26:40.908+0530][gc,start      ] GC(3) Pause Young (Normal) (G1 Evacuation Pause)
[2023-12-01T22:26:40.908+0530][gc,task       ] GC(3) Using 10 workers of 10 for evacuation
[2023-12-01T22:26:40.911+0530][gc,phases     ] GC(3)   Pre Evacuate Collection Set: 0.1ms
[2023-12-01T22:26:40.911+0530][gc,phases     ] GC(3)   Evacuate Collection Set: 2.9ms
[2023-12-01T22:26:40.911+0530][gc,phases     ] GC(3)   Post Evacuate Collection Set: 0.4ms
[2023-12-01T22:26:40.911+0530][gc,phases     ] GC(3)   Other: 0.3ms
[2023-12-01T22:26:40.911+0530][gc,heap       ] GC(3) Eden regions: 49->0(46)
[2023-12-01T22:26:40.911+0530][gc,heap       ] GC(3) Survivor regions: 2->5(7)
[2023-12-01T22:26:40.911+0530][gc,heap       ] GC(3) Old regions: 9->9
[2023-12-01T22:26:40.911+0530][gc,heap       ] GC(3) Humongous regions: 129->129
[2023-12-01T22:26:40.911+0530][gc,metaspace  ] GC(3) Metaspace: 28559K(29696K)->28559K(29696K) NonClass: 25244K(25856K)->25244K(25856K) Class: 3315K(3840K)->3315K(3840K)
[2023-12-01T22:26:40.911+0530][gc            ] GC(3) Pause Young (Normal) (G1 Evacuation Pause) 186M->141M(1024M) 3.691ms
[2023-12-01T22:26:40.911+0530][gc,cpu        ] GC(3) User=0.03s Sys=0.00s Real=0.00s
[2023-12-01T22:26:41.237+0530][gc,start      ] GC(4) Pause Young (Concurrent Start) (Metadata GC Threshold)
[2023-12-01T22:26:41.237+0530][gc,task       ] GC(4) Using 10 workers of 10 for evacuation
[2023-12-01T22:26:41.254+0530][gc,phases     ] GC(4)   Pre Evacuate Collection Set: 0.3ms
[2023-12-01T22:26:41.254+0530][gc,phases     ] GC(4)   Evacuate Collection Set: 15.7ms
[2023-12-01T22:26:41.254+0530][gc,phases     ] GC(4)   Post Evacuate Collection Set: 0.4ms
[2023-12-01T22:26:41.254+0530][gc,phases     ] GC(4)   Other: 0.6ms
[2023-12-01T22:26:41.254+0530][gc,heap       ] GC(4) Eden regions: 31->0(48)
[2023-12-01T22:26:41.254+0530][gc,heap       ] GC(4) Survivor regions: 5->3(7)
[2023-12-01T22:26:41.254+0530][gc,heap       ] GC(4) Old regions: 9->14
[2023-12-01T22:26:41.254+0530][gc,heap       ] GC(4) Humongous regions: 129->129
[2023-12-01T22:26:41.254+0530][gc,metaspace  ] GC(4) Metaspace: 34471K(35840K)->34471K(35840K) NonClass: 30422K(31104K)->30422K(31104K) Class: 4049K(4736K)->4049K(4736K)
[2023-12-01T22:26:41.254+0530][gc            ] GC(4) Pause Young (Concurrent Start) (Metadata GC Threshold) 171M->143M(1024M) 17.112ms
[2023-12-01T22:26:41.254+0530][gc,cpu        ] GC(4) User=0.04s Sys=0.00s Real=0.02s
[2023-12-01T22:26:41.254+0530][gc            ] GC(5) Concurrent Cycle
[2023-12-01T22:26:41.254+0530][gc,marking    ] GC(5) Concurrent Clear Claimed Marks
[2023-12-01T22:26:41.255+0530][gc,marking    ] GC(5) Concurrent Clear Claimed Marks 0.049ms
[2023-12-01T22:26:41.255+0530][gc,marking    ] GC(5) Concurrent Scan Root Regions
[2023-12-01T22:26:41.256+0530][gc,marking    ] GC(5) Concurrent Scan Root Regions 1.283ms
[2023-12-01T22:26:41.256+0530][gc,marking    ] GC(5) Concurrent Mark (1.906s)
[2023-12-01T22:26:41.256+0530][gc,marking    ] GC(5) Concurrent Mark From Roots
[2023-12-01T22:26:41.256+0530][gc,task       ] GC(5) Using 3 workers of 3 for marking
[2023-12-01T22:26:41.266+0530][gc,marking    ] GC(5) Concurrent Mark From Roots 10.569ms
[2023-12-01T22:26:41.266+0530][gc,marking    ] GC(5) Concurrent Preclean
[2023-12-01T22:26:41.267+0530][gc,marking    ] GC(5) Concurrent Preclean 0.133ms
[2023-12-01T22:26:41.267+0530][gc,marking    ] GC(5) Concurrent Mark (1.906s, 1.917s) 10.773ms
[2023-12-01T22:26:41.270+0530][gc,start      ] GC(5) Pause Remark
[2023-12-01T22:26:41.275+0530][gc,stringtable] GC(5) Cleaned string and symbol table, strings: 11471 processed, 13 removed, symbols: 85921 processed, 16 removed
[2023-12-01T22:26:41.275+0530][gc            ] GC(5) Pause Remark 144M->144M(1024M) 4.956ms
[2023-12-01T22:26:41.275+0530][gc,cpu        ] GC(5) User=0.04s Sys=0.00s Real=0.01s
[2023-12-01T22:26:41.275+0530][gc,marking    ] GC(5) Concurrent Rebuild Remembered Sets
[2023-12-01T22:26:41.279+0530][gc,marking    ] GC(5) Concurrent Rebuild Remembered Sets 3.497ms
[2023-12-01T22:26:41.279+0530][gc,start      ] GC(5) Pause Cleanup
[2023-12-01T22:26:41.279+0530][gc            ] GC(5) Pause Cleanup 144M->144M(1024M) 0.136ms
[2023-12-01T22:26:41.279+0530][gc,cpu        ] GC(5) User=0.00s Sys=0.00s Real=0.00s
[2023-12-01T22:26:41.279+0530][gc,marking    ] GC(5) Concurrent Cleanup for Next Mark
[2023-12-01T22:26:41.283+0530][gc,marking    ] GC(5) Concurrent Cleanup for Next Mark 3.261ms
[2023-12-01T22:26:41.283+0530][gc            ] GC(5) Concurrent Cycle 28.328ms
[2023-12-01T22:27:04.932+0530][gc,start      ] GC(6) Pause Young (Normal) (G1 Evacuation Pause)
[2023-12-01T22:27:04.932+0530][gc,task       ] GC(6) Using 10 workers of 10 for evacuation
[2023-12-01T22:27:04.936+0530][gc,phases     ] GC(6)   Pre Evacuate Collection Set: 0.0ms
[2023-12-01T22:27:04.936+0530][gc,phases     ] GC(6)   Evacuate Collection Set: 3.0ms
[2023-12-01T22:27:04.936+0530][gc,phases     ] GC(6)   Post Evacuate Collection Set: 0.5ms
[2023-12-01T22:27:04.936+0530][gc,phases     ] GC(6)   Other: 0.1ms
[2023-12-01T22:27:04.936+0530][gc,heap       ] GC(6) Eden regions: 48->0(47)
[2023-12-01T22:27:04.936+0530][gc,heap       ] GC(6) Survivor regions: 3->4(7)
[2023-12-01T22:27:04.936+0530][gc,heap       ] GC(6) Old regions: 14->14
[2023-12-01T22:27:04.936+0530][gc,heap       ] GC(6) Humongous regions: 129->129
[2023-12-01T22:27:04.936+0530][gc,metaspace  ] GC(6) Metaspace: 40522K(43008K)->40522K(43008K) NonClass: 35471K(36864K)->35471K(36864K) Class: 5051K(6144K)->5051K(6144K)
[2023-12-01T22:27:04.936+0530][gc            ] GC(6) Pause Young (Normal) (G1 Evacuation Pause) 191M->144M(1024M) 3.733ms
[2023-12-01T22:27:04.936+0530][gc,cpu        ] GC(6) User=0.02s Sys=0.00s Real=0.01s
[2023-12-01T22:37:06.217+0530][gc,start      ] GC(7) Pause Young (Normal) (G1 Evacuation Pause)
[2023-12-01T22:37:06.217+0530][gc,task       ] GC(7) Using 10 workers of 10 for evacuation
[2023-12-01T22:37:06.220+0530][gc,phases     ] GC(7)   Pre Evacuate Collection Set: 0.1ms
[2023-12-01T22:37:06.220+0530][gc,phases     ] GC(7)   Evacuate Collection Set: 2.6ms
[2023-12-01T22:37:06.220+0530][gc,phases     ] GC(7)   Post Evacuate Collection Set: 0.6ms
[2023-12-01T22:37:06.220+0530][gc,phases     ] GC(7)   Other: 0.3ms
[2023-12-01T22:37:06.220+0530][gc,heap       ] GC(7) Eden regions: 47->0(46)
[2023-12-01T22:37:06.220+0530][gc,heap       ] GC(7) Survivor regions: 4->5(7)
[2023-12-01T22:37:06.220+0530][gc,heap       ] GC(7) Old regions: 14->14
[2023-12-01T22:37:06.220+0530][gc,heap       ] GC(7) Humongous regions: 129->129
[2023-12-01T22:37:06.220+0530][gc,metaspace  ] GC(7) Metaspace: 41979K(44416K)->41979K(44416K) NonClass: 36676K(37888K)->36676K(37888K) Class: 5302K(6528K)->5302K(6528K)
[2023-12-01T22:37:06.221+0530][gc            ] GC(7) Pause Young (Normal) (G1 Evacuation Pause) 191M->146M(1024M) 3.631ms
[2023-12-01T22:37:06.221+0530][gc,cpu        ] GC(7) User=0.02s Sys=0.00s Real=0.00s
[2023-12-01T22:37:31.258+0530][gc,start      ] GC(8) Pause Young (Normal) (G1 Evacuation Pause)
[2023-12-01T22:37:31.258+0530][gc,task       ] GC(8) Using 10 workers of 10 for evacuation
[2023-12-01T22:37:31.262+0530][gc,phases     ] GC(8)   Pre Evacuate Collection Set: 0.0ms
[2023-12-01T22:37:31.262+0530][gc,phases     ] GC(8)   Evacuate Collection Set: 2.6ms
[2023-12-01T22:37:31.262+0530][gc,phases     ] GC(8)   Post Evacuate Collection Set: 0.7ms
[2023-12-01T22:37:31.262+0530][gc,phases     ] GC(8)   Other: 0.2ms
[2023-12-01T22:37:31.262+0530][gc,heap       ] GC(8) Eden regions: 46->0(47)
[2023-12-01T22:37:31.262+0530][gc,heap       ] GC(8) Survivor regions: 5->4(7)
[2023-12-01T22:37:31.262+0530][gc,heap       ] GC(8) Old regions: 14->16
[2023-12-01T22:37:31.262+0530][gc,heap       ] GC(8) Humongous regions: 129->129
[2023-12-01T22:37:31.262+0530][gc,metaspace  ] GC(8) Metaspace: 41979K(44416K)->41979K(44416K) NonClass: 36677K(37888K)->36677K(37888K) Class: 5302K(6528K)->5302K(6528K)
[2023-12-01T22:37:31.262+0530][gc            ] GC(8) Pause Young (Normal) (G1 Evacuation Pause) 192M->146M(1024M) 3.552ms
[2023-12-01T22:37:31.262+0530][gc,cpu        ] GC(8) User=0.03s Sys=0.00s Real=0.00s
[2023-12-01T22:38:00.061+0530][gc,start      ] GC(9) Pause Young (Normal) (G1 Evacuation Pause)
[2023-12-01T22:38:00.061+0530][gc,task       ] GC(9) Using 10 workers of 10 for evacuation
[2023-12-01T22:38:00.070+0530][gc,phases     ] GC(9)   Pre Evacuate Collection Set: 0.1ms
[2023-12-01T22:38:00.070+0530][gc,phases     ] GC(9)   Evacuate Collection Set: 7.5ms
[2023-12-01T22:38:00.070+0530][gc,phases     ] GC(9)   Post Evacuate Collection Set: 1.4ms
[2023-12-01T22:38:00.071+0530][gc,phases     ] GC(9)   Other: 0.6ms
[2023-12-01T22:38:00.071+0530][gc,heap       ] GC(9) Eden regions: 47->0(49)
[2023-12-01T22:38:00.071+0530][gc,heap       ] GC(9) Survivor regions: 4->3(7)
[2023-12-01T22:38:00.071+0530][gc,heap       ] GC(9) Old regions: 16->16
[2023-12-01T22:38:00.071+0530][gc,heap       ] GC(9) Humongous regions: 129->129
[2023-12-01T22:38:00.071+0530][gc,metaspace  ] GC(9) Metaspace: 41980K(44416K)->41980K(44416K) NonClass: 36677K(37888K)->36677K(37888K) Class: 5302K(6528K)->5302K(6528K)
[2023-12-01T22:38:00.071+0530][gc            ] GC(9) Pause Young (Normal) (G1 Evacuation Pause) 193M->145M(1024M) 9.805ms
[2023-12-01T22:38:00.071+0530][gc,cpu        ] GC(9) User=0.03s Sys=0.00s Real=0.01s
[2023-12-01T22:38:30.896+0530][gc,start      ] GC(10) Pause Young (Normal) (G1 Evacuation Pause)
[2023-12-01T22:38:30.896+0530][gc,task       ] GC(10) Using 10 workers of 10 for evacuation
[2023-12-01T22:38:30.904+0530][gc,phases     ] GC(10)   Pre Evacuate Collection Set: 0.1ms
[2023-12-01T22:38:30.904+0530][gc,phases     ] GC(10)   Evacuate Collection Set: 5.9ms
[2023-12-01T22:38:30.904+0530][gc,phases     ] GC(10)   Post Evacuate Collection Set: 1.2ms
[2023-12-01T22:38:30.904+0530][gc,phases     ] GC(10)   Other: 0.5ms
[2023-12-01T22:38:30.904+0530][gc,heap       ] GC(10) Eden regions: 49->0(54)
[2023-12-01T22:38:30.904+0530][gc,heap       ] GC(10) Survivor regions: 3->4(7)
[2023-12-01T22:38:30.904+0530][gc,heap       ] GC(10) Old regions: 16->16
[2023-12-01T22:38:30.904+0530][gc,heap       ] GC(10) Humongous regions: 129->129
[2023-12-01T22:38:30.904+0530][gc,metaspace  ] GC(10) Metaspace: 41981K(44416K)->41981K(44416K) NonClass: 36679K(37888K)->36679K(37888K) Class: 5302K(6528K)->5302K(6528K)
[2023-12-01T22:38:30.904+0530][gc            ] GC(10) Pause Young (Normal) (G1 Evacuation Pause) 194M->146M(1024M) 8.107ms
[2023-12-01T22:38:30.904+0530][gc,cpu        ] GC(10) User=0.06s Sys=0.00s Real=0.00s
[2023-12-01T22:39:04.825+0530][gc,start      ] GC(11) Pause Young (Normal) (G1 Evacuation Pause)
[2023-12-01T22:39:04.826+0530][gc,task       ] GC(11) Using 10 workers of 10 for evacuation
[2023-12-01T22:39:04.837+0530][gc,phases     ] GC(11)   Pre Evacuate Collection Set: 0.0ms
[2023-12-01T22:39:04.837+0530][gc,phases     ] GC(11)   Evacuate Collection Set: 9.2ms
[2023-12-01T22:39:04.837+0530][gc,phases     ] GC(11)   Post Evacuate Collection Set: 1.1ms
[2023-12-01T22:39:04.837+0530][gc,phases     ] GC(11)   Other: 1.9ms
[2023-12-01T22:39:04.837+0530][gc,heap       ] GC(11) Eden regions: 54->0(178)
[2023-12-01T22:39:04.837+0530][gc,heap       ] GC(11) Survivor regions: 4->3(8)
[2023-12-01T22:39:04.837+0530][gc,heap       ] GC(11) Old regions: 16->16
[2023-12-01T22:39:04.837+0530][gc,heap       ] GC(11) Humongous regions: 129->129
[2023-12-01T22:39:04.837+0530][gc,metaspace  ] GC(11) Metaspace: 41982K(44416K)->41982K(44416K) NonClass: 36680K(37888K)->36680K(37888K) Class: 5302K(6528K)->5302K(6528K)
[2023-12-01T22:39:04.837+0530][gc            ] GC(11) Pause Young (Normal) (G1 Evacuation Pause) 200M->145M(1024M) 12.539ms
[2023-12-01T22:39:04.837+0530][gc,cpu        ] GC(11) User=0.09s Sys=0.00s Real=0.01s
[2023-12-01T22:40:57.685+0530][gc,start      ] GC(12) Pause Young (Normal) (G1 Evacuation Pause)
[2023-12-01T22:40:57.685+0530][gc,task       ] GC(12) Using 10 workers of 10 for evacuation
[2023-12-01T22:40:57.689+0530][gc,phases     ] GC(12)   Pre Evacuate Collection Set: 0.0ms
[2023-12-01T22:40:57.689+0530][gc,phases     ] GC(12)   Evacuate Collection Set: 2.9ms
[2023-12-01T22:40:57.689+0530][gc,phases     ] GC(12)   Post Evacuate Collection Set: 0.5ms
[2023-12-01T22:40:57.689+0530][gc,phases     ] GC(12)   Other: 0.2ms
[2023-12-01T22:40:57.689+0530][gc,heap       ] GC(12) Eden regions: 178->0(183)
[2023-12-01T22:40:57.689+0530][gc,heap       ] GC(12) Survivor regions: 3->4(23)
[2023-12-01T22:40:57.689+0530][gc,heap       ] GC(12) Old regions: 16->16
[2023-12-01T22:40:57.689+0530][gc,heap       ] GC(12) Humongous regions: 129->129
[2023-12-01T22:40:57.689+0530][gc,metaspace  ] GC(12) Metaspace: 42016K(44672K)->42016K(44672K) NonClass: 36713K(38144K)->36713K(38144K) Class: 5302K(6528K)->5302K(6528K)
[2023-12-01T22:40:57.689+0530][gc            ] GC(12) Pause Young (Normal) (G1 Evacuation Pause) 323M->146M(1024M) 3.699ms
[2023-12-01T22:40:57.689+0530][gc,cpu        ] GC(12) User=0.02s Sys=0.01s Real=0.00s
[2023-12-01T22:42:48.645+0530][gc,start      ] GC(13) Pause Young (Normal) (G1 Evacuation Pause)
[2023-12-01T22:42:48.645+0530][gc,task       ] GC(13) Using 10 workers of 10 for evacuation
[2023-12-01T22:42:48.655+0530][gc,phases     ] GC(13)   Pre Evacuate Collection Set: 0.0ms
[2023-12-01T22:42:48.655+0530][gc,phases     ] GC(13)   Evacuate Collection Set: 7.0ms
[2023-12-01T22:42:48.655+0530][gc,phases     ] GC(13)   Post Evacuate Collection Set: 2.6ms
[2023-12-01T22:42:48.655+0530][gc,phases     ] GC(13)   Other: 0.4ms
[2023-12-01T22:42:48.655+0530][gc,heap       ] GC(13) Eden regions: 183->0(611)
[2023-12-01T22:42:48.655+0530][gc,heap       ] GC(13) Survivor regions: 4->3(24)
[2023-12-01T22:42:48.655+0530][gc,heap       ] GC(13) Old regions: 16->16
[2023-12-01T22:42:48.655+0530][gc,heap       ] GC(13) Humongous regions: 129->129
[2023-12-01T22:42:48.655+0530][gc,metaspace  ] GC(13) Metaspace: 42018K(44672K)->42018K(44672K) NonClass: 36715K(38144K)->36715K(38144K) Class: 5302K(6528K)->5302K(6528K)
[2023-12-01T22:42:48.655+0530][gc            ] GC(13) Pause Young (Normal) (G1 Evacuation Pause) 329M->145M(1024M) 10.383ms
[2023-12-01T22:42:48.655+0530][gc,cpu        ] GC(13) User=0.05s Sys=0.01s Real=0.01s
[2023-12-02T06:55:14.118+0530][gc,start      ] GC(14) Pause Young (Normal) (G1 Evacuation Pause)
[2023-12-02T06:55:14.118+0530][gc,task       ] GC(14) Using 10 workers of 10 for evacuation
[2023-12-02T06:55:14.124+0530][gc,phases     ] GC(14)   Pre Evacuate Collection Set: 0.0ms
[2023-12-02T06:55:14.124+0530][gc,phases     ] GC(14)   Evacuate Collection Set: 5.1ms
[2023-12-02T06:55:14.124+0530][gc,phases     ] GC(14)   Post Evacuate Collection Set: 0.7ms
[2023-12-02T06:55:14.124+0530][gc,phases     ] GC(14)   Other: 0.6ms
[2023-12-02T06:55:14.124+0530][gc,heap       ] GC(14) Eden regions: 611->0(611)
[2023-12-02T06:55:14.124+0530][gc,heap       ] GC(14) Survivor regions: 3->3(77)
[2023-12-02T06:55:14.124+0530][gc,heap       ] GC(14) Old regions: 16->16
[2023-12-02T06:55:14.124+0530][gc,heap       ] GC(14) Humongous regions: 129->129
[2023-12-02T06:55:14.124+0530][gc,metaspace  ] GC(14) Metaspace: 42543K(45184K)->42543K(45184K) NonClass: 37235K(38656K)->37235K(38656K) Class: 5308K(6528K)->5308K(6528K)
[2023-12-02T06:55:14.124+0530][gc            ] GC(14) Pause Young (Normal) (G1 Evacuation Pause) 756M->145M(1024M) 6.436ms
[2023-12-02T06:55:14.124+0530][gc,cpu        ] GC(14) User=0.05s Sys=0.00s Real=0.00s
[2023-12-02T09:31:22.095+0530][gc,heap,exit  ] Heap
[2023-12-02T09:31:22.096+0530][gc,heap,exit  ]  garbage-first heap   total 1048576K, used 274392K [0x00000000c0000000, 0x0000000100000000)
[2023-12-02T09:31:22.096+0530][gc,heap,exit  ]   region size 1024K, 127 young (130048K), 3 survivors (3072K)
[2023-12-02T09:31:22.096+0530][gc,heap,exit  ]  Metaspace       used 43303K, capacity 45871K, committed 45952K, reserved 1089536K
[2023-12-02T09:31:22.096+0530][gc,heap,exit  ]   class space    used 5512K, capacity 6762K, committed 6784K, reserved 1048576K
