[2023-12-01T00:57:41.862+0530][gc,heap] Heap region size: 1M
[2023-12-01T00:57:41.880+0530][gc     ] Using G1
[2023-12-01T00:57:41.880+0530][gc,heap,coops] Heap address: 0x00000000c0000000, size: 1024 MB, Compressed Oops mode: 32-bit
[2023-12-01T00:57:41.880+0530][gc,cds       ] Mark closed archive regions in map: [0x00000000fff00000, 0x00000000fff6bff8]
[2023-12-01T00:57:41.880+0530][gc,cds       ] Mark open archive regions in map: [0x00000000ffe00000, 0x00000000ffe47ff8]
[2023-12-01T00:57:42.397+0530][gc,start     ] GC(0) Pause Young (Normal) (G1 Evacuation Pause)
[2023-12-01T00:57:42.398+0530][gc,task      ] GC(0) Using 10 workers of 10 for evacuation
[2023-12-01T00:57:42.403+0530][gc,phases    ] GC(0)   Pre Evacuate Collection Set: 0.0ms
[2023-12-01T00:57:42.403+0530][gc,phases    ] GC(0)   Evacuate Collection Set: 5.2ms
[2023-12-01T00:57:42.403+0530][gc,phases    ] GC(0)   Post Evacuate Collection Set: 0.5ms
[2023-12-01T00:57:42.403+0530][gc,phases    ] GC(0)   Other: 0.7ms
[2023-12-01T00:57:42.403+0530][gc,heap      ] GC(0) Eden regions: 51->0(44)
[2023-12-01T00:57:42.403+0530][gc,heap      ] GC(0) Survivor regions: 0->7(7)
[2023-12-01T00:57:42.403+0530][gc,heap      ] GC(0) Old regions: 2->2
[2023-12-01T00:57:42.403+0530][gc,heap      ] GC(0) Humongous regions: 0->0
[2023-12-01T00:57:42.403+0530][gc,metaspace ] GC(0) Metaspace: 14174K(14848K)->14174K(14848K) NonClass: 12433K(12800K)->12433K(12800K) Class: 1741K(2048K)->1741K(2048K)
[2023-12-01T00:57:42.403+0530][gc           ] GC(0) Pause Young (Normal) (G1 Evacuation Pause) 51M->7M(1024M) 6.511ms
[2023-12-01T00:57:42.404+0530][gc,cpu       ] GC(0) User=0.05s Sys=0.00s Real=0.01s
[2023-12-01T00:57:42.768+0530][gc,start     ] GC(1) Pause Young (Concurrent Start) (Metadata GC Threshold)
[2023-12-01T00:57:42.768+0530][gc,task      ] GC(1) Using 10 workers of 10 for evacuation
[2023-12-01T00:57:42.774+0530][gc,phases    ] GC(1)   Pre Evacuate Collection Set: 0.0ms
[2023-12-01T00:57:42.774+0530][gc,phases    ] GC(1)   Evacuate Collection Set: 5.3ms
[2023-12-01T00:57:42.774+0530][gc,phases    ] GC(1)   Post Evacuate Collection Set: 0.4ms
[2023-12-01T00:57:42.774+0530][gc,phases    ] GC(1)   Other: 0.2ms
[2023-12-01T00:57:42.774+0530][gc,heap      ] GC(1) Eden regions: 30->0(49)
[2023-12-01T00:57:42.774+0530][gc,heap      ] GC(1) Survivor regions: 7->2(7)
[2023-12-01T00:57:42.774+0530][gc,heap      ] GC(1) Old regions: 2->9
[2023-12-01T00:57:42.774+0530][gc,heap      ] GC(1) Humongous regions: 0->0
[2023-12-01T00:57:42.774+0530][gc,metaspace ] GC(1) Metaspace: 20546K(21248K)->20546K(21248K) NonClass: 18064K(18432K)->18064K(18432K) Class: 2481K(2816K)->2481K(2816K)
[2023-12-01T00:57:42.774+0530][gc           ] GC(1) Pause Young (Concurrent Start) (Metadata GC Threshold) 36M->8M(1024M) 5.993ms
[2023-12-01T00:57:42.774+0530][gc,cpu       ] GC(1) User=0.03s Sys=0.00s Real=0.00s
[2023-12-01T00:57:42.774+0530][gc           ] GC(2) Concurrent Cycle
[2023-12-01T00:57:42.774+0530][gc,marking   ] GC(2) Concurrent Clear Claimed Marks
[2023-12-01T00:57:42.774+0530][gc,marking   ] GC(2) Concurrent Clear Claimed Marks 0.016ms
[2023-12-01T00:57:42.774+0530][gc,marking   ] GC(2) Concurrent Scan Root Regions
[2023-12-01T00:57:42.775+0530][gc,marking   ] GC(2) Concurrent Scan Root Regions 0.576ms
[2023-12-01T00:57:42.775+0530][gc,marking   ] GC(2) Concurrent Mark (0.920s)
[2023-12-01T00:57:42.775+0530][gc,marking   ] GC(2) Concurrent Mark From Roots
[2023-12-01T00:57:42.775+0530][gc,task      ] GC(2) Using 3 workers of 3 for marking
[2023-12-01T00:57:42.777+0530][gc,marking   ] GC(2) Concurrent Mark From Roots 2.288ms
[2023-12-01T00:57:42.777+0530][gc,marking   ] GC(2) Concurrent Preclean
[2023-12-01T00:57:42.777+0530][gc,marking   ] GC(2) Concurrent Preclean 0.056ms
[2023-12-01T00:57:42.777+0530][gc,marking   ] GC(2) Concurrent Mark (0.920s, 0.922s) 2.367ms
[2023-12-01T00:57:42.777+0530][gc,start     ] GC(2) Pause Remark
[2023-12-01T00:57:42.779+0530][gc,stringtable] GC(2) Cleaned string and symbol table, strings: 5662 processed, 0 removed, symbols: 53485 processed, 43 removed
[2023-12-01T00:57:42.779+0530][gc            ] GC(2) Pause Remark 8M->8M(1024M) 2.014ms
[2023-12-01T00:57:42.779+0530][gc,cpu        ] GC(2) User=0.01s Sys=0.00s Real=0.00s
[2023-12-01T00:57:42.779+0530][gc,marking    ] GC(2) Concurrent Rebuild Remembered Sets
[2023-12-01T00:57:42.782+0530][gc,marking    ] GC(2) Concurrent Rebuild Remembered Sets 2.884ms
[2023-12-01T00:57:42.783+0530][gc,start      ] GC(2) Pause Cleanup
[2023-12-01T00:57:42.784+0530][gc            ] GC(2) Pause Cleanup 8M->8M(1024M) 0.515ms
[2023-12-01T00:57:42.784+0530][gc,cpu        ] GC(2) User=0.00s Sys=0.00s Real=0.00s
[2023-12-01T00:57:42.784+0530][gc,marking    ] GC(2) Concurrent Cleanup for Next Mark
[2023-12-01T00:57:42.786+0530][gc,marking    ] GC(2) Concurrent Cleanup for Next Mark 2.070ms
[2023-12-01T00:57:42.786+0530][gc            ] GC(2) Concurrent Cycle 12.031ms
[2023-12-01T00:57:43.182+0530][gc,start      ] GC(3) Pause Young (Normal) (G1 Evacuation Pause)
[2023-12-01T00:57:43.182+0530][gc,task       ] GC(3) Using 10 workers of 10 for evacuation
[2023-12-01T00:57:43.186+0530][gc,phases     ] GC(3)   Pre Evacuate Collection Set: 0.0ms
[2023-12-01T00:57:43.186+0530][gc,phases     ] GC(3)   Evacuate Collection Set: 3.3ms
[2023-12-01T00:57:43.186+0530][gc,phases     ] GC(3)   Post Evacuate Collection Set: 0.4ms
[2023-12-01T00:57:43.186+0530][gc,phases     ] GC(3)   Other: 0.2ms
[2023-12-01T00:57:43.186+0530][gc,heap       ] GC(3) Eden regions: 49->0(46)
[2023-12-01T00:57:43.186+0530][gc,heap       ] GC(3) Survivor regions: 2->5(7)
[2023-12-01T00:57:43.186+0530][gc,heap       ] GC(3) Old regions: 9->9
[2023-12-01T00:57:43.186+0530][gc,heap       ] GC(3) Humongous regions: 129->129
[2023-12-01T00:57:43.186+0530][gc,metaspace  ] GC(3) Metaspace: 28599K(29696K)->28599K(29696K) NonClass: 25251K(25856K)->25251K(25856K) Class: 3347K(3840K)->3347K(3840K)
[2023-12-01T00:57:43.186+0530][gc            ] GC(3) Pause Young (Normal) (G1 Evacuation Pause) 186M->140M(1024M) 3.909ms
[2023-12-01T00:57:43.186+0530][gc,cpu        ] GC(3) User=0.03s Sys=0.00s Real=0.01s
[2023-12-01T00:57:43.520+0530][gc,start      ] GC(4) Pause Young (Concurrent Start) (Metadata GC Threshold)
[2023-12-01T00:57:43.520+0530][gc,task       ] GC(4) Using 10 workers of 10 for evacuation
[2023-12-01T00:57:43.526+0530][gc,phases     ] GC(4)   Pre Evacuate Collection Set: 0.2ms
[2023-12-01T00:57:43.526+0530][gc,phases     ] GC(4)   Evacuate Collection Set: 4.9ms
[2023-12-01T00:57:43.526+0530][gc,phases     ] GC(4)   Post Evacuate Collection Set: 0.3ms
[2023-12-01T00:57:43.526+0530][gc,phases     ] GC(4)   Other: 0.4ms
[2023-12-01T00:57:43.526+0530][gc,heap       ] GC(4) Eden regions: 33->0(48)
[2023-12-01T00:57:43.526+0530][gc,heap       ] GC(4) Survivor regions: 5->3(7)
[2023-12-01T00:57:43.526+0530][gc,heap       ] GC(4) Old regions: 9->13
[2023-12-01T00:57:43.526+0530][gc,heap       ] GC(4) Humongous regions: 129->129
[2023-12-01T00:57:43.526+0530][gc,metaspace  ] GC(4) Metaspace: 34553K(35840K)->34553K(35840K) NonClass: 30542K(31232K)->30542K(31232K) Class: 4011K(4608K)->4011K(4608K)
[2023-12-01T00:57:43.526+0530][gc            ] GC(4) Pause Young (Concurrent Start) (Metadata GC Threshold) 173M->142M(1024M) 5.808ms
[2023-12-01T00:57:43.526+0530][gc,cpu        ] GC(4) User=0.03s Sys=0.00s Real=0.01s
[2023-12-01T00:57:43.526+0530][gc            ] GC(5) Concurrent Cycle
[2023-12-01T00:57:43.526+0530][gc,marking    ] GC(5) Concurrent Clear Claimed Marks
[2023-12-01T00:57:43.526+0530][gc,marking    ] GC(5) Concurrent Clear Claimed Marks 0.040ms
[2023-12-01T00:57:43.526+0530][gc,marking    ] GC(5) Concurrent Scan Root Regions
[2023-12-01T00:57:43.527+0530][gc,marking    ] GC(5) Concurrent Scan Root Regions 0.626ms
[2023-12-01T00:57:43.527+0530][gc,marking    ] GC(5) Concurrent Mark (1.672s)
[2023-12-01T00:57:43.527+0530][gc,marking    ] GC(5) Concurrent Mark From Roots
[2023-12-01T00:57:43.527+0530][gc,task       ] GC(5) Using 3 workers of 3 for marking
[2023-12-01T00:57:43.533+0530][gc,marking    ] GC(5) Concurrent Mark From Roots 5.948ms
[2023-12-01T00:57:43.533+0530][gc,marking    ] GC(5) Concurrent Preclean
[2023-12-01T00:57:43.533+0530][gc,marking    ] GC(5) Concurrent Preclean 0.275ms
[2023-12-01T00:57:43.533+0530][gc,marking    ] GC(5) Concurrent Mark (1.672s, 1.678s) 6.338ms
[2023-12-01T00:57:43.533+0530][gc,start      ] GC(5) Pause Remark
[2023-12-01T00:57:43.535+0530][gc,stringtable] GC(5) Cleaned string and symbol table, strings: 11550 processed, 14 removed, symbols: 86899 processed, 15 removed
[2023-12-01T00:57:43.535+0530][gc            ] GC(5) Pause Remark 144M->144M(1024M) 2.031ms
[2023-12-01T00:57:43.535+0530][gc,cpu        ] GC(5) User=0.02s Sys=0.00s Real=0.00s
[2023-12-01T00:57:43.535+0530][gc,marking    ] GC(5) Concurrent Rebuild Remembered Sets
[2023-12-01T00:57:43.539+0530][gc,marking    ] GC(5) Concurrent Rebuild Remembered Sets 3.422ms
[2023-12-01T00:57:43.539+0530][gc,start      ] GC(5) Pause Cleanup
[2023-12-01T00:57:43.539+0530][gc            ] GC(5) Pause Cleanup 144M->144M(1024M) 0.133ms
[2023-12-01T00:57:43.539+0530][gc,cpu        ] GC(5) User=0.00s Sys=0.00s Real=0.00s
[2023-12-01T00:57:43.539+0530][gc,marking    ] GC(5) Concurrent Cleanup for Next Mark
[2023-12-01T00:57:43.541+0530][gc,marking    ] GC(5) Concurrent Cleanup for Next Mark 1.732ms
[2023-12-01T00:57:43.541+0530][gc            ] GC(5) Concurrent Cycle 14.697ms
[2023-12-01T01:09:53.623+0530][gc,heap,exit  ] Heap
[2023-12-01T01:09:53.623+0530][gc,heap,exit  ]  garbage-first heap   total 1048576K, used 175993K [0x00000000c0000000, 0x0000000100000000)
[2023-12-01T01:09:53.623+0530][gc,heap,exit  ]   region size 1024K, 34 young (34816K), 3 survivors (3072K)
[2023-12-01T01:09:53.623+0530][gc,heap,exit  ]  Metaspace       used 38279K, capacity 40142K, committed 40268K, reserved 1083392K
[2023-12-01T01:09:53.623+0530][gc,heap,exit  ]   class space    used 4725K, capacity 5615K, committed 5708K, reserved 1048576K
