[2023-12-04T21:20:44.736+0530][gc,heap] Heap region size: 1M
[2023-12-04T21:20:44.741+0530][gc     ] Using G1
[2023-12-04T21:20:44.741+0530][gc,heap,coops] Heap address: 0x00000000c0000000, size: 1024 MB, Compressed Oops mode: 32-bit
[2023-12-04T21:20:44.741+0530][gc,cds       ] Mark closed archive regions in map: [0x00000000fff00000, 0x00000000fff6bff8]
[2023-12-04T21:20:44.741+0530][gc,cds       ] Mark open archive regions in map: [0x00000000ffe00000, 0x00000000ffe47ff8]
[2023-12-04T21:20:45.288+0530][gc,start     ] GC(0) Pause Young (Normal) (G1 Evacuation Pause)
[2023-12-04T21:20:45.289+0530][gc,task      ] GC(0) Using 10 workers of 10 for evacuation
[2023-12-04T21:20:45.294+0530][gc,phases    ] GC(0)   Pre Evacuate Collection Set: 0.0ms
[2023-12-04T21:20:45.294+0530][gc,phases    ] GC(0)   Evacuate Collection Set: 4.9ms
[2023-12-04T21:20:45.294+0530][gc,phases    ] GC(0)   Post Evacuate Collection Set: 0.4ms
[2023-12-04T21:20:45.294+0530][gc,phases    ] GC(0)   Other: 0.6ms
[2023-12-04T21:20:45.294+0530][gc,heap      ] GC(0) Eden regions: 51->0(44)
[2023-12-04T21:20:45.294+0530][gc,heap      ] GC(0) Survivor regions: 0->7(7)
[2023-12-04T21:20:45.294+0530][gc,heap      ] GC(0) Old regions: 2->2
[2023-12-04T21:20:45.294+0530][gc,heap      ] GC(0) Humongous regions: 0->0
[2023-12-04T21:20:45.294+0530][gc,metaspace ] GC(0) Metaspace: 14162K(14848K)->14162K(14848K) NonClass: 12424K(12800K)->12424K(12800K) Class: 1737K(2048K)->1737K(2048K)
[2023-12-04T21:20:45.294+0530][gc           ] GC(0) Pause Young (Normal) (G1 Evacuation Pause) 51M->7M(1024M) 5.934ms
[2023-12-04T21:20:45.294+0530][gc,cpu       ] GC(0) User=0.04s Sys=0.00s Real=0.01s
[2023-12-04T21:20:46.869+0530][gc,start     ] GC(1) Pause Young (Concurrent Start) (Metadata GC Threshold)
[2023-12-04T21:20:46.869+0530][gc,task      ] GC(1) Using 10 workers of 10 for evacuation
[2023-12-04T21:20:46.876+0530][gc,phases    ] GC(1)   Pre Evacuate Collection Set: 0.1ms
[2023-12-04T21:20:46.876+0530][gc,phases    ] GC(1)   Evacuate Collection Set: 5.8ms
[2023-12-04T21:20:46.876+0530][gc,phases    ] GC(1)   Post Evacuate Collection Set: 0.5ms
[2023-12-04T21:20:46.876+0530][gc,phases    ] GC(1)   Other: 0.6ms
[2023-12-04T21:20:46.876+0530][gc,heap      ] GC(1) Eden regions: 31->0(49)
[2023-12-04T21:20:46.876+0530][gc,heap      ] GC(1) Survivor regions: 7->2(7)
[2023-12-04T21:20:46.876+0530][gc,heap      ] GC(1) Old regions: 2->9
[2023-12-04T21:20:46.876+0530][gc,heap      ] GC(1) Humongous regions: 0->0
[2023-12-04T21:20:46.876+0530][gc,metaspace ] GC(1) Metaspace: 20543K(21248K)->20543K(21248K) NonClass: 18047K(18432K)->18047K(18432K) Class: 2496K(2816K)->2496K(2816K)
[2023-12-04T21:20:46.876+0530][gc           ] GC(1) Pause Young (Concurrent Start) (Metadata GC Threshold) 37M->8M(1024M) 7.095ms
[2023-12-04T21:20:46.876+0530][gc,cpu       ] GC(1) User=0.04s Sys=0.00s Real=0.01s
[2023-12-04T21:20:46.876+0530][gc           ] GC(2) Concurrent Cycle
[2023-12-04T21:20:46.876+0530][gc,marking   ] GC(2) Concurrent Clear Claimed Marks
[2023-12-04T21:20:46.876+0530][gc,marking   ] GC(2) Concurrent Clear Claimed Marks 0.073ms
[2023-12-04T21:20:46.876+0530][gc,marking   ] GC(2) Concurrent Scan Root Regions
[2023-12-04T21:20:46.877+0530][gc,marking   ] GC(2) Concurrent Scan Root Regions 0.744ms
[2023-12-04T21:20:46.877+0530][gc,marking   ] GC(2) Concurrent Mark (2.144s)
[2023-12-04T21:20:46.877+0530][gc,marking   ] GC(2) Concurrent Mark From Roots
[2023-12-04T21:20:46.877+0530][gc,task      ] GC(2) Using 3 workers of 3 for marking
[2023-12-04T21:20:46.880+0530][gc,marking   ] GC(2) Concurrent Mark From Roots 3.121ms
[2023-12-04T21:20:46.880+0530][gc,marking   ] GC(2) Concurrent Preclean
[2023-12-04T21:20:46.880+0530][gc,marking   ] GC(2) Concurrent Preclean 0.067ms
[2023-12-04T21:20:46.880+0530][gc,marking   ] GC(2) Concurrent Mark (2.144s, 2.147s) 3.235ms
[2023-12-04T21:20:46.881+0530][gc,start     ] GC(2) Pause Remark
[2023-12-04T21:20:46.883+0530][gc,stringtable] GC(2) Cleaned string and symbol table, strings: 5709 processed, 0 removed, symbols: 53763 processed, 42 removed
[2023-12-04T21:20:46.884+0530][gc            ] GC(2) Pause Remark 9M->9M(1024M) 2.938ms
[2023-12-04T21:20:46.884+0530][gc,cpu        ] GC(2) User=0.02s Sys=0.00s Real=0.00s
[2023-12-04T21:20:46.884+0530][gc,marking    ] GC(2) Concurrent Rebuild Remembered Sets
[2023-12-04T21:20:46.886+0530][gc,marking    ] GC(2) Concurrent Rebuild Remembered Sets 2.201ms
[2023-12-04T21:20:46.886+0530][gc,start      ] GC(2) Pause Cleanup
[2023-12-04T21:20:46.886+0530][gc            ] GC(2) Pause Cleanup 9M->9M(1024M) 0.219ms
[2023-12-04T21:20:46.886+0530][gc,cpu        ] GC(2) User=0.00s Sys=0.00s Real=0.00s
[2023-12-04T21:20:46.886+0530][gc,marking    ] GC(2) Concurrent Cleanup for Next Mark
[2023-12-04T21:20:46.889+0530][gc,marking    ] GC(2) Concurrent Cleanup for Next Mark 2.855ms
[2023-12-04T21:20:46.889+0530][gc            ] GC(2) Concurrent Cycle 13.075ms
[2023-12-04T21:20:47.289+0530][gc,start      ] GC(3) Pause Young (Normal) (G1 Evacuation Pause)
[2023-12-04T21:20:47.289+0530][gc,task       ] GC(3) Using 10 workers of 10 for evacuation
[2023-12-04T21:20:47.294+0530][gc,phases     ] GC(3)   Pre Evacuate Collection Set: 0.0ms
[2023-12-04T21:20:47.294+0530][gc,phases     ] GC(3)   Evacuate Collection Set: 3.4ms
[2023-12-04T21:20:47.294+0530][gc,phases     ] GC(3)   Post Evacuate Collection Set: 0.8ms
[2023-12-04T21:20:47.294+0530][gc,phases     ] GC(3)   Other: 0.1ms
[2023-12-04T21:20:47.294+0530][gc,heap       ] GC(3) Eden regions: 49->0(46)
[2023-12-04T21:20:47.294+0530][gc,heap       ] GC(3) Survivor regions: 2->5(7)
[2023-12-04T21:20:47.294+0530][gc,heap       ] GC(3) Old regions: 9->9
[2023-12-04T21:20:47.294+0530][gc,heap       ] GC(3) Humongous regions: 129->129
[2023-12-04T21:20:47.294+0530][gc,metaspace  ] GC(3) Metaspace: 28587K(29952K)->28587K(29952K) NonClass: 25267K(26112K)->25267K(26112K) Class: 3320K(3840K)->3320K(3840K)
[2023-12-04T21:20:47.294+0530][gc            ] GC(3) Pause Young (Normal) (G1 Evacuation Pause) 186M->141M(1024M) 4.510ms
[2023-12-04T21:20:47.294+0530][gc,cpu        ] GC(3) User=0.04s Sys=0.00s Real=0.01s
[2023-12-04T21:20:47.569+0530][gc,start      ] GC(4) Pause Young (Concurrent Start) (Metadata GC Threshold)
[2023-12-04T21:20:47.569+0530][gc,task       ] GC(4) Using 10 workers of 10 for evacuation
[2023-12-04T21:20:47.598+0530][gc,mmu        ] GC(4) MMU target violated: 21.0ms (20.0ms/21.0ms)
[2023-12-04T21:20:47.598+0530][gc,phases     ] GC(4)   Pre Evacuate Collection Set: 0.6ms
[2023-12-04T21:20:47.598+0530][gc,phases     ] GC(4)   Evacuate Collection Set: 27.8ms
[2023-12-04T21:20:47.598+0530][gc,phases     ] GC(4)   Post Evacuate Collection Set: 0.5ms
[2023-12-04T21:20:47.598+0530][gc,phases     ] GC(4)   Other: 0.8ms
[2023-12-04T21:20:47.598+0530][gc,heap       ] GC(4) Eden regions: 30->0(49)
[2023-12-04T21:20:47.598+0530][gc,heap       ] GC(4) Survivor regions: 5->2(7)
[2023-12-04T21:20:47.598+0530][gc,heap       ] GC(4) Old regions: 9->14
[2023-12-04T21:20:47.598+0530][gc,heap       ] GC(4) Humongous regions: 129->129
[2023-12-04T21:20:47.598+0530][gc,metaspace  ] GC(4) Metaspace: 34470K(35840K)->34470K(35840K) NonClass: 30424K(31104K)->30424K(31104K) Class: 4045K(4736K)->4045K(4736K)
[2023-12-04T21:20:47.598+0530][gc            ] GC(4) Pause Young (Concurrent Start) (Metadata GC Threshold) 170M->143M(1024M) 29.733ms
[2023-12-04T21:20:47.598+0530][gc,cpu        ] GC(4) User=0.07s Sys=0.00s Real=0.03s
[2023-12-04T21:20:47.598+0530][gc            ] GC(5) Concurrent Cycle
[2023-12-04T21:20:47.598+0530][gc,marking    ] GC(5) Concurrent Clear Claimed Marks
[2023-12-04T21:20:47.598+0530][gc,marking    ] GC(5) Concurrent Clear Claimed Marks 0.092ms
[2023-12-04T21:20:47.599+0530][gc,marking    ] GC(5) Concurrent Scan Root Regions
[2023-12-04T21:20:47.600+0530][gc,marking    ] GC(5) Concurrent Scan Root Regions 1.127ms
[2023-12-04T21:20:47.600+0530][gc,marking    ] GC(5) Concurrent Mark (2.866s)
[2023-12-04T21:20:47.600+0530][gc,marking    ] GC(5) Concurrent Mark From Roots
[2023-12-04T21:20:47.600+0530][gc,task       ] GC(5) Using 3 workers of 3 for marking
[2023-12-04T21:20:47.611+0530][gc,marking    ] GC(5) Concurrent Mark From Roots 10.981ms
[2023-12-04T21:20:47.611+0530][gc,marking    ] GC(5) Concurrent Preclean
[2023-12-04T21:20:47.611+0530][gc,marking    ] GC(5) Concurrent Preclean 0.156ms
[2023-12-04T21:20:47.611+0530][gc,marking    ] GC(5) Concurrent Mark (2.866s, 2.877s) 11.237ms
[2023-12-04T21:20:47.616+0530][gc,start      ] GC(5) Pause Remark
[2023-12-04T21:20:47.622+0530][gc,stringtable] GC(5) Cleaned string and symbol table, strings: 11439 processed, 13 removed, symbols: 85918 processed, 16 removed
[2023-12-04T21:20:47.622+0530][gc            ] GC(5) Pause Remark 144M->144M(1024M) 5.546ms
[2023-12-04T21:20:47.622+0530][gc,cpu        ] GC(5) User=0.03s Sys=0.00s Real=0.00s
[2023-12-04T21:20:47.622+0530][gc,marking    ] GC(5) Concurrent Rebuild Remembered Sets
[2023-12-04T21:20:47.631+0530][gc,marking    ] GC(5) Concurrent Rebuild Remembered Sets 9.141ms
[2023-12-04T21:20:47.634+0530][gc,start      ] GC(5) Pause Cleanup
[2023-12-04T21:20:47.634+0530][gc            ] GC(5) Pause Cleanup 144M->144M(1024M) 0.312ms
[2023-12-04T21:20:47.634+0530][gc,cpu        ] GC(5) User=0.01s Sys=0.00s Real=0.00s
[2023-12-04T21:20:47.635+0530][gc,marking    ] GC(5) Concurrent Cleanup for Next Mark
[2023-12-04T21:20:47.640+0530][gc,marking    ] GC(5) Concurrent Cleanup for Next Mark 5.169ms
[2023-12-04T21:20:47.641+0530][gc            ] GC(5) Concurrent Cycle 42.156ms
[2023-12-04T22:58:16.922+0530][gc,start      ] GC(6) Pause Young (Normal) (G1 Evacuation Pause)
[2023-12-04T22:58:16.941+0530][gc,task       ] GC(6) Using 10 workers of 10 for evacuation
[2023-12-04T22:58:16.946+0530][gc,phases     ] GC(6)   Pre Evacuate Collection Set: 0.1ms
[2023-12-04T22:58:16.946+0530][gc,phases     ] GC(6)   Evacuate Collection Set: 5.1ms
[2023-12-04T22:58:16.946+0530][gc,phases     ] GC(6)   Post Evacuate Collection Set: 0.3ms
[2023-12-04T22:58:16.946+0530][gc,phases     ] GC(6)   Other: 18.8ms
[2023-12-04T22:58:16.946+0530][gc,heap       ] GC(6) Eden regions: 49->0(48)
[2023-12-04T22:58:16.946+0530][gc,heap       ] GC(6) Survivor regions: 2->3(7)
[2023-12-04T22:58:16.946+0530][gc,heap       ] GC(6) Old regions: 14->14
[2023-12-04T22:58:16.947+0530][gc,heap       ] GC(6) Humongous regions: 129->129
[2023-12-04T22:58:16.947+0530][gc,metaspace  ] GC(6) Metaspace: 36808K(38656K)->36808K(38656K) NonClass: 32462K(33536K)->32462K(33536K) Class: 4345K(5120K)->4345K(5120K)
[2023-12-04T22:58:16.947+0530][gc            ] GC(6) Pause Young (Normal) (G1 Evacuation Pause) 192M->143M(1024M) 24.371ms
[2023-12-04T22:58:16.947+0530][gc,cpu        ] GC(6) User=0.06s Sys=0.00s Real=0.03s
[2023-12-05T01:00:56.870+0530][gc,start      ] GC(7) Pause Young (Normal) (G1 Evacuation Pause)
[2023-12-05T01:00:56.871+0530][gc,task       ] GC(7) Using 10 workers of 10 for evacuation
[2023-12-05T01:00:56.877+0530][gc,phases     ] GC(7)   Pre Evacuate Collection Set: 0.0ms
[2023-12-05T01:00:56.877+0530][gc,phases     ] GC(7)   Evacuate Collection Set: 3.7ms
[2023-12-05T01:00:56.877+0530][gc,phases     ] GC(7)   Post Evacuate Collection Set: 1.2ms
[2023-12-05T01:00:56.877+0530][gc,phases     ] GC(7)   Other: 1.7ms
[2023-12-05T01:00:56.877+0530][gc,heap       ] GC(7) Eden regions: 48->0(48)
[2023-12-05T01:00:56.877+0530][gc,heap       ] GC(7) Survivor regions: 3->3(7)
[2023-12-05T01:00:56.877+0530][gc,heap       ] GC(7) Old regions: 14->14
[2023-12-05T01:00:56.877+0530][gc,heap       ] GC(7) Humongous regions: 129->129
[2023-12-05T01:00:56.877+0530][gc,metaspace  ] GC(7) Metaspace: 36945K(38656K)->36945K(38656K) NonClass: 32599K(33536K)->32599K(33536K) Class: 4345K(5120K)->4345K(5120K)
[2023-12-05T01:00:56.877+0530][gc            ] GC(7) Pause Young (Normal) (G1 Evacuation Pause) 191M->143M(1024M) 6.897ms
[2023-12-05T01:00:56.877+0530][gc,cpu        ] GC(7) User=0.04s Sys=0.00s Real=0.01s
[2023-12-05T03:10:17.595+0530][gc,start      ] GC(8) Pause Young (Normal) (G1 Evacuation Pause)
[2023-12-05T03:10:17.597+0530][gc,task       ] GC(8) Using 10 workers of 10 for evacuation
[2023-12-05T03:10:17.602+0530][gc,phases     ] GC(8)   Pre Evacuate Collection Set: 0.1ms
[2023-12-05T03:10:17.602+0530][gc,phases     ] GC(8)   Evacuate Collection Set: 3.8ms
[2023-12-05T03:10:17.602+0530][gc,phases     ] GC(8)   Post Evacuate Collection Set: 1.1ms
[2023-12-05T03:10:17.602+0530][gc,phases     ] GC(8)   Other: 1.8ms
[2023-12-05T03:10:17.602+0530][gc,heap       ] GC(8) Eden regions: 48->0(48)
[2023-12-05T03:10:17.602+0530][gc,heap       ] GC(8) Survivor regions: 3->3(7)
[2023-12-05T03:10:17.602+0530][gc,heap       ] GC(8) Old regions: 14->14
[2023-12-05T03:10:17.602+0530][gc,heap       ] GC(8) Humongous regions: 129->129
[2023-12-05T03:10:17.602+0530][gc,metaspace  ] GC(8) Metaspace: 36995K(38656K)->36995K(38656K) NonClass: 32649K(33536K)->32649K(33536K) Class: 4345K(5120K)->4345K(5120K)
[2023-12-05T03:10:17.602+0530][gc            ] GC(8) Pause Young (Normal) (G1 Evacuation Pause) 191M->143M(1024M) 7.074ms
[2023-12-05T03:10:17.602+0530][gc,cpu        ] GC(8) User=0.03s Sys=0.00s Real=0.00s
[2023-12-05T03:29:34.733+0530][gc,heap,exit  ] Heap
[2023-12-05T03:29:34.733+0530][gc,heap,exit  ]  garbage-first heap   total 1048576K, used 162239K [0x00000000c0000000, 0x0000000100000000)
[2023-12-05T03:29:34.733+0530][gc,heap,exit  ]   region size 1024K, 19 young (19456K), 3 survivors (3072K)
[2023-12-05T03:29:34.733+0530][gc,heap,exit  ]  Metaspace       used 37794K, capacity 39431K, committed 39680K, reserved 1083392K
[2023-12-05T03:29:34.733+0530][gc,heap,exit  ]   class space    used 4540K, capacity 5330K, committed 5376K, reserved 1048576K
