[2023-11-28T21:46:47.300+0530][gc,heap] Heap region size: 1M
[2023-11-28T21:46:47.305+0530][gc     ] Using G1
[2023-11-28T21:46:47.305+0530][gc,heap,coops] Heap address: 0x00000000c0000000, size: 1024 MB, Compressed Oops mode: 32-bit
[2023-11-28T21:46:47.305+0530][gc,cds       ] Mark closed archive regions in map: [0x00000000fff00000, 0x00000000fff6bff8]
[2023-11-28T21:46:47.305+0530][gc,cds       ] Mark open archive regions in map: [0x00000000ffe00000, 0x00000000ffe47ff8]
[2023-11-28T21:46:47.850+0530][gc,start     ] GC(0) Pause Young (Normal) (G1 Evacuation Pause)
[2023-11-28T21:46:47.850+0530][gc,task      ] GC(0) Using 10 workers of 10 for evacuation
[2023-11-28T21:46:47.856+0530][gc,phases    ] GC(0)   Pre Evacuate Collection Set: 0.0ms
[2023-11-28T21:46:47.856+0530][gc,phases    ] GC(0)   Evacuate Collection Set: 5.2ms
[2023-11-28T21:46:47.856+0530][gc,phases    ] GC(0)   Post Evacuate Collection Set: 0.3ms
[2023-11-28T21:46:47.856+0530][gc,phases    ] GC(0)   Other: 0.8ms
[2023-11-28T21:46:47.856+0530][gc,heap      ] GC(0) Eden regions: 51->0(44)
[2023-11-28T21:46:47.856+0530][gc,heap      ] GC(0) Survivor regions: 0->7(7)
[2023-11-28T21:46:47.856+0530][gc,heap      ] GC(0) Old regions: 2->2
[2023-11-28T21:46:47.856+0530][gc,heap      ] GC(0) Humongous regions: 0->0
[2023-11-28T21:46:47.856+0530][gc,metaspace ] GC(0) Metaspace: 14068K(14848K)->14068K(14848K) NonClass: 12336K(12800K)->12336K(12800K) Class: 1731K(2048K)->1731K(2048K)
[2023-11-28T21:46:47.856+0530][gc           ] GC(0) Pause Young (Normal) (G1 Evacuation Pause) 51M->7M(1024M) 6.384ms
[2023-11-28T21:46:47.856+0530][gc,cpu       ] GC(0) User=0.05s Sys=0.00s Real=0.01s
[2023-11-28T21:46:48.210+0530][gc,start     ] GC(1) Pause Young (Concurrent Start) (Metadata GC Threshold)
[2023-11-28T21:46:48.210+0530][gc,task      ] GC(1) Using 10 workers of 10 for evacuation
[2023-11-28T21:46:48.218+0530][gc,phases    ] GC(1)   Pre Evacuate Collection Set: 0.1ms
[2023-11-28T21:46:48.218+0530][gc,phases    ] GC(1)   Evacuate Collection Set: 7.1ms
[2023-11-28T21:46:48.218+0530][gc,phases    ] GC(1)   Post Evacuate Collection Set: 0.5ms
[2023-11-28T21:46:48.218+0530][gc,phases    ] GC(1)   Other: 0.4ms
[2023-11-28T21:46:48.218+0530][gc,heap      ] GC(1) Eden regions: 30->0(49)
[2023-11-28T21:46:48.218+0530][gc,heap      ] GC(1) Survivor regions: 7->2(7)
[2023-11-28T21:46:48.218+0530][gc,heap      ] GC(1) Old regions: 2->9
[2023-11-28T21:46:48.218+0530][gc,heap      ] GC(1) Humongous regions: 0->0
[2023-11-28T21:46:48.218+0530][gc,metaspace ] GC(1) Metaspace: 20535K(21248K)->20535K(21248K) NonClass: 18054K(18432K)->18054K(18432K) Class: 2480K(2816K)->2480K(2816K)
[2023-11-28T21:46:48.218+0530][gc           ] GC(1) Pause Young (Concurrent Start) (Metadata GC Threshold) 37M->8M(1024M) 8.150ms
[2023-11-28T21:46:48.218+0530][gc,cpu       ] GC(1) User=0.03s Sys=0.01s Real=0.01s
[2023-11-28T21:46:48.218+0530][gc           ] GC(2) Concurrent Cycle
[2023-11-28T21:46:48.218+0530][gc,marking   ] GC(2) Concurrent Clear Claimed Marks
[2023-11-28T21:46:48.218+0530][gc,marking   ] GC(2) Concurrent Clear Claimed Marks 0.031ms
[2023-11-28T21:46:48.218+0530][gc,marking   ] GC(2) Concurrent Scan Root Regions
[2023-11-28T21:46:48.219+0530][gc,marking   ] GC(2) Concurrent Scan Root Regions 1.105ms
[2023-11-28T21:46:48.219+0530][gc,marking   ] GC(2) Concurrent Mark (0.921s)
[2023-11-28T21:46:48.219+0530][gc,marking   ] GC(2) Concurrent Mark From Roots
[2023-11-28T21:46:48.219+0530][gc,task      ] GC(2) Using 3 workers of 3 for marking
[2023-11-28T21:46:48.222+0530][gc,marking   ] GC(2) Concurrent Mark From Roots 3.209ms
[2023-11-28T21:46:48.222+0530][gc,marking   ] GC(2) Concurrent Preclean
[2023-11-28T21:46:48.222+0530][gc,marking   ] GC(2) Concurrent Preclean 0.102ms
[2023-11-28T21:46:48.222+0530][gc,marking   ] GC(2) Concurrent Mark (0.921s, 0.924s) 3.368ms
[2023-11-28T21:46:48.223+0530][gc,start     ] GC(2) Pause Remark
[2023-11-28T21:46:48.224+0530][gc,stringtable] GC(2) Cleaned string and symbol table, strings: 5137 processed, 0 removed, symbols: 52938 processed, 44 removed
[2023-11-28T21:46:48.225+0530][gc            ] GC(2) Pause Remark 8M->8M(1024M) 1.899ms
[2023-11-28T21:46:48.225+0530][gc,cpu        ] GC(2) User=0.01s Sys=0.00s Real=0.00s
[2023-11-28T21:46:48.225+0530][gc,marking    ] GC(2) Concurrent Rebuild Remembered Sets
[2023-11-28T21:46:48.226+0530][gc,marking    ] GC(2) Concurrent Rebuild Remembered Sets 1.806ms
[2023-11-28T21:46:48.227+0530][gc,start      ] GC(2) Pause Cleanup
[2023-11-28T21:46:48.227+0530][gc            ] GC(2) Pause Cleanup 8M->8M(1024M) 0.522ms
[2023-11-28T21:46:48.227+0530][gc,cpu        ] GC(2) User=0.00s Sys=0.00s Real=0.00s
[2023-11-28T21:46:48.229+0530][gc,marking    ] GC(2) Concurrent Cleanup for Next Mark
[2023-11-28T21:46:48.233+0530][gc,marking    ] GC(2) Concurrent Cleanup for Next Mark 3.773ms
[2023-11-28T21:46:48.233+0530][gc            ] GC(2) Concurrent Cycle 15.189ms
[2023-11-28T21:46:48.675+0530][gc,start      ] GC(3) Pause Young (Normal) (GCLocker Initiated GC)
[2023-11-28T21:46:48.675+0530][gc,task       ] GC(3) Using 10 workers of 10 for evacuation
[2023-11-28T21:46:48.679+0530][gc,phases     ] GC(3)   Pre Evacuate Collection Set: 0.0ms
[2023-11-28T21:46:48.679+0530][gc,phases     ] GC(3)   Evacuate Collection Set: 2.8ms
[2023-11-28T21:46:48.679+0530][gc,phases     ] GC(3)   Post Evacuate Collection Set: 1.0ms
[2023-11-28T21:46:48.679+0530][gc,phases     ] GC(3)   Other: 0.2ms
[2023-11-28T21:46:48.679+0530][gc,heap       ] GC(3) Eden regions: 50->0(46)
[2023-11-28T21:46:48.679+0530][gc,heap       ] GC(3) Survivor regions: 2->5(7)
[2023-11-28T21:46:48.679+0530][gc,heap       ] GC(3) Old regions: 9->9
[2023-11-28T21:46:48.679+0530][gc,heap       ] GC(3) Humongous regions: 129->129
[2023-11-28T21:46:48.679+0530][gc,metaspace  ] GC(3) Metaspace: 28483K(29696K)->28483K(29696K) NonClass: 25154K(25856K)->25154K(25856K) Class: 3328K(3840K)->3328K(3840K)
[2023-11-28T21:46:48.679+0530][gc            ] GC(3) Pause Young (Normal) (GCLocker Initiated GC) 186M->141M(1024M) 4.143ms
[2023-11-28T21:46:48.679+0530][gc,cpu        ] GC(3) User=0.03s Sys=0.00s Real=0.00s
[2023-11-28T21:46:48.973+0530][gc,start      ] GC(4) Pause Young (Concurrent Start) (Metadata GC Threshold)
[2023-11-28T21:46:48.973+0530][gc,task       ] GC(4) Using 10 workers of 10 for evacuation
[2023-11-28T21:46:48.982+0530][gc,phases     ] GC(4)   Pre Evacuate Collection Set: 0.1ms
[2023-11-28T21:46:48.982+0530][gc,phases     ] GC(4)   Evacuate Collection Set: 7.5ms
[2023-11-28T21:46:48.982+0530][gc,phases     ] GC(4)   Post Evacuate Collection Set: 1.4ms
[2023-11-28T21:46:48.982+0530][gc,phases     ] GC(4)   Other: 0.3ms
[2023-11-28T21:46:48.982+0530][gc,heap       ] GC(4) Eden regions: 31->0(48)
[2023-11-28T21:46:48.982+0530][gc,heap       ] GC(4) Survivor regions: 5->3(7)
[2023-11-28T21:46:48.982+0530][gc,heap       ] GC(4) Old regions: 9->14
[2023-11-28T21:46:48.982+0530][gc,heap       ] GC(4) Humongous regions: 129->129
[2023-11-28T21:46:48.982+0530][gc,metaspace  ] GC(4) Metaspace: 34431K(35840K)->34431K(35840K) NonClass: 30381K(31104K)->30381K(31104K) Class: 4049K(4736K)->4049K(4736K)
[2023-11-28T21:46:48.982+0530][gc            ] GC(4) Pause Young (Concurrent Start) (Metadata GC Threshold) 171M->142M(1024M) 9.413ms
[2023-11-28T21:46:48.982+0530][gc,cpu        ] GC(4) User=0.07s Sys=0.00s Real=0.01s
[2023-11-28T21:46:48.982+0530][gc            ] GC(5) Concurrent Cycle
[2023-11-28T21:46:48.982+0530][gc,marking    ] GC(5) Concurrent Clear Claimed Marks
[2023-11-28T21:46:48.982+0530][gc,marking    ] GC(5) Concurrent Clear Claimed Marks 0.161ms
[2023-11-28T21:46:48.982+0530][gc,marking    ] GC(5) Concurrent Scan Root Regions
[2023-11-28T21:46:48.983+0530][gc,marking    ] GC(5) Concurrent Scan Root Regions 1.070ms
[2023-11-28T21:46:48.983+0530][gc,marking    ] GC(5) Concurrent Mark (1.685s)
[2023-11-28T21:46:48.983+0530][gc,marking    ] GC(5) Concurrent Mark From Roots
[2023-11-28T21:46:48.983+0530][gc,task       ] GC(5) Using 3 workers of 3 for marking
[2023-11-28T21:46:48.992+0530][gc,marking    ] GC(5) Concurrent Mark From Roots 9.040ms
[2023-11-28T21:46:48.992+0530][gc,marking    ] GC(5) Concurrent Preclean
[2023-11-28T21:46:48.993+0530][gc,marking    ] GC(5) Concurrent Preclean 0.146ms
[2023-11-28T21:46:48.993+0530][gc,marking    ] GC(5) Concurrent Mark (1.685s, 1.695s) 9.251ms
[2023-11-28T21:46:48.993+0530][gc,start      ] GC(5) Pause Remark
[2023-11-28T21:46:48.996+0530][gc,stringtable] GC(5) Cleaned string and symbol table, strings: 10956 processed, 14 removed, symbols: 85366 processed, 16 removed
[2023-11-28T21:46:48.997+0530][gc            ] GC(5) Pause Remark 143M->143M(1024M) 3.953ms
[2023-11-28T21:46:48.997+0530][gc,cpu        ] GC(5) User=0.03s Sys=0.00s Real=0.01s
[2023-11-28T21:46:48.997+0530][gc,marking    ] GC(5) Concurrent Rebuild Remembered Sets
[2023-11-28T21:46:49.002+0530][gc,marking    ] GC(5) Concurrent Rebuild Remembered Sets 5.287ms
[2023-11-28T21:46:49.002+0530][gc,start      ] GC(5) Pause Cleanup
[2023-11-28T21:46:49.002+0530][gc            ] GC(5) Pause Cleanup 143M->143M(1024M) 0.233ms
[2023-11-28T21:46:49.002+0530][gc,cpu        ] GC(5) User=0.00s Sys=0.00s Real=0.00s
[2023-11-28T21:46:49.002+0530][gc,marking    ] GC(5) Concurrent Cleanup for Next Mark
[2023-11-28T21:46:49.004+0530][gc,marking    ] GC(5) Concurrent Cleanup for Next Mark 1.804ms
[2023-11-28T21:46:49.004+0530][gc            ] GC(5) Concurrent Cycle 22.361ms
[2023-11-28T21:49:46.951+0530][gc,start      ] GC(6) Pause Young (Normal) (G1 Evacuation Pause)
[2023-11-28T21:49:46.951+0530][gc,task       ] GC(6) Using 10 workers of 10 for evacuation
[2023-11-28T21:49:46.954+0530][gc,phases     ] GC(6)   Pre Evacuate Collection Set: 0.0ms
[2023-11-28T21:49:46.954+0530][gc,phases     ] GC(6)   Evacuate Collection Set: 2.5ms
[2023-11-28T21:49:46.954+0530][gc,phases     ] GC(6)   Post Evacuate Collection Set: 0.5ms
[2023-11-28T21:49:46.955+0530][gc,phases     ] GC(6)   Other: 0.1ms
[2023-11-28T21:49:46.955+0530][gc,heap       ] GC(6) Eden regions: 48->0(47)
[2023-11-28T21:49:46.955+0530][gc,heap       ] GC(6) Survivor regions: 3->4(7)
[2023-11-28T21:49:46.955+0530][gc,heap       ] GC(6) Old regions: 14->14
[2023-11-28T21:49:46.955+0530][gc,heap       ] GC(6) Humongous regions: 129->129
[2023-11-28T21:49:46.955+0530][gc,metaspace  ] GC(6) Metaspace: 40638K(43136K)->40638K(43136K) NonClass: 35555K(36864K)->35555K(36864K) Class: 5082K(6272K)->5082K(6272K)
[2023-11-28T21:49:46.955+0530][gc            ] GC(6) Pause Young (Normal) (G1 Evacuation Pause) 190M->144M(1024M) 3.220ms
[2023-11-28T21:49:46.955+0530][gc,cpu        ] GC(6) User=0.03s Sys=0.00s Real=0.01s
[2023-11-28T21:50:37.504+0530][gc,start      ] GC(7) Pause Young (Normal) (G1 Evacuation Pause)
[2023-11-28T21:50:37.504+0530][gc,task       ] GC(7) Using 10 workers of 10 for evacuation
[2023-11-28T21:50:37.507+0530][gc,phases     ] GC(7)   Pre Evacuate Collection Set: 0.0ms
[2023-11-28T21:50:37.507+0530][gc,phases     ] GC(7)   Evacuate Collection Set: 2.0ms
[2023-11-28T21:50:37.507+0530][gc,phases     ] GC(7)   Post Evacuate Collection Set: 0.3ms
[2023-11-28T21:50:37.507+0530][gc,phases     ] GC(7)   Other: 0.2ms
[2023-11-28T21:50:37.507+0530][gc,heap       ] GC(7) Eden regions: 47->0(46)
[2023-11-28T21:50:37.507+0530][gc,heap       ] GC(7) Survivor regions: 4->5(7)
[2023-11-28T21:50:37.507+0530][gc,heap       ] GC(7) Old regions: 14->14
[2023-11-28T21:50:37.507+0530][gc,heap       ] GC(7) Humongous regions: 129->129
[2023-11-28T21:50:37.507+0530][gc,metaspace  ] GC(7) Metaspace: 41719K(44160K)->41719K(44160K) NonClass: 36463K(37632K)->36463K(37632K) Class: 5256K(6528K)->5256K(6528K)
[2023-11-28T21:50:37.507+0530][gc            ] GC(7) Pause Young (Normal) (G1 Evacuation Pause) 191M->145M(1024M) 2.580ms
[2023-11-28T21:50:37.507+0530][gc,cpu        ] GC(7) User=0.02s Sys=0.00s Real=0.01s
[2023-11-28T21:57:31.498+0530][gc,start      ] GC(8) Pause Young (Normal) (G1 Evacuation Pause)
[2023-11-28T21:57:31.498+0530][gc,task       ] GC(8) Using 10 workers of 10 for evacuation
[2023-11-28T21:57:31.500+0530][gc,phases     ] GC(8)   Pre Evacuate Collection Set: 0.0ms
[2023-11-28T21:57:31.500+0530][gc,phases     ] GC(8)   Evacuate Collection Set: 2.1ms
[2023-11-28T21:57:31.500+0530][gc,phases     ] GC(8)   Post Evacuate Collection Set: 0.4ms
[2023-11-28T21:57:31.500+0530][gc,phases     ] GC(8)   Other: 0.2ms
[2023-11-28T21:57:31.500+0530][gc,heap       ] GC(8) Eden regions: 46->0(47)
[2023-11-28T21:57:31.500+0530][gc,heap       ] GC(8) Survivor regions: 5->4(7)
[2023-11-28T21:57:31.500+0530][gc,heap       ] GC(8) Old regions: 14->15
[2023-11-28T21:57:31.500+0530][gc,heap       ] GC(8) Humongous regions: 129->129
[2023-11-28T21:57:31.500+0530][gc,metaspace  ] GC(8) Metaspace: 41837K(44416K)->41837K(44416K) NonClass: 36556K(37888K)->36556K(37888K) Class: 5281K(6528K)->5281K(6528K)
[2023-11-28T21:57:31.501+0530][gc            ] GC(8) Pause Young (Normal) (G1 Evacuation Pause) 191M->145M(1024M) 2.821ms
[2023-11-28T21:57:31.501+0530][gc,cpu        ] GC(8) User=0.02s Sys=0.00s Real=0.00s
[2023-11-28T23:01:26.498+0530][gc,start      ] GC(9) Pause Young (Normal) (G1 Evacuation Pause)
[2023-11-28T23:01:26.499+0530][gc,task       ] GC(9) Using 10 workers of 10 for evacuation
[2023-11-28T23:01:26.506+0530][gc,phases     ] GC(9)   Pre Evacuate Collection Set: 0.0ms
[2023-11-28T23:01:26.506+0530][gc,phases     ] GC(9)   Evacuate Collection Set: 6.0ms
[2023-11-28T23:01:26.506+0530][gc,phases     ] GC(9)   Post Evacuate Collection Set: 0.3ms
[2023-11-28T23:01:26.506+0530][gc,phases     ] GC(9)   Other: 1.7ms
[2023-11-28T23:01:26.506+0530][gc,heap       ] GC(9) Eden regions: 47->0(50)
[2023-11-28T23:01:26.506+0530][gc,heap       ] GC(9) Survivor regions: 4->4(7)
[2023-11-28T23:01:26.506+0530][gc,heap       ] GC(9) Old regions: 15->15
[2023-11-28T23:01:26.506+0530][gc,heap       ] GC(9) Humongous regions: 129->129
[2023-11-28T23:01:26.506+0530][gc,metaspace  ] GC(9) Metaspace: 42235K(44928K)->42235K(44928K) NonClass: 36945K(38400K)->36945K(38400K) Class: 5289K(6528K)->5289K(6528K)
[2023-11-28T23:01:26.506+0530][gc            ] GC(9) Pause Young (Normal) (G1 Evacuation Pause) 192M->145M(1024M) 8.144ms
[2023-11-28T23:01:26.506+0530][gc,cpu        ] GC(9) User=0.06s Sys=0.00s Real=0.01s
[2023-11-29T00:08:34.667+0530][gc,start      ] GC(10) Pause Young (Normal) (G1 Evacuation Pause)
[2023-11-29T00:08:34.668+0530][gc,task       ] GC(10) Using 10 workers of 10 for evacuation
[2023-11-29T00:08:34.676+0530][gc,phases     ] GC(10)   Pre Evacuate Collection Set: 0.0ms
[2023-11-29T00:08:34.676+0530][gc,phases     ] GC(10)   Evacuate Collection Set: 6.5ms
[2023-11-29T00:08:34.676+0530][gc,phases     ] GC(10)   Post Evacuate Collection Set: 1.2ms
[2023-11-29T00:08:34.676+0530][gc,phases     ] GC(10)   Other: 0.9ms
[2023-11-29T00:08:34.676+0530][gc,heap       ] GC(10) Eden regions: 50->0(59)
[2023-11-29T00:08:34.676+0530][gc,heap       ] GC(10) Survivor regions: 4->4(7)
[2023-11-29T00:08:34.676+0530][gc,heap       ] GC(10) Old regions: 15->15
[2023-11-29T00:08:34.676+0530][gc,heap       ] GC(10) Humongous regions: 129->129
[2023-11-29T00:08:34.676+0530][gc,metaspace  ] GC(10) Metaspace: 42323K(44928K)->42323K(44928K) NonClass: 37033K(38400K)->37033K(38400K) Class: 5289K(6528K)->5289K(6528K)
[2023-11-29T00:08:34.676+0530][gc            ] GC(10) Pause Young (Normal) (G1 Evacuation Pause) 195M->145M(1024M) 8.560ms
[2023-11-29T00:08:34.676+0530][gc,cpu        ] GC(10) User=0.06s Sys=0.00s Real=0.01s
[2023-11-29T01:29:56.405+0530][gc,start      ] GC(11) Pause Young (Normal) (G1 Evacuation Pause)
[2023-11-29T01:29:56.406+0530][gc,task       ] GC(11) Using 10 workers of 10 for evacuation
[2023-11-29T01:29:56.413+0530][gc,phases     ] GC(11)   Pre Evacuate Collection Set: 0.0ms
[2023-11-29T01:29:56.413+0530][gc,phases     ] GC(11)   Evacuate Collection Set: 5.5ms
[2023-11-29T01:29:56.413+0530][gc,phases     ] GC(11)   Post Evacuate Collection Set: 0.5ms
[2023-11-29T01:29:56.413+0530][gc,phases     ] GC(11)   Other: 2.1ms
[2023-11-29T01:29:56.413+0530][gc,heap       ] GC(11) Eden regions: 59->0(416)
[2023-11-29T01:29:56.413+0530][gc,heap       ] GC(11) Survivor regions: 4->4(8)
[2023-11-29T01:29:56.413+0530][gc,heap       ] GC(11) Old regions: 15->15
[2023-11-29T01:29:56.413+0530][gc,heap       ] GC(11) Humongous regions: 129->129
[2023-11-29T01:29:56.413+0530][gc,metaspace  ] GC(11) Metaspace: 42357K(44928K)->42357K(44928K) NonClass: 37068K(38400K)->37068K(38400K) Class: 5289K(6528K)->5289K(6528K)
[2023-11-29T01:29:56.413+0530][gc            ] GC(11) Pause Young (Normal) (G1 Evacuation Pause) 204M->145M(1024M) 8.104ms
[2023-11-29T01:29:56.413+0530][gc,cpu        ] GC(11) User=0.05s Sys=0.00s Real=0.01s
[2023-11-29T11:40:39.007+0530][gc,start      ] GC(12) Pause Young (Normal) (G1 Evacuation Pause)
[2023-11-29T11:40:40.455+0530][gc,task       ] GC(12) Using 10 workers of 10 for evacuation
[2023-11-29T11:41:14.344+0530][gc,mmu        ] GC(12) MMU target violated: 21.0ms (20.0ms/21.0ms)
[2023-11-29T11:41:15.509+0530][gc,phases     ] GC(12)   Pre Evacuate Collection Set: 195.0ms
[2023-11-29T11:41:15.656+0530][gc,phases     ] GC(12)   Evacuate Collection Set: 11451.1ms
[2023-11-29T11:41:15.658+0530][gc,phases     ] GC(12)   Post Evacuate Collection Set: 17510.0ms
[2023-11-29T11:41:15.661+0530][gc,phases     ] GC(12)   Other: 9658.7ms
[2023-11-29T11:41:15.663+0530][gc,heap       ] GC(12) Eden regions: 416->0(47)
[2023-11-29T11:41:15.663+0530][gc,heap       ] GC(12) Survivor regions: 4->4(53)
[2023-11-29T11:41:15.663+0530][gc,heap       ] GC(12) Old regions: 15->15
[2023-11-29T11:41:15.663+0530][gc,heap       ] GC(12) Humongous regions: 129->129
[2023-11-29T11:41:15.663+0530][gc,metaspace  ] GC(12) Metaspace: 42748K(45568K)->42748K(45568K) NonClass: 37381K(38912K)->37381K(38912K) Class: 5366K(6656K)->5366K(6656K)
[2023-11-29T11:41:16.250+0530][gc            ] GC(12) Pause Young (Normal) (G1 Evacuation Pause) 561M->145M(1024M) 37265.851ms
[2023-11-29T11:41:19.119+0530][gc,cpu        ] GC(12) User=0.00s Sys=12.45s Real=40.66s
[2023-11-29T12:57:22.419+0530][gc,start      ] GC(13) Pause Young (Normal) (G1 Evacuation Pause)
[2023-11-29T12:57:23.951+0530][gc,task       ] GC(13) Using 10 workers of 10 for evacuation
[2023-11-29T12:57:37.605+0530][gc,mmu        ] GC(13) MMU target violated: 21.0ms (20.0ms/21.0ms)
[2023-11-29T12:57:41.827+0530][gc,phases     ] GC(13)   Pre Evacuate Collection Set: 503.4ms
[2023-11-29T12:57:42.607+0530][gc,phases     ] GC(13)   Evacuate Collection Set: 5454.4ms
[2023-11-29T12:57:43.171+0530][gc,phases     ] GC(13)   Post Evacuate Collection Set: 3922.8ms
[2023-11-29T12:57:47.278+0530][gc,phases     ] GC(13)   Other: 9865.2ms
[2023-11-29T12:57:47.615+0530][gc,heap       ] GC(13) Eden regions: 47->0(47)
[2023-11-29T12:57:49.069+0530][gc,heap       ] GC(13) Survivor regions: 4->4(7)
[2023-11-29T12:57:49.616+0530][gc,heap       ] GC(13) Old regions: 15->15
[2023-11-29T12:57:53.048+0530][gc,heap       ] GC(13) Humongous regions: 129->129
[2023-11-29T12:57:54.609+0530][gc,metaspace  ] GC(13) Metaspace: 42830K(45568K)->42830K(45568K) NonClass: 37463K(38912K)->37463K(38912K) Class: 5366K(6656K)->5366K(6656K)
[2023-11-29T12:58:03.439+0530][gc            ] GC(13) Pause Young (Normal) (G1 Evacuation Pause) 192M->145M(1024M) 40292.112ms
[2023-11-29T12:58:04.539+0530][gc,cpu        ] GC(13) User=0.00s Sys=7.06s Real=42.42s
[2023-11-29T14:08:46.502+0530][gc,start      ] GC(14) Pause Young (Normal) (G1 Evacuation Pause)
[2023-11-29T14:08:46.503+0530][gc,task       ] GC(14) Using 10 workers of 10 for evacuation
[2023-11-29T14:08:46.513+0530][gc,phases     ] GC(14)   Pre Evacuate Collection Set: 1.5ms
[2023-11-29T14:08:46.513+0530][gc,phases     ] GC(14)   Evacuate Collection Set: 5.8ms
[2023-11-29T14:08:46.513+0530][gc,phases     ] GC(14)   Post Evacuate Collection Set: 1.0ms
[2023-11-29T14:08:46.513+0530][gc,phases     ] GC(14)   Other: 3.3ms
[2023-11-29T14:08:46.513+0530][gc,heap       ] GC(14) Eden regions: 47->0(47)
[2023-11-29T14:08:46.513+0530][gc,heap       ] GC(14) Survivor regions: 4->4(7)
[2023-11-29T14:08:46.513+0530][gc,heap       ] GC(14) Old regions: 15->15
[2023-11-29T14:08:46.513+0530][gc,heap       ] GC(14) Humongous regions: 129->129
[2023-11-29T14:08:46.513+0530][gc,metaspace  ] GC(14) Metaspace: 42907K(45568K)->42907K(45568K) NonClass: 37540K(38912K)->37540K(38912K) Class: 5366K(6656K)->5366K(6656K)
[2023-11-29T14:08:46.513+0530][gc            ] GC(14) Pause Young (Normal) (G1 Evacuation Pause) 192M->145M(1024M) 11.030ms
[2023-11-29T14:08:46.513+0530][gc,cpu        ] GC(14) User=0.04s Sys=0.01s Real=0.02s
[2023-11-29T15:14:18.262+0530][gc,start      ] GC(15) Pause Young (Normal) (G1 Evacuation Pause)
[2023-11-29T15:14:18.263+0530][gc,task       ] GC(15) Using 10 workers of 10 for evacuation
[2023-11-29T15:14:18.274+0530][gc,phases     ] GC(15)   Pre Evacuate Collection Set: 1.5ms
[2023-11-29T15:14:18.274+0530][gc,phases     ] GC(15)   Evacuate Collection Set: 4.6ms
[2023-11-29T15:14:18.274+0530][gc,phases     ] GC(15)   Post Evacuate Collection Set: 1.7ms
[2023-11-29T15:14:18.274+0530][gc,phases     ] GC(15)   Other: 6.3ms
[2023-11-29T15:14:18.274+0530][gc,heap       ] GC(15) Eden regions: 47->0(47)
[2023-11-29T15:14:18.274+0530][gc,heap       ] GC(15) Survivor regions: 4->4(7)
[2023-11-29T15:14:18.274+0530][gc,heap       ] GC(15) Old regions: 15->15
[2023-11-29T15:14:18.274+0530][gc,heap       ] GC(15) Humongous regions: 129->129
[2023-11-29T15:14:18.274+0530][gc,metaspace  ] GC(15) Metaspace: 42930K(45568K)->42930K(45568K) NonClass: 37563K(38912K)->37563K(38912K) Class: 5366K(6656K)->5366K(6656K)
[2023-11-29T15:14:18.274+0530][gc            ] GC(15) Pause Young (Normal) (G1 Evacuation Pause) 192M->145M(1024M) 12.531ms
[2023-11-29T15:14:18.274+0530][gc,cpu        ] GC(15) User=0.02s Sys=0.00s Real=0.02s
[2023-11-29T16:21:22.833+0530][gc,start      ] GC(16) Pause Young (Normal) (G1 Evacuation Pause)
[2023-11-29T16:21:23.872+0530][gc,task       ] GC(16) Using 10 workers of 10 for evacuation
[2023-11-29T16:21:36.005+0530][gc,mmu        ] GC(16) MMU target violated: 21.0ms (20.0ms/21.0ms)
[2023-11-29T16:21:36.642+0530][gc,phases     ] GC(16)   Pre Evacuate Collection Set: 1203.9ms
[2023-11-29T16:21:37.699+0530][gc,phases     ] GC(16)   Evacuate Collection Set: 2548.6ms
[2023-11-29T16:21:39.308+0530][gc,phases     ] GC(16)   Post Evacuate Collection Set: 3733.0ms
[2023-11-29T16:21:40.761+0530][gc,phases     ] GC(16)   Other: 6910.3ms
[2023-11-29T16:21:41.605+0530][gc,heap       ] GC(16) Eden regions: 47->0(47)
[2023-11-29T16:21:42.639+0530][gc,heap       ] GC(16) Survivor regions: 4->4(7)
[2023-11-29T16:21:43.377+0530][gc,heap       ] GC(16) Old regions: 15->15
[2023-11-29T16:21:44.702+0530][gc,heap       ] GC(16) Humongous regions: 129->129
[2023-11-29T16:21:45.579+0530][gc,metaspace  ] GC(16) Metaspace: 42933K(45568K)->42933K(45568K) NonClass: 37567K(38912K)->37567K(38912K) Class: 5366K(6656K)->5366K(6656K)
[2023-11-29T16:21:46.217+0530][gc            ] GC(16) Pause Young (Normal) (G1 Evacuation Pause) 192M->146M(1024M) 23143.753ms
[2023-11-29T16:21:47.255+0530][gc,cpu        ] GC(16) User=1.79s Sys=3.22s Real=24.00s
[2023-11-29T17:37:41.758+0530][gc,start      ] GC(17) Pause Young (Normal) (G1 Evacuation Pause)
[2023-11-29T17:37:42.766+0530][gc,task       ] GC(17) Using 10 workers of 10 for evacuation
[2023-11-29T17:37:48.104+0530][gc,mmu        ] GC(17) MMU target violated: 21.0ms (20.0ms/21.0ms)
[2023-11-29T17:37:49.241+0530][gc,phases     ] GC(17)   Pre Evacuate Collection Set: 107.3ms
[2023-11-29T17:37:49.937+0530][gc,phases     ] GC(17)   Evacuate Collection Set: 1513.7ms
[2023-11-29T17:37:50.265+0530][gc,phases     ] GC(17)   Post Evacuate Collection Set: 759.0ms
[2023-11-29T17:37:53.706+0530][gc,phases     ] GC(17)   Other: 6368.1ms
[2023-11-29T17:37:54.581+0530][gc,heap       ] GC(17) Eden regions: 47->0(47)
[2023-11-29T17:37:55.215+0530][gc,heap       ] GC(17) Survivor regions: 4->4(7)
[2023-11-29T17:37:55.608+0530][gc,heap       ] GC(17) Old regions: 15->15
[2023-11-29T17:37:56.173+0530][gc,heap       ] GC(17) Humongous regions: 129->129
[2023-11-29T17:37:56.975+0530][gc,metaspace  ] GC(17) Metaspace: 42955K(45568K)->42955K(45568K) NonClass: 37588K(38912K)->37588K(38912K) Class: 5366K(6656K)->5366K(6656K)
[2023-11-29T17:37:58.308+0530][gc            ] GC(17) Pause Young (Normal) (G1 Evacuation Pause) 193M->145M(1024M) 16627.462ms
[2023-11-29T17:37:58.875+0530][gc,cpu        ] GC(17) User=0.54s Sys=3.91s Real=17.65s
[2023-11-29T18:53:59.455+0530][gc,start      ] GC(18) Pause Young (Normal) (G1 Evacuation Pause)
[2023-11-29T18:54:04.743+0530][gc,task       ] GC(18) Using 10 workers of 10 for evacuation
[2023-11-29T18:54:31.794+0530][gc,mmu        ] GC(18) MMU target violated: 21.0ms (20.0ms/21.0ms)
[2023-11-29T18:54:37.324+0530][gc,phases     ] GC(18)   Pre Evacuate Collection Set: 866.2ms
[2023-11-29T18:54:39.852+0530][gc,phases     ] GC(18)   Evacuate Collection Set: 2082.7ms
[2023-11-29T18:54:41.784+0530][gc,phases     ] GC(18)   Post Evacuate Collection Set: 15505.2ms
[2023-11-29T18:54:46.984+0530][gc,phases     ] GC(18)   Other: 25231.8ms
[2023-11-29T18:54:47.408+0530][gc,heap       ] GC(18) Eden regions: 47->0(47)
[2023-11-29T18:54:48.403+0530][gc,heap       ] GC(18) Survivor regions: 4->4(7)
[2023-11-29T18:54:50.035+0530][gc,heap       ] GC(18) Old regions: 15->15
[2023-11-29T18:54:54.440+0530][gc,heap       ] GC(18) Humongous regions: 129->129
[2023-11-29T18:54:54.719+0530][gc,metaspace  ] GC(18) Metaspace: 42957K(45568K)->42957K(45568K) NonClass: 37590K(38912K)->37590K(38912K) Class: 5366K(6656K)->5366K(6656K)
[2023-11-29T18:54:57.357+0530][gc            ] GC(18) Pause Young (Normal) (G1 Evacuation Pause) 192M->145M(1024M) 60500.818ms
[2023-11-29T18:54:57.843+0530][gc,cpu        ] GC(18) User=0.57s Sys=6.02s Real=63.38s
[2023-11-29T20:07:23.917+0530][gc,start      ] GC(19) Pause Young (Normal) (G1 Evacuation Pause)
[2023-11-29T20:07:26.299+0530][gc,task       ] GC(19) Using 10 workers of 10 for evacuation
[2023-11-29T20:07:42.778+0530][gc,mmu        ] GC(19) MMU target violated: 21.0ms (20.0ms/21.0ms)
[2023-11-29T20:07:45.557+0530][gc,phases     ] GC(19)   Pre Evacuate Collection Set: 284.6ms
[2023-11-29T20:07:46.287+0530][gc,phases     ] GC(19)   Evacuate Collection Set: 4052.8ms
[2023-11-29T20:07:47.057+0530][gc,phases     ] GC(19)   Post Evacuate Collection Set: 8304.9ms
[2023-11-29T20:07:47.518+0530][gc,phases     ] GC(19)   Other: 9834.6ms
[2023-11-29T20:07:47.546+0530][gc,heap       ] GC(19) Eden regions: 47->0(47)
[2023-11-29T20:07:47.552+0530][gc,heap       ] GC(19) Survivor regions: 4->4(7)
[2023-11-29T20:07:47.552+0530][gc,heap       ] GC(19) Old regions: 15->15
[2023-11-29T20:07:47.552+0530][gc,heap       ] GC(19) Humongous regions: 129->129
[2023-11-29T20:07:47.569+0530][gc,metaspace  ] GC(19) Metaspace: 42966K(45568K)->42966K(45568K) NonClass: 37599K(38912K)->37599K(38912K) Class: 5366K(6656K)->5366K(6656K)
[2023-11-29T20:07:48.625+0530][gc            ] GC(19) Pause Young (Normal) (G1 Evacuation Pause) 192M->145M(1024M) 24544.270ms
[2023-11-29T20:07:49.230+0530][gc,cpu        ] GC(19) User=2.57s Sys=3.24s Real=25.43s
[2023-11-29T21:19:33.926+0530][gc,start      ] GC(20) Pause Young (Normal) (G1 Evacuation Pause)
[2023-11-29T21:19:39.973+0530][gc,task       ] GC(20) Using 10 workers of 10 for evacuation
[2023-11-29T21:20:14.337+0530][gc,mmu        ] GC(20) MMU target violated: 21.0ms (20.0ms/21.0ms)
[2023-11-29T21:20:26.143+0530][gc,phases     ] GC(20)   Pre Evacuate Collection Set: 89.9ms
[2023-11-29T21:20:31.719+0530][gc,phases     ] GC(20)   Evacuate Collection Set: 4317.1ms
[2023-11-29T21:20:34.448+0530][gc,phases     ] GC(20)   Post Evacuate Collection Set: 21136.7ms
[2023-11-29T21:20:50.830+0530][gc,phases     ] GC(20)   Other: 27704.0ms
[2023-11-29T21:20:57.315+0530][gc,heap       ] GC(20) Eden regions: 47->0(47)
[2023-11-29T21:21:00.380+0530][gc,heap       ] GC(20) Survivor regions: 4->4(7)
[2023-11-29T21:21:03.524+0530][gc,heap       ] GC(20) Old regions: 15->15
[2023-11-29T21:21:06.463+0530][gc,heap       ] GC(20) Humongous regions: 129->129
[2023-11-29T21:21:10.970+0530][gc,metaspace  ] GC(20) Metaspace: 42969K(45568K)->42969K(45568K) NonClass: 37602K(38912K)->37602K(38912K) Class: 5366K(6656K)->5366K(6656K)
[2023-11-29T21:21:21.613+0530][gc            ] GC(20) Pause Young (Normal) (G1 Evacuation Pause) 192M->145M(1024M) 107964.740ms
[2023-11-29T21:21:22.317+0530][gc,cpu        ] GC(20) User=2.31s Sys=10.45s Real=109.59s
