[2023-12-01T20:48:01.518+0530][gc,heap] Heap region size: 1M
[2023-12-01T20:48:01.527+0530][gc     ] Using G1
[2023-12-01T20:48:01.527+0530][gc,heap,coops] Heap address: 0x00000000c0000000, size: 1024 MB, Compressed Oops mode: 32-bit
[2023-12-01T20:48:01.527+0530][gc,cds       ] Mark closed archive regions in map: [0x00000000fff00000, 0x00000000fff6bff8]
[2023-12-01T20:48:01.527+0530][gc,cds       ] Mark open archive regions in map: [0x00000000ffe00000, 0x00000000ffe47ff8]
[2023-12-01T20:48:02.125+0530][gc,start     ] GC(0) Pause Young (Normal) (G1 Evacuation Pause)
[2023-12-01T20:48:02.126+0530][gc,task      ] GC(0) Using 10 workers of 10 for evacuation
[2023-12-01T20:48:02.132+0530][gc,phases    ] GC(0)   Pre Evacuate Collection Set: 0.0ms
[2023-12-01T20:48:02.132+0530][gc,phases    ] GC(0)   Evacuate Collection Set: 5.5ms
[2023-12-01T20:48:02.132+0530][gc,phases    ] GC(0)   Post Evacuate Collection Set: 1.0ms
[2023-12-01T20:48:02.133+0530][gc,phases    ] GC(0)   Other: 0.8ms
[2023-12-01T20:48:02.133+0530][gc,heap      ] GC(0) Eden regions: 51->0(44)
[2023-12-01T20:48:02.133+0530][gc,heap      ] GC(0) Survivor regions: 0->7(7)
[2023-12-01T20:48:02.133+0530][gc,heap      ] GC(0) Old regions: 2->2
[2023-12-01T20:48:02.133+0530][gc,heap      ] GC(0) Humongous regions: 0->0
[2023-12-01T20:48:02.133+0530][gc,metaspace ] GC(0) Metaspace: 14165K(14848K)->14165K(14848K) NonClass: 12424K(12800K)->12424K(12800K) Class: 1741K(2048K)->1741K(2048K)
[2023-12-01T20:48:02.133+0530][gc           ] GC(0) Pause Young (Normal) (G1 Evacuation Pause) 51M->7M(1024M) 7.521ms
[2023-12-01T20:48:02.133+0530][gc,cpu       ] GC(0) User=0.05s Sys=0.00s Real=0.00s
[2023-12-01T20:48:02.552+0530][gc,start     ] GC(1) Pause Young (Concurrent Start) (Metadata GC Threshold)
[2023-12-01T20:48:02.552+0530][gc,task      ] GC(1) Using 10 workers of 10 for evacuation
[2023-12-01T20:48:02.559+0530][gc,phases    ] GC(1)   Pre Evacuate Collection Set: 0.1ms
[2023-12-01T20:48:02.559+0530][gc,phases    ] GC(1)   Evacuate Collection Set: 6.4ms
[2023-12-01T20:48:02.559+0530][gc,phases    ] GC(1)   Post Evacuate Collection Set: 0.3ms
[2023-12-01T20:48:02.559+0530][gc,phases    ] GC(1)   Other: 0.2ms
[2023-12-01T20:48:02.559+0530][gc,heap      ] GC(1) Eden regions: 30->0(49)
[2023-12-01T20:48:02.559+0530][gc,heap      ] GC(1) Survivor regions: 7->2(7)
[2023-12-01T20:48:02.559+0530][gc,heap      ] GC(1) Old regions: 2->9
[2023-12-01T20:48:02.559+0530][gc,heap      ] GC(1) Humongous regions: 0->0
[2023-12-01T20:48:02.559+0530][gc,metaspace ] GC(1) Metaspace: 20535K(21248K)->20535K(21248K) NonClass: 18039K(18432K)->18039K(18432K) Class: 2496K(2816K)->2496K(2816K)
[2023-12-01T20:48:02.559+0530][gc           ] GC(1) Pause Young (Concurrent Start) (Metadata GC Threshold) 36M->8M(1024M) 7.039ms
[2023-12-01T20:48:02.559+0530][gc,cpu       ] GC(1) User=0.02s Sys=0.01s Real=0.01s
[2023-12-01T20:48:02.559+0530][gc           ] GC(2) Concurrent Cycle
[2023-12-01T20:48:02.559+0530][gc,marking   ] GC(2) Concurrent Clear Claimed Marks
[2023-12-01T20:48:02.560+0530][gc,marking   ] GC(2) Concurrent Clear Claimed Marks 0.015ms
[2023-12-01T20:48:02.560+0530][gc,marking   ] GC(2) Concurrent Scan Root Regions
[2023-12-01T20:48:02.560+0530][gc,marking   ] GC(2) Concurrent Scan Root Regions 0.708ms
[2023-12-01T20:48:02.560+0530][gc,marking   ] GC(2) Concurrent Mark (1.046s)
[2023-12-01T20:48:02.560+0530][gc,marking   ] GC(2) Concurrent Mark From Roots
[2023-12-01T20:48:02.560+0530][gc,task      ] GC(2) Using 3 workers of 3 for marking
[2023-12-01T20:48:02.563+0530][gc,marking   ] GC(2) Concurrent Mark From Roots 2.938ms
[2023-12-01T20:48:02.563+0530][gc,marking   ] GC(2) Concurrent Preclean
[2023-12-01T20:48:02.563+0530][gc,marking   ] GC(2) Concurrent Preclean 0.053ms
[2023-12-01T20:48:02.563+0530][gc,marking   ] GC(2) Concurrent Mark (1.046s, 1.049s) 3.015ms
[2023-12-01T20:48:02.563+0530][gc,start     ] GC(2) Pause Remark
[2023-12-01T20:48:02.566+0530][gc,stringtable] GC(2) Cleaned string and symbol table, strings: 5730 processed, 0 removed, symbols: 53765 processed, 44 removed
[2023-12-01T20:48:02.567+0530][gc            ] GC(2) Pause Remark 9M->9M(1024M) 3.497ms
[2023-12-01T20:48:02.567+0530][gc,cpu        ] GC(2) User=0.02s Sys=0.00s Real=0.00s
[2023-12-01T20:48:02.567+0530][gc,marking    ] GC(2) Concurrent Rebuild Remembered Sets
[2023-12-01T20:48:02.570+0530][gc,marking    ] GC(2) Concurrent Rebuild Remembered Sets 2.986ms
[2023-12-01T20:48:02.570+0530][gc,start      ] GC(2) Pause Cleanup
[2023-12-01T20:48:02.570+0530][gc            ] GC(2) Pause Cleanup 9M->9M(1024M) 0.258ms
[2023-12-01T20:48:02.570+0530][gc,cpu        ] GC(2) User=0.00s Sys=0.00s Real=0.00s
[2023-12-01T20:48:02.570+0530][gc,marking    ] GC(2) Concurrent Cleanup for Next Mark
[2023-12-01T20:48:02.573+0530][gc,marking    ] GC(2) Concurrent Cleanup for Next Mark 2.966ms
[2023-12-01T20:48:02.574+0530][gc            ] GC(2) Concurrent Cycle 14.079ms
[2023-12-01T20:48:02.995+0530][gc,start      ] GC(3) Pause Young (Normal) (G1 Evacuation Pause)
[2023-12-01T20:48:02.995+0530][gc,task       ] GC(3) Using 10 workers of 10 for evacuation
[2023-12-01T20:48:03.000+0530][gc,phases     ] GC(3)   Pre Evacuate Collection Set: 0.0ms
[2023-12-01T20:48:03.000+0530][gc,phases     ] GC(3)   Evacuate Collection Set: 3.2ms
[2023-12-01T20:48:03.000+0530][gc,phases     ] GC(3)   Post Evacuate Collection Set: 1.7ms
[2023-12-01T20:48:03.000+0530][gc,phases     ] GC(3)   Other: 0.2ms
[2023-12-01T20:48:03.000+0530][gc,heap       ] GC(3) Eden regions: 49->0(45)
[2023-12-01T20:48:03.000+0530][gc,heap       ] GC(3) Survivor regions: 2->6(7)
[2023-12-01T20:48:03.000+0530][gc,heap       ] GC(3) Old regions: 9->9
[2023-12-01T20:48:03.000+0530][gc,heap       ] GC(3) Humongous regions: 129->129
[2023-12-01T20:48:03.000+0530][gc,metaspace  ] GC(3) Metaspace: 28584K(29696K)->28584K(29696K) NonClass: 25264K(25856K)->25264K(25856K) Class: 3320K(3840K)->3320K(3840K)
[2023-12-01T20:48:03.000+0530][gc            ] GC(3) Pause Young (Normal) (G1 Evacuation Pause) 186M->141M(1024M) 5.170ms
[2023-12-01T20:48:03.000+0530][gc,cpu        ] GC(3) User=0.03s Sys=0.00s Real=0.00s
[2023-12-01T20:48:03.266+0530][gc,start      ] GC(4) Pause Young (Concurrent Start) (Metadata GC Threshold)
[2023-12-01T20:48:03.266+0530][gc,task       ] GC(4) Using 10 workers of 10 for evacuation
[2023-12-01T20:48:03.276+0530][gc,phases     ] GC(4)   Pre Evacuate Collection Set: 0.4ms
[2023-12-01T20:48:03.276+0530][gc,phases     ] GC(4)   Evacuate Collection Set: 9.0ms
[2023-12-01T20:48:03.276+0530][gc,phases     ] GC(4)   Post Evacuate Collection Set: 0.4ms
[2023-12-01T20:48:03.276+0530][gc,phases     ] GC(4)   Other: 0.6ms
[2023-12-01T20:48:03.276+0530][gc,heap       ] GC(4) Eden regions: 30->0(48)
[2023-12-01T20:48:03.277+0530][gc,heap       ] GC(4) Survivor regions: 6->3(7)
[2023-12-01T20:48:03.277+0530][gc,heap       ] GC(4) Old regions: 9->14
[2023-12-01T20:48:03.277+0530][gc,heap       ] GC(4) Humongous regions: 129->129
[2023-12-01T20:48:03.277+0530][gc,metaspace  ] GC(4) Metaspace: 34487K(35840K)->34487K(35840K) NonClass: 30433K(31104K)->30433K(31104K) Class: 4053K(4736K)->4053K(4736K)
[2023-12-01T20:48:03.277+0530][gc            ] GC(4) Pause Young (Concurrent Start) (Metadata GC Threshold) 171M->143M(1024M) 10.379ms
[2023-12-01T20:48:03.277+0530][gc,cpu        ] GC(4) User=0.05s Sys=0.00s Real=0.01s
[2023-12-01T20:48:03.277+0530][gc            ] GC(5) Concurrent Cycle
[2023-12-01T20:48:03.277+0530][gc,marking    ] GC(5) Concurrent Clear Claimed Marks
[2023-12-01T20:48:03.277+0530][gc,marking    ] GC(5) Concurrent Clear Claimed Marks 0.096ms
[2023-12-01T20:48:03.277+0530][gc,marking    ] GC(5) Concurrent Scan Root Regions
[2023-12-01T20:48:03.278+0530][gc,marking    ] GC(5) Concurrent Scan Root Regions 1.144ms
[2023-12-01T20:48:03.278+0530][gc,marking    ] GC(5) Concurrent Mark (1.764s)
[2023-12-01T20:48:03.278+0530][gc,marking    ] GC(5) Concurrent Mark From Roots
[2023-12-01T20:48:03.278+0530][gc,task       ] GC(5) Using 3 workers of 3 for marking
[2023-12-01T20:48:03.285+0530][gc,marking    ] GC(5) Concurrent Mark From Roots 7.410ms
[2023-12-01T20:48:03.285+0530][gc,marking    ] GC(5) Concurrent Preclean
[2023-12-01T20:48:03.286+0530][gc,marking    ] GC(5) Concurrent Preclean 0.243ms
[2023-12-01T20:48:03.286+0530][gc,marking    ] GC(5) Concurrent Mark (1.764s, 1.772s) 7.733ms
[2023-12-01T20:48:03.286+0530][gc,start      ] GC(5) Pause Remark
[2023-12-01T20:48:03.291+0530][gc,stringtable] GC(5) Cleaned string and symbol table, strings: 11466 processed, 14 removed, symbols: 86013 processed, 16 removed
[2023-12-01T20:48:03.292+0530][gc            ] GC(5) Pause Remark 144M->144M(1024M) 5.730ms
[2023-12-01T20:48:03.292+0530][gc,cpu        ] GC(5) User=0.04s Sys=0.00s Real=0.00s
[2023-12-01T20:48:03.292+0530][gc,marking    ] GC(5) Concurrent Rebuild Remembered Sets
[2023-12-01T20:48:03.298+0530][gc,marking    ] GC(5) Concurrent Rebuild Remembered Sets 6.652ms
[2023-12-01T20:48:03.298+0530][gc,start      ] GC(5) Pause Cleanup
[2023-12-01T20:48:03.299+0530][gc            ] GC(5) Pause Cleanup 144M->144M(1024M) 0.298ms
[2023-12-01T20:48:03.299+0530][gc,cpu        ] GC(5) User=0.00s Sys=0.00s Real=0.00s
[2023-12-01T20:48:03.299+0530][gc,marking    ] GC(5) Concurrent Cleanup for Next Mark
[2023-12-01T20:48:03.303+0530][gc,marking    ] GC(5) Concurrent Cleanup for Next Mark 4.126ms
[2023-12-01T20:48:03.303+0530][gc            ] GC(5) Concurrent Cycle 26.506ms
