[2023-12-06T02:21:48.212+0530][gc,heap] Heap region size: 1M
[2023-12-06T02:21:48.215+0530][gc     ] Using G1
[2023-12-06T02:21:48.215+0530][gc,heap,coops] Heap address: 0x00000000e0000000, size: 512 MB, Compressed Oops mode: 32-bit
[2023-12-06T02:21:48.215+0530][gc,cds       ] Mark closed archive regions in map: [0x00000000fff00000, 0x00000000fff6bff8]
[2023-12-06T02:21:48.215+0530][gc,cds       ] Mark open archive regions in map: [0x00000000ffe00000, 0x00000000ffe47ff8]
[2023-12-06T02:21:48.645+0530][gc,start     ] GC(0) Pause Young (Normal) (G1 Evacuation Pause)
[2023-12-06T02:21:48.646+0530][gc,task      ] GC(0) Using 10 workers of 10 for evacuation
[2023-12-06T02:21:48.652+0530][gc,phases    ] GC(0)   Pre Evacuate Collection Set: 0.0ms
[2023-12-06T02:21:48.652+0530][gc,phases    ] GC(0)   Evacuate Collection Set: 5.5ms
[2023-12-06T02:21:48.652+0530][gc,phases    ] GC(0)   Post Evacuate Collection Set: 0.3ms
[2023-12-06T02:21:48.652+0530][gc,phases    ] GC(0)   Other: 0.9ms
[2023-12-06T02:21:48.652+0530][gc,heap      ] GC(0) Eden regions: 25->0(21)
[2023-12-06T02:21:48.652+0530][gc,heap      ] GC(0) Survivor regions: 0->4(4)
[2023-12-06T02:21:48.652+0530][gc,heap      ] GC(0) Old regions: 2->5
[2023-12-06T02:21:48.652+0530][gc,heap      ] GC(0) Humongous regions: 0->0
[2023-12-06T02:21:48.652+0530][gc,metaspace ] GC(0) Metaspace: 7339K(7936K)->7339K(7936K) NonClass: 6516K(6912K)->6516K(6912K) Class: 823K(1024K)->823K(1024K)
[2023-12-06T02:21:48.652+0530][gc           ] GC(0) Pause Young (Normal) (G1 Evacuation Pause) 25M->7M(512M) 6.825ms
[2023-12-06T02:21:48.652+0530][gc,cpu       ] GC(0) User=0.05s Sys=0.01s Real=0.00s
[2023-12-06T04:41:48.815+0530][gc,start     ] GC(1) Pause Young (Normal) (G1 Evacuation Pause)
[2023-12-06T04:41:48.815+0530][gc,task      ] GC(1) Using 10 workers of 10 for evacuation
[2023-12-06T04:41:48.818+0530][gc,phases    ] GC(1)   Pre Evacuate Collection Set: 0.0ms
[2023-12-06T04:41:48.818+0530][gc,phases    ] GC(1)   Evacuate Collection Set: 3.0ms
[2023-12-06T04:41:48.818+0530][gc,phases    ] GC(1)   Post Evacuate Collection Set: 0.2ms
[2023-12-06T04:41:48.818+0530][gc,phases    ] GC(1)   Other: 0.1ms
[2023-12-06T04:41:48.818+0530][gc,heap      ] GC(1) Eden regions: 21->0(24)
[2023-12-06T04:41:48.818+0530][gc,heap      ] GC(1) Survivor regions: 4->1(4)
[2023-12-06T04:41:48.818+0530][gc,heap      ] GC(1) Old regions: 5->9
[2023-12-06T04:41:48.818+0530][gc,heap      ] GC(1) Humongous regions: 0->0
[2023-12-06T04:41:48.818+0530][gc,metaspace ] GC(1) Metaspace: 9345K(10240K)->9345K(10240K) NonClass: 8362K(8960K)->8362K(8960K) Class: 983K(1280K)->983K(1280K)
[2023-12-06T04:41:48.818+0530][gc           ] GC(1) Pause Young (Normal) (G1 Evacuation Pause) 28M->8M(512M) 3.382ms
[2023-12-06T04:41:48.818+0530][gc,cpu       ] GC(1) User=0.03s Sys=0.00s Real=0.01s
[2023-12-06T04:47:54.832+0530][gc,heap,exit ] Heap
[2023-12-06T04:47:54.832+0530][gc,heap,exit ]  garbage-first heap   total 524288K, used 11621K [0x00000000e0000000, 0x0000000100000000)
[2023-12-06T04:47:54.832+0530][gc,heap,exit ]   region size 1024K, 5 young (5120K), 1 survivors (1024K)
[2023-12-06T04:47:54.832+0530][gc,heap,exit ]  Metaspace       used 9379K, capacity 9756K, committed 10240K, reserved 1058816K
[2023-12-06T04:47:54.832+0530][gc,heap,exit ]   class space    used 983K, capacity 1153K, committed 1280K, reserved 1048576K
