[2023-12-01T22:26:09.125+0530][gc,heap] Heap region size: 1M
[2023-12-01T22:26:09.128+0530][gc     ] Using G1
[2023-12-01T22:26:09.128+0530][gc,heap,coops] Heap address: 0x00000000e0000000, size: 512 MB, Compressed Oops mode: 32-bit
[2023-12-01T22:26:09.128+0530][gc,cds       ] Mark closed archive regions in map: [0x00000000fff00000, 0x00000000fff6bff8]
[2023-12-01T22:26:09.128+0530][gc,cds       ] Mark open archive regions in map: [0x00000000ffe00000, 0x00000000ffe47ff8]
[2023-12-01T22:26:09.627+0530][gc,start     ] GC(0) Pause Young (Normal) (G1 Evacuation Pause)
[2023-12-01T22:26:09.628+0530][gc,task      ] GC(0) Using 10 workers of 10 for evacuation
[2023-12-01T22:26:09.635+0530][gc,phases    ] GC(0)   Pre Evacuate Collection Set: 0.0ms
[2023-12-01T22:26:09.635+0530][gc,phases    ] GC(0)   Evacuate Collection Set: 6.1ms
[2023-12-01T22:26:09.635+0530][gc,phases    ] GC(0)   Post Evacuate Collection Set: 0.4ms
[2023-12-01T22:26:09.635+0530][gc,phases    ] GC(0)   Other: 0.7ms
[2023-12-01T22:26:09.635+0530][gc,heap      ] GC(0) Eden regions: 25->0(21)
[2023-12-01T22:26:09.635+0530][gc,heap      ] GC(0) Survivor regions: 0->4(4)
[2023-12-01T22:26:09.635+0530][gc,heap      ] GC(0) Old regions: 2->5
[2023-12-01T22:26:09.635+0530][gc,heap      ] GC(0) Humongous regions: 0->0
[2023-12-01T22:26:09.635+0530][gc,metaspace ] GC(0) Metaspace: 7306K(7936K)->7306K(7936K) NonClass: 6483K(6912K)->6483K(6912K) Class: 823K(1024K)->823K(1024K)
[2023-12-01T22:26:09.635+0530][gc           ] GC(0) Pause Young (Normal) (G1 Evacuation Pause) 25M->7M(512M) 7.267ms
[2023-12-01T22:26:09.635+0530][gc,cpu       ] GC(0) User=0.06s Sys=0.00s Real=0.01s
[2023-12-02T01:29:55.366+0530][gc,start     ] GC(1) Pause Young (Normal) (G1 Evacuation Pause)
[2023-12-02T01:29:55.366+0530][gc,task      ] GC(1) Using 10 workers of 10 for evacuation
[2023-12-02T01:29:55.373+0530][gc,phases    ] GC(1)   Pre Evacuate Collection Set: 0.0ms
[2023-12-02T01:29:55.373+0530][gc,phases    ] GC(1)   Evacuate Collection Set: 6.9ms
[2023-12-02T01:29:55.373+0530][gc,phases    ] GC(1)   Post Evacuate Collection Set: 0.4ms
[2023-12-02T01:29:55.373+0530][gc,phases    ] GC(1)   Other: 0.3ms
[2023-12-02T01:29:55.373+0530][gc,heap      ] GC(1) Eden regions: 21->0(24)
[2023-12-02T01:29:55.373+0530][gc,heap      ] GC(1) Survivor regions: 4->1(4)
[2023-12-02T01:29:55.373+0530][gc,heap      ] GC(1) Old regions: 5->9
[2023-12-02T01:29:55.373+0530][gc,heap      ] GC(1) Humongous regions: 0->0
[2023-12-02T01:29:55.373+0530][gc,metaspace ] GC(1) Metaspace: 9285K(9984K)->9285K(9984K) NonClass: 8300K(8704K)->8300K(8704K) Class: 984K(1280K)->984K(1280K)
[2023-12-02T01:29:55.373+0530][gc           ] GC(1) Pause Young (Normal) (G1 Evacuation Pause) 28M->8M(512M) 7.653ms
[2023-12-02T01:29:55.373+0530][gc,cpu       ] GC(1) User=0.06s Sys=0.00s Real=0.01s
[2023-12-02T08:57:42.890+0530][gc,start     ] GC(2) Pause Young (Normal) (G1 Evacuation Pause)
[2023-12-02T08:57:42.890+0530][gc,task      ] GC(2) Using 10 workers of 10 for evacuation
[2023-12-02T08:57:42.894+0530][gc,phases    ] GC(2)   Pre Evacuate Collection Set: 0.0ms
[2023-12-02T08:57:42.894+0530][gc,phases    ] GC(2)   Evacuate Collection Set: 2.9ms
[2023-12-02T08:57:42.894+0530][gc,phases    ] GC(2)   Post Evacuate Collection Set: 0.7ms
[2023-12-02T08:57:42.894+0530][gc,phases    ] GC(2)   Other: 0.3ms
[2023-12-02T08:57:42.894+0530][gc,heap      ] GC(2) Eden regions: 24->0(24)
[2023-12-02T08:57:42.894+0530][gc,heap      ] GC(2) Survivor regions: 1->1(4)
[2023-12-02T08:57:42.894+0530][gc,heap      ] GC(2) Old regions: 9->9
[2023-12-02T08:57:42.894+0530][gc,heap      ] GC(2) Humongous regions: 0->0
[2023-12-02T08:57:42.894+0530][gc,metaspace ] GC(2) Metaspace: 9296K(9984K)->9296K(9984K) NonClass: 8312K(8704K)->8312K(8704K) Class: 984K(1280K)->984K(1280K)
[2023-12-02T08:57:42.894+0530][gc           ] GC(2) Pause Young (Normal) (G1 Evacuation Pause) 32M->8M(512M) 4.271ms
[2023-12-02T08:57:42.894+0530][gc,cpu       ] GC(2) User=0.03s Sys=0.00s Real=0.01s
[2023-12-02T09:31:22.460+0530][gc,heap,exit ] Heap
[2023-12-02T09:31:22.460+0530][gc,heap,exit ]  garbage-first heap   total 524288K, used 11400K [0x00000000e0000000, 0x0000000100000000)
[2023-12-02T09:31:22.460+0530][gc,heap,exit ]   region size 1024K, 5 young (5120K), 1 survivors (1024K)
[2023-12-02T09:31:22.460+0530][gc,heap,exit ]  Metaspace       used 9313K, capacity 9691K, committed 9984K, reserved 1058816K
[2023-12-02T09:31:22.460+0530][gc,heap,exit ]   class space    used 985K, capacity 1153K, committed 1280K, reserved 1048576K
