[2023-11-30T22:31:19.216+0530][gc,heap] Heap region size: 1M
[2023-11-30T22:31:19.219+0530][gc     ] Using G1
[2023-11-30T22:31:19.219+0530][gc,heap,coops] Heap address: 0x00000000e0000000, size: 512 MB, Compressed Oops mode: 32-bit
[2023-11-30T22:31:19.219+0530][gc,cds       ] Mark closed archive regions in map: [0x00000000fff00000, 0x00000000fff6bff8]
[2023-11-30T22:31:19.219+0530][gc,cds       ] Mark open archive regions in map: [0x00000000ffe00000, 0x00000000ffe47ff8]
[2023-11-30T22:31:19.691+0530][gc,start     ] GC(0) Pause Young (Normal) (G1 Evacuation Pause)
[2023-11-30T22:31:19.691+0530][gc,task      ] GC(0) Using 10 workers of 10 for evacuation
[2023-11-30T22:31:19.697+0530][gc,phases    ] GC(0)   Pre Evacuate Collection Set: 0.0ms
[2023-11-30T22:31:19.697+0530][gc,phases    ] GC(0)   Evacuate Collection Set: 5.2ms
[2023-11-30T22:31:19.697+0530][gc,phases    ] GC(0)   Post Evacuate Collection Set: 0.3ms
[2023-11-30T22:31:19.697+0530][gc,phases    ] GC(0)   Other: 0.4ms
[2023-11-30T22:31:19.697+0530][gc,heap      ] GC(0) Eden regions: 25->0(21)
[2023-11-30T22:31:19.697+0530][gc,heap      ] GC(0) Survivor regions: 0->4(4)
[2023-11-30T22:31:19.697+0530][gc,heap      ] GC(0) Old regions: 2->5
[2023-11-30T22:31:19.697+0530][gc,heap      ] GC(0) Humongous regions: 0->0
[2023-11-30T22:31:19.697+0530][gc,metaspace ] GC(0) Metaspace: 7314K(7680K)->7314K(7680K) NonClass: 6491K(6656K)->6491K(6656K) Class: 823K(1024K)->823K(1024K)
[2023-11-30T22:31:19.697+0530][gc           ] GC(0) Pause Young (Normal) (G1 Evacuation Pause) 25M->7M(512M) 5.923ms
[2023-11-30T22:31:19.697+0530][gc,cpu       ] GC(0) User=0.05s Sys=0.00s Real=0.01s
[2023-12-01T01:09:54.190+0530][gc,start     ] GC(1) Pause Young (Normal) (G1 Evacuation Pause)
[2023-12-01T01:09:54.190+0530][gc,task      ] GC(1) Using 10 workers of 10 for evacuation
[2023-12-01T01:09:54.204+0530][gc,phases    ] GC(1)   Pre Evacuate Collection Set: 0.0ms
[2023-12-01T01:09:54.204+0530][gc,phases    ] GC(1)   Evacuate Collection Set: 12.7ms
[2023-12-01T01:09:54.204+0530][gc,phases    ] GC(1)   Post Evacuate Collection Set: 0.4ms
[2023-12-01T01:09:54.204+0530][gc,phases    ] GC(1)   Other: 0.3ms
[2023-12-01T01:09:54.204+0530][gc,heap      ] GC(1) Eden regions: 21->0(24)
[2023-12-01T01:09:54.204+0530][gc,heap      ] GC(1) Survivor regions: 4->1(4)
[2023-12-01T01:09:54.204+0530][gc,heap      ] GC(1) Old regions: 5->10
[2023-12-01T01:09:54.204+0530][gc,heap      ] GC(1) Humongous regions: 0->0
[2023-12-01T01:09:54.204+0530][gc,metaspace ] GC(1) Metaspace: 9307K(9984K)->9307K(9984K) NonClass: 8323K(8704K)->8323K(8704K) Class: 984K(1280K)->984K(1280K)
[2023-12-01T01:09:54.204+0530][gc           ] GC(1) Pause Young (Normal) (G1 Evacuation Pause) 28M->8M(512M) 13.569ms
[2023-12-01T01:09:54.204+0530][gc,cpu       ] GC(1) User=0.07s Sys=0.00s Real=0.02s
[2023-12-01T01:09:54.205+0530][gc,heap,exit ] Heap
[2023-12-01T01:09:54.205+0530][gc,heap,exit ]  garbage-first heap   total 524288K, used 8689K [0x00000000e0000000, 0x0000000100000000)
[2023-12-01T01:09:54.205+0530][gc,heap,exit ]   region size 1024K, 2 young (2048K), 1 survivors (1024K)
[2023-12-01T01:09:54.205+0530][gc,heap,exit ]  Metaspace       used 9309K, capacity 9740K, committed 9984K, reserved 1058816K
[2023-12-01T01:09:54.205+0530][gc,heap,exit ]   class space    used 984K, capacity 1153K, committed 1280K, reserved 1048576K
