[2023-12-02T22:32:50.591+0530][gc,heap] Heap region size: 1M
[2023-12-02T22:32:50.594+0530][gc     ] Using G1
[2023-12-02T22:32:50.594+0530][gc,heap,coops] Heap address: 0x00000000e0000000, size: 512 MB, Compressed Oops mode: 32-bit
[2023-12-02T22:32:50.594+0530][gc,cds       ] Mark closed archive regions in map: [0x00000000fff00000, 0x00000000fff6bff8]
[2023-12-02T22:32:50.594+0530][gc,cds       ] Mark open archive regions in map: [0x00000000ffe00000, 0x00000000ffe47ff8]
[2023-12-02T22:32:51.065+0530][gc,start     ] GC(0) Pause Young (Normal) (G1 Evacuation Pause)
[2023-12-02T22:32:51.066+0530][gc,task      ] GC(0) Using 10 workers of 10 for evacuation
[2023-12-02T22:32:51.074+0530][gc,phases    ] GC(0)   Pre Evacuate Collection Set: 0.1ms
[2023-12-02T22:32:51.074+0530][gc,phases    ] GC(0)   Evacuate Collection Set: 7.2ms
[2023-12-02T22:32:51.074+0530][gc,phases    ] GC(0)   Post Evacuate Collection Set: 0.5ms
[2023-12-02T22:32:51.074+0530][gc,phases    ] GC(0)   Other: 1.2ms
[2023-12-02T22:32:51.074+0530][gc,heap      ] GC(0) Eden regions: 25->0(21)
[2023-12-02T22:32:51.074+0530][gc,heap      ] GC(0) Survivor regions: 0->4(4)
[2023-12-02T22:32:51.074+0530][gc,heap      ] GC(0) Old regions: 2->5
[2023-12-02T22:32:51.074+0530][gc,heap      ] GC(0) Humongous regions: 0->0
[2023-12-02T22:32:51.074+0530][gc,metaspace ] GC(0) Metaspace: 7304K(7936K)->7304K(7936K) NonClass: 6481K(6912K)->6481K(6912K) Class: 823K(1024K)->823K(1024K)
[2023-12-02T22:32:51.074+0530][gc           ] GC(0) Pause Young (Normal) (G1 Evacuation Pause) 25M->7M(512M) 8.961ms
[2023-12-02T22:32:51.074+0530][gc,cpu       ] GC(0) User=0.05s Sys=0.00s Real=0.01s
[2023-12-03T01:39:51.572+0530][gc,start     ] GC(1) Pause Young (Normal) (G1 Evacuation Pause)
[2023-12-03T01:39:51.572+0530][gc,task      ] GC(1) Using 10 workers of 10 for evacuation
[2023-12-03T01:39:51.579+0530][gc,phases    ] GC(1)   Pre Evacuate Collection Set: 0.0ms
[2023-12-03T01:39:51.579+0530][gc,phases    ] GC(1)   Evacuate Collection Set: 6.0ms
[2023-12-03T01:39:51.579+0530][gc,phases    ] GC(1)   Post Evacuate Collection Set: 0.2ms
[2023-12-03T01:39:51.579+0530][gc,phases    ] GC(1)   Other: 0.3ms
[2023-12-03T01:39:51.579+0530][gc,heap      ] GC(1) Eden regions: 21->0(24)
[2023-12-03T01:39:51.579+0530][gc,heap      ] GC(1) Survivor regions: 4->1(4)
[2023-12-03T01:39:51.579+0530][gc,heap      ] GC(1) Old regions: 5->9
[2023-12-03T01:39:51.579+0530][gc,heap      ] GC(1) Humongous regions: 0->0
[2023-12-03T01:39:51.579+0530][gc,metaspace ] GC(1) Metaspace: 9270K(9984K)->9270K(9984K) NonClass: 8285K(8704K)->8285K(8704K) Class: 984K(1280K)->984K(1280K)
[2023-12-03T01:39:51.579+0530][gc           ] GC(1) Pause Young (Normal) (G1 Evacuation Pause) 28M->8M(512M) 6.626ms
[2023-12-03T01:39:51.579+0530][gc,cpu       ] GC(1) User=0.06s Sys=0.00s Real=0.00s
[2023-12-03T09:03:32.950+0530][gc,start     ] GC(2) Pause Young (Normal) (G1 Evacuation Pause)
[2023-12-03T09:03:32.951+0530][gc,task      ] GC(2) Using 10 workers of 10 for evacuation
[2023-12-03T09:03:32.953+0530][gc,phases    ] GC(2)   Pre Evacuate Collection Set: 0.0ms
[2023-12-03T09:03:32.953+0530][gc,phases    ] GC(2)   Evacuate Collection Set: 1.9ms
[2023-12-03T09:03:32.953+0530][gc,phases    ] GC(2)   Post Evacuate Collection Set: 0.7ms
[2023-12-03T09:03:32.953+0530][gc,phases    ] GC(2)   Other: 0.3ms
[2023-12-03T09:03:32.953+0530][gc,heap      ] GC(2) Eden regions: 24->0(24)
[2023-12-03T09:03:32.953+0530][gc,heap      ] GC(2) Survivor regions: 1->1(4)
[2023-12-03T09:03:32.953+0530][gc,heap      ] GC(2) Old regions: 9->9
[2023-12-03T09:03:32.953+0530][gc,heap      ] GC(2) Humongous regions: 0->0
[2023-12-03T09:03:32.953+0530][gc,metaspace ] GC(2) Metaspace: 9282K(9984K)->9282K(9984K) NonClass: 8297K(8704K)->8297K(8704K) Class: 984K(1280K)->984K(1280K)
[2023-12-03T09:03:32.953+0530][gc           ] GC(2) Pause Young (Normal) (G1 Evacuation Pause) 32M->8M(512M) 2.928ms
[2023-12-03T09:03:32.953+0530][gc,cpu       ] GC(2) User=0.02s Sys=0.00s Real=0.00s
[2023-12-03T16:43:33.435+0530][gc,start     ] GC(3) Pause Young (Normal) (G1 Evacuation Pause)
[2023-12-03T16:43:33.437+0530][gc,task      ] GC(3) Using 10 workers of 10 for evacuation
[2023-12-03T16:43:33.440+0530][gc,phases    ] GC(3)   Pre Evacuate Collection Set: 0.0ms
[2023-12-03T16:43:33.440+0530][gc,phases    ] GC(3)   Evacuate Collection Set: 2.1ms
[2023-12-03T16:43:33.440+0530][gc,phases    ] GC(3)   Post Evacuate Collection Set: 0.6ms
[2023-12-03T16:43:33.440+0530][gc,phases    ] GC(3)   Other: 2.0ms
[2023-12-03T16:43:33.440+0530][gc,heap      ] GC(3) Eden regions: 24->0(24)
[2023-12-03T16:43:33.440+0530][gc,heap      ] GC(3) Survivor regions: 1->1(4)
[2023-12-03T16:43:33.440+0530][gc,heap      ] GC(3) Old regions: 9->9
[2023-12-03T16:43:33.440+0530][gc,heap      ] GC(3) Humongous regions: 0->0
[2023-12-03T16:43:33.440+0530][gc,metaspace ] GC(3) Metaspace: 9282K(9984K)->9282K(9984K) NonClass: 8297K(8704K)->8297K(8704K) Class: 984K(1280K)->984K(1280K)
[2023-12-03T16:43:33.440+0530][gc           ] GC(3) Pause Young (Normal) (G1 Evacuation Pause) 32M->8M(512M) 5.049ms
[2023-12-03T16:43:33.440+0530][gc,cpu       ] GC(3) User=0.02s Sys=0.01s Real=0.01s
[2023-12-04T00:27:10.272+0530][gc,start     ] GC(4) Pause Young (Normal) (G1 Evacuation Pause)
[2023-12-04T00:27:10.272+0530][gc,task      ] GC(4) Using 10 workers of 10 for evacuation
[2023-12-04T00:27:10.273+0530][gc,phases    ] GC(4)   Pre Evacuate Collection Set: 0.0ms
[2023-12-04T00:27:10.273+0530][gc,phases    ] GC(4)   Evacuate Collection Set: 1.0ms
[2023-12-04T00:27:10.273+0530][gc,phases    ] GC(4)   Post Evacuate Collection Set: 0.4ms
[2023-12-04T00:27:10.273+0530][gc,phases    ] GC(4)   Other: 0.1ms
[2023-12-04T00:27:10.273+0530][gc,heap      ] GC(4) Eden regions: 24->0(24)
[2023-12-04T00:27:10.273+0530][gc,heap      ] GC(4) Survivor regions: 1->1(4)
[2023-12-04T00:27:10.273+0530][gc,heap      ] GC(4) Old regions: 9->9
[2023-12-04T00:27:10.273+0530][gc,heap      ] GC(4) Humongous regions: 0->0
[2023-12-04T00:27:10.273+0530][gc,metaspace ] GC(4) Metaspace: 9289K(9984K)->9289K(9984K) NonClass: 8304K(8704K)->8304K(8704K) Class: 984K(1280K)->984K(1280K)
[2023-12-04T00:27:10.273+0530][gc           ] GC(4) Pause Young (Normal) (G1 Evacuation Pause) 32M->8M(512M) 1.670ms
[2023-12-04T00:27:10.273+0530][gc,cpu       ] GC(4) User=0.00s Sys=0.01s Real=0.00s
[2023-12-04T08:14:59.212+0530][gc,start     ] GC(5) Pause Young (Normal) (G1 Evacuation Pause)
[2023-12-04T08:14:59.212+0530][gc,task      ] GC(5) Using 10 workers of 10 for evacuation
[2023-12-04T08:14:59.215+0530][gc,phases    ] GC(5)   Pre Evacuate Collection Set: 0.0ms
[2023-12-04T08:14:59.215+0530][gc,phases    ] GC(5)   Evacuate Collection Set: 1.9ms
[2023-12-04T08:14:59.215+0530][gc,phases    ] GC(5)   Post Evacuate Collection Set: 0.7ms
[2023-12-04T08:14:59.215+0530][gc,phases    ] GC(5)   Other: 0.3ms
[2023-12-04T08:14:59.215+0530][gc,heap      ] GC(5) Eden regions: 24->0(26)
[2023-12-04T08:14:59.215+0530][gc,heap      ] GC(5) Survivor regions: 1->1(4)
[2023-12-04T08:14:59.215+0530][gc,heap      ] GC(5) Old regions: 9->9
[2023-12-04T08:14:59.215+0530][gc,heap      ] GC(5) Humongous regions: 0->0
[2023-12-04T08:14:59.215+0530][gc,metaspace ] GC(5) Metaspace: 9289K(9984K)->9289K(9984K) NonClass: 8304K(8704K)->8304K(8704K) Class: 984K(1280K)->984K(1280K)
[2023-12-04T08:14:59.215+0530][gc           ] GC(5) Pause Young (Normal) (G1 Evacuation Pause) 32M->8M(512M) 3.335ms
[2023-12-04T08:14:59.215+0530][gc,cpu       ] GC(5) User=0.02s Sys=0.00s Real=0.00s
[2023-12-04T10:41:43.983+0530][gc,heap,exit ] Heap
[2023-12-04T10:41:43.983+0530][gc,heap,exit ]  garbage-first heap   total 524288K, used 16590K [0x00000000e0000000, 0x0000000100000000)
[2023-12-04T10:41:43.983+0530][gc,heap,exit ]   region size 1024K, 10 young (10240K), 1 survivors (1024K)
[2023-12-04T10:41:43.983+0530][gc,heap,exit ]  Metaspace       used 9305K, capacity 9691K, committed 9984K, reserved 1058816K
[2023-12-04T10:41:43.983+0530][gc,heap,exit ]   class space    used 985K, capacity 1153K, committed 1280K, reserved 1048576K
