[2023-12-06T20:48:29.796+0530][gc,heap] Heap region size: 1M
[2023-12-06T20:48:29.798+0530][gc     ] Using G1
[2023-12-06T20:48:29.798+0530][gc,heap,coops] Heap address: 0x00000000e0000000, size: 512 MB, Compressed Oops mode: 32-bit
[2023-12-06T20:48:29.799+0530][gc,cds       ] Mark closed archive regions in map: [0x00000000fff00000, 0x00000000fff6bff8]
[2023-12-06T20:48:29.799+0530][gc,cds       ] Mark open archive regions in map: [0x00000000ffe00000, 0x00000000ffe47ff8]
[2023-12-06T20:48:30.370+0530][gc,start     ] GC(0) Pause Young (Normal) (G1 Evacuation Pause)
[2023-12-06T20:48:30.372+0530][gc,task      ] GC(0) Using 10 workers of 10 for evacuation
[2023-12-06T20:48:30.380+0530][gc,phases    ] GC(0)   Pre Evacuate Collection Set: 0.0ms
[2023-12-06T20:48:30.380+0530][gc,phases    ] GC(0)   Evacuate Collection Set: 6.6ms
[2023-12-06T20:48:30.380+0530][gc,phases    ] GC(0)   Post Evacuate Collection Set: 1.6ms
[2023-12-06T20:48:30.380+0530][gc,phases    ] GC(0)   Other: 1.9ms
[2023-12-06T20:48:30.380+0530][gc,heap      ] GC(0) Eden regions: 25->0(21)
[2023-12-06T20:48:30.380+0530][gc,heap      ] GC(0) Survivor regions: 0->4(4)
[2023-12-06T20:48:30.380+0530][gc,heap      ] GC(0) Old regions: 2->5
[2023-12-06T20:48:30.380+0530][gc,heap      ] GC(0) Humongous regions: 0->0
[2023-12-06T20:48:30.380+0530][gc,metaspace ] GC(0) Metaspace: 7363K(7936K)->7363K(7936K) NonClass: 6537K(6912K)->6537K(6912K) Class: 826K(1024K)->826K(1024K)
[2023-12-06T20:48:30.380+0530][gc           ] GC(0) Pause Young (Normal) (G1 Evacuation Pause) 25M->7M(512M) 10.241ms
[2023-12-06T20:48:30.380+0530][gc,cpu       ] GC(0) User=0.06s Sys=0.00s Real=0.01s
[2023-12-07T10:25:15.130+0530][gc,heap,exit ] Heap
[2023-12-07T10:25:15.130+0530][gc,heap,exit ]  garbage-first heap   total 524288K, used 13876K [0x00000000e0000000, 0x0000000100000000)
[2023-12-07T10:25:15.130+0530][gc,heap,exit ]   region size 1024K, 11 young (11264K), 4 survivors (4096K)
[2023-12-07T10:25:15.130+0530][gc,heap,exit ]  Metaspace       used 8134K, capacity 8499K, committed 8832K, reserved 1056768K
[2023-12-07T10:25:15.130+0530][gc,heap,exit ]   class space    used 905K, capacity 1054K, committed 1152K, reserved 1048576K
