[2023-11-27T22:23:39.738+0530][gc,heap] Heap region size: 1M
[2023-11-27T22:23:39.744+0530][gc     ] Using G1
[2023-11-27T22:23:39.744+0530][gc,heap,coops] Heap address: 0x00000000c0000000, size: 1024 MB, Compressed Oops mode: 32-bit
[2023-11-27T22:23:39.744+0530][gc,cds       ] Mark closed archive regions in map: [0x00000000fff00000, 0x00000000fff6bff8]
[2023-11-27T22:23:39.744+0530][gc,cds       ] Mark open archive regions in map: [0x00000000ffe00000, 0x00000000ffe47ff8]
[2023-11-27T22:23:40.274+0530][gc,start     ] GC(0) Pause Young (Normal) (G1 Evacuation Pause)
[2023-11-27T22:23:40.275+0530][gc,task      ] GC(0) Using 10 workers of 10 for evacuation
[2023-11-27T22:23:40.281+0530][gc,phases    ] GC(0)   Pre Evacuate Collection Set: 0.0ms
[2023-11-27T22:23:40.281+0530][gc,phases    ] GC(0)   Evacuate Collection Set: 5.0ms
[2023-11-27T22:23:40.281+0530][gc,phases    ] GC(0)   Post Evacuate Collection Set: 0.3ms
[2023-11-27T22:23:40.281+0530][gc,phases    ] GC(0)   Other: 0.9ms
[2023-11-27T22:23:40.281+0530][gc,heap      ] GC(0) Eden regions: 51->0(44)
[2023-11-27T22:23:40.281+0530][gc,heap      ] GC(0) Survivor regions: 0->7(7)
[2023-11-27T22:23:40.281+0530][gc,heap      ] GC(0) Old regions: 2->2
[2023-11-27T22:23:40.281+0530][gc,heap      ] GC(0) Humongous regions: 0->0
[2023-11-27T22:23:40.281+0530][gc,metaspace ] GC(0) Metaspace: 14188K(15104K)->14188K(15104K) NonClass: 12446K(13056K)->12446K(13056K) Class: 1742K(2048K)->1742K(2048K)
[2023-11-27T22:23:40.281+0530][gc           ] GC(0) Pause Young (Normal) (G1 Evacuation Pause) 51M->7M(1024M) 6.323ms
[2023-11-27T22:23:40.281+0530][gc,cpu       ] GC(0) User=0.05s Sys=0.00s Real=0.00s
[2023-11-27T22:23:40.604+0530][gc,start     ] GC(1) Pause Young (Concurrent Start) (Metadata GC Threshold)
[2023-11-27T22:23:40.604+0530][gc,task      ] GC(1) Using 10 workers of 10 for evacuation
[2023-11-27T22:23:40.609+0530][gc,phases    ] GC(1)   Pre Evacuate Collection Set: 0.0ms
[2023-11-27T22:23:40.609+0530][gc,phases    ] GC(1)   Evacuate Collection Set: 5.0ms
[2023-11-27T22:23:40.609+0530][gc,phases    ] GC(1)   Post Evacuate Collection Set: 0.5ms
[2023-11-27T22:23:40.609+0530][gc,phases    ] GC(1)   Other: 0.2ms
[2023-11-27T22:23:40.609+0530][gc,heap      ] GC(1) Eden regions: 29->0(49)
[2023-11-27T22:23:40.609+0530][gc,heap      ] GC(1) Survivor regions: 7->2(7)
[2023-11-27T22:23:40.609+0530][gc,heap      ] GC(1) Old regions: 2->9
[2023-11-27T22:23:40.609+0530][gc,heap      ] GC(1) Humongous regions: 0->0
[2023-11-27T22:23:40.609+0530][gc,metaspace ] GC(1) Metaspace: 20563K(21248K)->20563K(21248K) NonClass: 18074K(18432K)->18074K(18432K) Class: 2488K(2816K)->2488K(2816K)
[2023-11-27T22:23:40.609+0530][gc           ] GC(1) Pause Young (Concurrent Start) (Metadata GC Threshold) 36M->8M(1024M) 5.754ms
[2023-11-27T22:23:40.609+0530][gc,cpu       ] GC(1) User=0.02s Sys=0.01s Real=0.01s
[2023-11-27T22:23:40.609+0530][gc           ] GC(2) Concurrent Cycle
[2023-11-27T22:23:40.609+0530][gc,marking   ] GC(2) Concurrent Clear Claimed Marks
[2023-11-27T22:23:40.609+0530][gc,marking   ] GC(2) Concurrent Clear Claimed Marks 0.030ms
[2023-11-27T22:23:40.609+0530][gc,marking   ] GC(2) Concurrent Scan Root Regions
[2023-11-27T22:23:40.610+0530][gc,marking   ] GC(2) Concurrent Scan Root Regions 1.018ms
[2023-11-27T22:23:40.610+0530][gc,marking   ] GC(2) Concurrent Mark (0.875s)
[2023-11-27T22:23:40.610+0530][gc,marking   ] GC(2) Concurrent Mark From Roots
[2023-11-27T22:23:40.611+0530][gc,task      ] GC(2) Using 3 workers of 3 for marking
[2023-11-27T22:23:40.616+0530][gc,marking   ] GC(2) Concurrent Mark From Roots 5.403ms
[2023-11-27T22:23:40.616+0530][gc,marking   ] GC(2) Concurrent Preclean
[2023-11-27T22:23:40.616+0530][gc,marking   ] GC(2) Concurrent Preclean 0.124ms
[2023-11-27T22:23:40.616+0530][gc,marking   ] GC(2) Concurrent Mark (0.875s, 0.880s) 5.559ms
[2023-11-27T22:23:40.616+0530][gc,start     ] GC(2) Pause Remark
[2023-11-27T22:23:40.618+0530][gc,stringtable] GC(2) Cleaned string and symbol table, strings: 5180 processed, 0 removed, symbols: 53181 processed, 44 removed
[2023-11-27T22:23:40.618+0530][gc            ] GC(2) Pause Remark 9M->9M(1024M) 2.342ms
[2023-11-27T22:23:40.618+0530][gc,cpu        ] GC(2) User=0.02s Sys=0.00s Real=0.00s
[2023-11-27T22:23:40.619+0530][gc,marking    ] GC(2) Concurrent Rebuild Remembered Sets
[2023-11-27T22:23:40.620+0530][gc,marking    ] GC(2) Concurrent Rebuild Remembered Sets 1.636ms
[2023-11-27T22:23:40.620+0530][gc,start      ] GC(2) Pause Cleanup
[2023-11-27T22:23:40.620+0530][gc            ] GC(2) Pause Cleanup 9M->9M(1024M) 0.178ms
[2023-11-27T22:23:40.620+0530][gc,cpu        ] GC(2) User=0.00s Sys=0.00s Real=0.00s
[2023-11-27T22:23:40.620+0530][gc,marking    ] GC(2) Concurrent Cleanup for Next Mark
[2023-11-27T22:23:40.623+0530][gc,marking    ] GC(2) Concurrent Cleanup for Next Mark 2.151ms
[2023-11-27T22:23:40.623+0530][gc            ] GC(2) Concurrent Cycle 13.311ms
[2023-11-27T22:23:40.983+0530][gc,start      ] GC(3) Pause Young (Normal) (G1 Evacuation Pause)
[2023-11-27T22:23:40.983+0530][gc,task       ] GC(3) Using 10 workers of 10 for evacuation
[2023-11-27T22:23:40.987+0530][gc,phases     ] GC(3)   Pre Evacuate Collection Set: 0.0ms
[2023-11-27T22:23:40.987+0530][gc,phases     ] GC(3)   Evacuate Collection Set: 3.4ms
[2023-11-27T22:23:40.987+0530][gc,phases     ] GC(3)   Post Evacuate Collection Set: 0.4ms
[2023-11-27T22:23:40.987+0530][gc,phases     ] GC(3)   Other: 0.2ms
[2023-11-27T22:23:40.987+0530][gc,heap       ] GC(3) Eden regions: 49->0(45)
[2023-11-27T22:23:40.987+0530][gc,heap       ] GC(3) Survivor regions: 2->6(7)
[2023-11-27T22:23:40.987+0530][gc,heap       ] GC(3) Old regions: 9->9
[2023-11-27T22:23:40.987+0530][gc,heap       ] GC(3) Humongous regions: 129->129
[2023-11-27T22:23:40.987+0530][gc,metaspace  ] GC(3) Metaspace: 28517K(29696K)->28517K(29696K) NonClass: 25206K(25856K)->25206K(25856K) Class: 3311K(3840K)->3311K(3840K)
[2023-11-27T22:23:40.987+0530][gc            ] GC(3) Pause Young (Normal) (G1 Evacuation Pause) 186M->141M(1024M) 4.136ms
[2023-11-27T22:23:40.987+0530][gc,cpu        ] GC(3) User=0.04s Sys=0.00s Real=0.01s
[2023-11-27T22:23:41.227+0530][gc,start      ] GC(4) Pause Young (Concurrent Start) (Metadata GC Threshold)
[2023-11-27T22:23:41.227+0530][gc,task       ] GC(4) Using 10 workers of 10 for evacuation
[2023-11-27T22:23:41.236+0530][gc,phases     ] GC(4)   Pre Evacuate Collection Set: 0.3ms
[2023-11-27T22:23:41.236+0530][gc,phases     ] GC(4)   Evacuate Collection Set: 6.6ms
[2023-11-27T22:23:41.236+0530][gc,phases     ] GC(4)   Post Evacuate Collection Set: 0.8ms
[2023-11-27T22:23:41.236+0530][gc,phases     ] GC(4)   Other: 0.5ms
[2023-11-27T22:23:41.236+0530][gc,heap       ] GC(4) Eden regions: 30->0(48)
[2023-11-27T22:23:41.236+0530][gc,heap       ] GC(4) Survivor regions: 6->3(7)
[2023-11-27T22:23:41.236+0530][gc,heap       ] GC(4) Old regions: 9->14
[2023-11-27T22:23:41.236+0530][gc,heap       ] GC(4) Humongous regions: 129->129
[2023-11-27T22:23:41.236+0530][gc,metaspace  ] GC(4) Metaspace: 34410K(35840K)->34410K(35840K) NonClass: 30368K(31104K)->30368K(31104K) Class: 4042K(4736K)->4042K(4736K)
[2023-11-27T22:23:41.236+0530][gc            ] GC(4) Pause Young (Concurrent Start) (Metadata GC Threshold) 171M->143M(1024M) 8.346ms
[2023-11-27T22:23:41.236+0530][gc,cpu        ] GC(4) User=0.05s Sys=0.01s Real=0.01s
[2023-11-27T22:23:41.236+0530][gc            ] GC(5) Concurrent Cycle
[2023-11-27T22:23:41.236+0530][gc,marking    ] GC(5) Concurrent Clear Claimed Marks
[2023-11-27T22:23:41.236+0530][gc,marking    ] GC(5) Concurrent Clear Claimed Marks 0.135ms
[2023-11-27T22:23:41.236+0530][gc,marking    ] GC(5) Concurrent Scan Root Regions
[2023-11-27T22:23:41.237+0530][gc,marking    ] GC(5) Concurrent Scan Root Regions 1.111ms
[2023-11-27T22:23:41.237+0530][gc,marking    ] GC(5) Concurrent Mark (1.501s)
[2023-11-27T22:23:41.237+0530][gc,marking    ] GC(5) Concurrent Mark From Roots
[2023-11-27T22:23:41.237+0530][gc,task       ] GC(5) Using 3 workers of 3 for marking
[2023-11-27T22:23:41.247+0530][gc,marking    ] GC(5) Concurrent Mark From Roots 9.632ms
[2023-11-27T22:23:41.247+0530][gc,marking    ] GC(5) Concurrent Preclean
[2023-11-27T22:23:41.247+0530][gc,marking    ] GC(5) Concurrent Preclean 0.306ms
[2023-11-27T22:23:41.247+0530][gc,marking    ] GC(5) Concurrent Mark (1.501s, 1.511s) 10.039ms
[2023-11-27T22:23:41.247+0530][gc,start      ] GC(5) Pause Remark
[2023-11-27T22:23:41.253+0530][gc,stringtable] GC(5) Cleaned string and symbol table, strings: 10958 processed, 14 removed, symbols: 85337 processed, 16 removed
[2023-11-27T22:23:41.253+0530][gc            ] GC(5) Pause Remark 144M->144M(1024M) 6.160ms
[2023-11-27T22:23:41.253+0530][gc,cpu        ] GC(5) User=0.05s Sys=0.00s Real=0.01s
[2023-11-27T22:23:41.253+0530][gc,marking    ] GC(5) Concurrent Rebuild Remembered Sets
[2023-11-27T22:23:41.257+0530][gc,marking    ] GC(5) Concurrent Rebuild Remembered Sets 3.661ms
[2023-11-27T22:23:41.257+0530][gc,start      ] GC(5) Pause Cleanup
[2023-11-27T22:23:41.257+0530][gc            ] GC(5) Pause Cleanup 144M->144M(1024M) 0.242ms
[2023-11-27T22:23:41.257+0530][gc,cpu        ] GC(5) User=0.00s Sys=0.00s Real=0.00s
[2023-11-27T22:23:41.258+0530][gc,marking    ] GC(5) Concurrent Cleanup for Next Mark
[2023-11-27T22:23:41.261+0530][gc,marking    ] GC(5) Concurrent Cleanup for Next Mark 3.583ms
[2023-11-27T22:23:41.261+0530][gc            ] GC(5) Concurrent Cycle 25.582ms
[2023-11-27T22:28:00.735+0530][gc,start      ] GC(6) Pause Young (Normal) (G1 Evacuation Pause)
[2023-11-27T22:28:00.735+0530][gc,task       ] GC(6) Using 10 workers of 10 for evacuation
[2023-11-27T22:28:00.738+0530][gc,phases     ] GC(6)   Pre Evacuate Collection Set: 0.0ms
[2023-11-27T22:28:00.738+0530][gc,phases     ] GC(6)   Evacuate Collection Set: 2.1ms
[2023-11-27T22:28:00.738+0530][gc,phases     ] GC(6)   Post Evacuate Collection Set: 0.4ms
[2023-11-27T22:28:00.738+0530][gc,phases     ] GC(6)   Other: 0.2ms
[2023-11-27T22:28:00.738+0530][gc,heap       ] GC(6) Eden regions: 48->0(46)
[2023-11-27T22:28:00.738+0530][gc,heap       ] GC(6) Survivor regions: 3->5(7)
[2023-11-27T22:28:00.738+0530][gc,heap       ] GC(6) Old regions: 14->14
[2023-11-27T22:28:00.738+0530][gc,heap       ] GC(6) Humongous regions: 129->129
[2023-11-27T22:28:00.738+0530][gc,metaspace  ] GC(6) Metaspace: 40790K(43392K)->40790K(43392K) NonClass: 35477K(36864K)->35477K(36864K) Class: 5313K(6528K)->5313K(6528K)
[2023-11-27T22:28:00.738+0530][gc            ] GC(6) Pause Young (Normal) (G1 Evacuation Pause) 191M->145M(1024M) 2.785ms
[2023-11-27T22:28:00.738+0530][gc,cpu        ] GC(6) User=0.02s Sys=0.00s Real=0.00s
[2023-11-27T22:33:57.611+0530][gc,heap,exit  ] Heap
[2023-11-27T22:33:57.611+0530][gc,heap,exit  ]  garbage-first heap   total 1048576K, used 186728K [0x00000000c0000000, 0x0000000100000000)
[2023-11-27T22:33:57.611+0530][gc,heap,exit  ]   region size 1024K, 44 young (45056K), 5 survivors (5120K)
[2023-11-27T22:33:57.611+0530][gc,heap,exit  ]  Metaspace       used 44354K, capacity 47307K, committed 47616K, reserved 1089536K
[2023-11-27T22:33:57.611+0530][gc,heap,exit  ]   class space    used 5903K, capacity 7368K, committed 7424K, reserved 1048576K
