[2023-11-27T22:17:27.783+0530][gc,heap] Heap region size: 1M
[2023-11-27T22:17:27.789+0530][gc     ] Using G1
[2023-11-27T22:17:27.789+0530][gc,heap,coops] Heap address: 0x00000000c0000000, size: 1024 MB, Compressed Oops mode: 32-bit
[2023-11-27T22:17:27.789+0530][gc,cds       ] Mark closed archive regions in map: [0x00000000fff00000, 0x00000000fff6bff8]
[2023-11-27T22:17:27.789+0530][gc,cds       ] Mark open archive regions in map: [0x00000000ffe00000, 0x00000000ffe47ff8]
[2023-11-27T22:17:28.304+0530][gc,start     ] GC(0) Pause Young (Normal) (GCLocker Initiated GC)
[2023-11-27T22:17:28.305+0530][gc,task      ] GC(0) Using 10 workers of 10 for evacuation
[2023-11-27T22:17:28.312+0530][gc,phases    ] GC(0)   Pre Evacuate Collection Set: 0.0ms
[2023-11-27T22:17:28.312+0530][gc,phases    ] GC(0)   Evacuate Collection Set: 6.1ms
[2023-11-27T22:17:28.312+0530][gc,phases    ] GC(0)   Post Evacuate Collection Set: 0.8ms
[2023-11-27T22:17:28.312+0530][gc,phases    ] GC(0)   Other: 0.8ms
[2023-11-27T22:17:28.312+0530][gc,heap      ] GC(0) Eden regions: 51->0(44)
[2023-11-27T22:17:28.312+0530][gc,heap      ] GC(0) Survivor regions: 0->7(7)
[2023-11-27T22:17:28.312+0530][gc,heap      ] GC(0) Old regions: 2->2
[2023-11-27T22:17:28.312+0530][gc,heap      ] GC(0) Humongous regions: 0->0
[2023-11-27T22:17:28.312+0530][gc,metaspace ] GC(0) Metaspace: 14182K(14848K)->14182K(14848K) NonClass: 12440K(12800K)->12440K(12800K) Class: 1742K(2048K)->1742K(2048K)
[2023-11-27T22:17:28.312+0530][gc           ] GC(0) Pause Young (Normal) (GCLocker Initiated GC) 51M->7M(1024M) 7.800ms
[2023-11-27T22:17:28.312+0530][gc,cpu       ] GC(0) User=0.05s Sys=0.02s Real=0.01s
[2023-11-27T22:17:32.324+0530][gc,heap,exit ] Heap
[2023-11-27T22:17:32.324+0530][gc,heap,exit ]  garbage-first heap   total 1048576K, used 12542K [0x00000000c0000000, 0x0000000100000000)
[2023-11-27T22:17:32.324+0530][gc,heap,exit ]   region size 1024K, 13 young (13312K), 7 survivors (7168K)
[2023-11-27T22:17:32.324+0530][gc,heap,exit ]  Metaspace       used 14921K, capacity 15379K, committed 15616K, reserved 1062912K
[2023-11-27T22:17:32.324+0530][gc,heap,exit ]   class space    used 1826K, capacity 2017K, committed 2048K, reserved 1048576K
