[2023-11-27T22:21:47.595+0530][gc,heap] Heap region size: 1M
[2023-11-27T22:21:47.598+0530][gc     ] Using G1
[2023-11-27T22:21:47.598+0530][gc,heap,coops] Heap address: 0x00000000e0000000, size: 512 MB, Compressed Oops mode: 32-bit
[2023-11-27T22:21:47.599+0530][gc,cds       ] Mark closed archive regions in map: [0x00000000fff00000, 0x00000000fff6bff8]
[2023-11-27T22:21:47.599+0530][gc,cds       ] Mark open archive regions in map: [0x00000000ffe00000, 0x00000000ffe47ff8]
[2023-11-27T22:21:47.976+0530][gc,start     ] GC(0) Pause Young (Normal) (G1 Evacuation Pause)
[2023-11-27T22:21:47.976+0530][gc,task      ] GC(0) Using 10 workers of 10 for evacuation
[2023-11-27T22:21:47.984+0530][gc,phases    ] GC(0)   Pre Evacuate Collection Set: 0.0ms
[2023-11-27T22:21:47.984+0530][gc,phases    ] GC(0)   Evacuate Collection Set: 6.4ms
[2023-11-27T22:21:47.984+0530][gc,phases    ] GC(0)   Post Evacuate Collection Set: 1.1ms
[2023-11-27T22:21:47.984+0530][gc,phases    ] GC(0)   Other: 0.6ms
[2023-11-27T22:21:47.984+0530][gc,heap      ] GC(0) Eden regions: 25->0(21)
[2023-11-27T22:21:47.984+0530][gc,heap      ] GC(0) Survivor regions: 0->4(4)
[2023-11-27T22:21:47.984+0530][gc,heap      ] GC(0) Old regions: 2->5
[2023-11-27T22:21:47.984+0530][gc,heap      ] GC(0) Humongous regions: 0->0
[2023-11-27T22:21:47.984+0530][gc,metaspace ] GC(0) Metaspace: 7319K(7936K)->7319K(7936K) NonClass: 6499K(6912K)->6499K(6912K) Class: 819K(1024K)->819K(1024K)
[2023-11-27T22:21:47.984+0530][gc           ] GC(0) Pause Young (Normal) (G1 Evacuation Pause) 25M->7M(512M) 8.249ms
[2023-11-27T22:21:47.984+0530][gc,cpu       ] GC(0) User=0.06s Sys=0.01s Real=0.00s
[2023-11-27T22:33:55.200+0530][gc,heap,exit ] Heap
[2023-11-27T22:33:55.200+0530][gc,heap,exit ]  garbage-first heap   total 524288K, used 22951K [0x00000000e0000000, 0x0000000100000000)
[2023-11-27T22:33:55.201+0530][gc,heap,exit ]   region size 1024K, 20 young (20480K), 4 survivors (4096K)
[2023-11-27T22:33:55.201+0530][gc,heap,exit ]  Metaspace       used 9085K, capacity 9464K, committed 9600K, reserved 1058816K
[2023-11-27T22:33:55.201+0530][gc,heap,exit ]   class space    used 976K, capacity 1121K, committed 1152K, reserved 1048576K
